#-----------------------------------------------------------
# Vivado v2020.1 (64-bit)
# SW Build 2902540 on Wed May 27 19:54:49 MDT 2020
# IP Build 2902112 on Wed May 27 22:43:36 MDT 2020
# Start of session at: Sun Apr 20 22:45:13 2025
# Process ID: 15096
# Current directory: C:/Users/ddddd/OneDrive/Desktop/RISCV_Processor/RISCV-Processor/task1/project_1/project_1
# Command line: vivado.exe -gui_launcher_event rodinguilauncherevent18000 C:\Users\ddddd\OneDrive\Desktop\RISCV_Processor\RISCV-Processor\task1\project_1\project_1\project_1.xpr
# Log file: C:/Users/ddddd/OneDrive/Desktop/RISCV_Processor/RISCV-Processor/task1/project_1/project_1/vivado.log
# Journal file: C:/Users/ddddd/OneDrive/Desktop/RISCV_Processor/RISCV-Processor/task1/project_1/project_1\vivado.jou
#-----------------------------------------------------------
start_gui
open_project C:/Users/ddddd/OneDrive/Desktop/RISCV_Processor/RISCV-Processor/task1/project_1/project_1/project_1.xpr
INFO: [ProjectBase 1-489] The host OS only allows 260 characters in a normal path. The project is stored in a path with more than 80 characters. If you experience issues with IP, Block Designs, or files not being found, please consider moving the project to a location with a shorter path. Alternately consider using the OS subst command to map part of the path to a drive letter.
Current project path is 'C:/Users/ddddd/OneDrive/Desktop/RISCV_Processor/RISCV-Processor/task1/project_1/project_1'
Scanning sources...
Finished scanning sources
INFO: [IP_Flow 19-234] Refreshing IP repositories
INFO: [IP_Flow 19-1704] No user IP repositories specified
INFO: [IP_Flow 19-2313] Loaded Vivado IP repository 'C:/Xilinx/Vivado/2020.1/data/ip'.
open_project: Time (s): cpu = 00:00:17 ; elapsed = 00:00:06 . Memory (MB): peak = 1024.559 ; gain = 0.000
update_compile_order -fileset sources_1
launch_simulation
Command: launch_simulation 
INFO: [Vivado 12-5682] Launching behavioral simulation in 'C:/Users/ddddd/OneDrive/Desktop/RISCV_Processor/RISCV-Processor/task1/project_1/project_1/project_1.sim/sim_1/behav/xsim'
INFO: [SIM-utils-51] Simulation object is 'sim_1'
INFO: [SIM-utils-54] Inspecting design source files for 'task1_tb' in fileset 'sim_1'...
INFO: [USF-XSim-97] Finding global include files...
INFO: [USF-XSim-98] Fetching design files from 'sim_1'...
INFO: [USF-XSim-2] XSim::Compile design
INFO: [USF-XSim-61] Executing 'COMPILE and ANALYZE' step in 'C:/Users/ddddd/OneDrive/Desktop/RISCV_Processor/RISCV-Processor/task1/project_1/project_1/project_1.sim/sim_1/behav/xsim'
"xvlog --incr --relax -prj task1_tb_vlog.prj"
INFO: [VRFC 10-2263] Analyzing Verilog file "C:/Users/ddddd/OneDrive/Desktop/RISCV_Processor/RISCV-Processor/task1/project_1/project_1/project_1.srcs/sources_1/new/ALU_64_bit.v" into library xil_defaultlib
INFO: [VRFC 10-311] analyzing module ALU_64_bit
INFO: [VRFC 10-2263] Analyzing Verilog file "C:/Users/ddddd/OneDrive/Desktop/RISCV_Processor/RISCV-Processor/task1/project_1/project_1/project_1.srcs/sources_1/new/ALU_Control.v" into library xil_defaultlib
INFO: [VRFC 10-311] analyzing module ALU_Control
INFO: [VRFC 10-2263] Analyzing Verilog file "C:/Users/ddddd/OneDrive/Desktop/RISCV_Processor/RISCV-Processor/task1/project_1/project_1/project_1.srcs/sources_1/new/Control_Unit.v" into library xil_defaultlib
INFO: [VRFC 10-311] analyzing module Control_Unit
INFO: [VRFC 10-2263] Analyzing Verilog file "C:/Users/ddddd/OneDrive/Desktop/RISCV_Processor/RISCV-Processor/task1/project_1/project_1/project_1.srcs/sources_1/new/Data_Memory.v" into library xil_defaultlib
INFO: [VRFC 10-311] analyzing module Data_Memory
INFO: [VRFC 10-2263] Analyzing Verilog file "C:/Users/ddddd/OneDrive/Desktop/RISCV_Processor/RISCV-Processor/task1/project_1/project_1/project_1.srcs/sources_1/new/Instruction_Memory.v" into library xil_defaultlib
INFO: [VRFC 10-311] analyzing module Instruction_Memory
INFO: [VRFC 10-2263] Analyzing Verilog file "C:/Users/ddddd/OneDrive/Desktop/RISCV_Processor/RISCV-Processor/task1/project_1/project_1/project_1.srcs/sources_1/new/Program_Counter.v" into library xil_defaultlib
INFO: [VRFC 10-311] analyzing module Program_Counter
INFO: [VRFC 10-2263] Analyzing Verilog file "C:/Users/ddddd/OneDrive/Desktop/RISCV_Processor/RISCV-Processor/task1/project_1/project_1/project_1.srcs/sources_1/new/RegisterFile.v" into library xil_defaultlib
INFO: [VRFC 10-311] analyzing module registerFile
INFO: [VRFC 10-2263] Analyzing Verilog file "C:/Users/ddddd/OneDrive/Desktop/RISCV_Processor/RISCV-Processor/task1/project_1/project_1/project_1.srcs/sources_1/new/adder.v" into library xil_defaultlib
INFO: [VRFC 10-311] analyzing module adder
INFO: [VRFC 10-2263] Analyzing Verilog file "C:/Users/ddddd/OneDrive/Desktop/RISCV_Processor/RISCV-Processor/task1/project_1/project_1/project_1.srcs/sources_1/new/imm_data_gen.v" into library xil_defaultlib
INFO: [VRFC 10-311] analyzing module imm_dat_gen
INFO: [VRFC 10-2263] Analyzing Verilog file "C:/Users/ddddd/OneDrive/Desktop/RISCV_Processor/RISCV-Processor/task1/project_1/project_1/project_1.srcs/sources_1/new/inst_parser.v" into library xil_defaultlib
INFO: [VRFC 10-311] analyzing module inst_parser
INFO: [VRFC 10-2263] Analyzing Verilog file "C:/Users/ddddd/OneDrive/Desktop/RISCV_Processor/RISCV-Processor/task1/project_1/project_1/project_1.srcs/sources_1/new/mux_2x1.v" into library xil_defaultlib
INFO: [VRFC 10-311] analyzing module mux_2x1
INFO: [VRFC 10-2263] Analyzing Verilog file "C:/Users/ddddd/OneDrive/Desktop/RISCV_Processor/RISCV-Processor/task1/project_1/project_1/project_1.srcs/sources_1/new/task1.v" into library xil_defaultlib
INFO: [VRFC 10-311] analyzing module task1
INFO: [VRFC 10-2263] Analyzing Verilog file "C:/Users/ddddd/OneDrive/Desktop/RISCV_Processor/RISCV-Processor/task1/project_1/project_1/project_1.srcs/sources_1/new/top_control.v" into library xil_defaultlib
INFO: [VRFC 10-311] analyzing module top_control
INFO: [VRFC 10-2263] Analyzing Verilog file "C:/Users/ddddd/OneDrive/Desktop/RISCV_Processor/RISCV-Processor/task1/project_1/project_1/project_1.srcs/sim_1/new/task1_tb.v" into library xil_defaultlib
INFO: [VRFC 10-311] analyzing module task1_tb
INFO: [USF-XSim-69] 'compile' step finished in '2' seconds
INFO: [USF-XSim-3] XSim::Elaborate design
INFO: [USF-XSim-61] Executing 'ELABORATE' step in 'C:/Users/ddddd/OneDrive/Desktop/RISCV_Processor/RISCV-Processor/task1/project_1/project_1/project_1.sim/sim_1/behav/xsim'
"xelab -wto e3a17a71a2f045e1ba9ced6a1a8d75fe --incr --debug typical --relax --mt 2 -L xil_defaultlib -L unisims_ver -L unimacro_ver -L secureip --snapshot task1_tb_behav xil_defaultlib.task1_tb xil_defaultlib.glbl -log elaborate.log"
Vivado Simulator 2020.1
Copyright 1986-1999, 2001-2020 Xilinx, Inc. All Rights Reserved.
Running: C:/Xilinx/Vivado/2020.1/bin/unwrapped/win64.o/xelab.exe -wto e3a17a71a2f045e1ba9ced6a1a8d75fe --incr --debug typical --relax --mt 2 -L xil_defaultlib -L unisims_ver -L unimacro_ver -L secureip --snapshot task1_tb_behav xil_defaultlib.task1_tb xil_defaultlib.glbl -log elaborate.log 
Using 2 slave threads.
Starting static elaboration
Pass Through NonSizing Optimizer
WARNING: [VRFC 10-3091] actual bit length 1 differs from formal bit length 64 for port 'debug_write' [C:/Users/ddddd/OneDrive/Desktop/RISCV_Processor/RISCV-Processor/task1/project_1/project_1/project_1.srcs/sim_1/new/task1_tb.v:7]
WARNING: [VRFC 10-3091] actual bit length 4 differs from formal bit length 7 for port 'func7' [C:/Users/ddddd/OneDrive/Desktop/RISCV_Processor/RISCV-Processor/task1/project_1/project_1/project_1.srcs/sources_1/new/task1.v:54]
WARNING: [VRFC 10-3705] select index 6 into 'funct7' is out of bounds [C:/Users/ddddd/OneDrive/Desktop/RISCV_Processor/RISCV-Processor/task1/project_1/project_1/project_1.srcs/sources_1/new/task1.v:57]
Completed static elaboration
Starting simulation data flow analysis
WARNING: [VRFC 10-3283] element index 6 into 'funct7' is out of bounds [C:/Users/ddddd/OneDrive/Desktop/RISCV_Processor/RISCV-Processor/task1/project_1/project_1/project_1.srcs/sources_1/new/task1.v:57]
Completed simulation data flow analysis
Time Resolution for simulation is 1ps
Compiling module xil_defaultlib.Program_Counter
Compiling module xil_defaultlib.adder
Compiling module xil_defaultlib.Instruction_Memory
Compiling module xil_defaultlib.inst_parser
Compiling module xil_defaultlib.Control_Unit
Compiling module xil_defaultlib.ALU_Control
Compiling module xil_defaultlib.top_control
Compiling module xil_defaultlib.imm_dat_gen
Compiling module xil_defaultlib.registerFile
Compiling module xil_defaultlib.mux_2x1
Compiling module xil_defaultlib.ALU_64_bit
Compiling module xil_defaultlib.Data_Memory
Compiling module xil_defaultlib.task1
Compiling module xil_defaultlib.task1_tb
Compiling module xil_defaultlib.glbl
Built simulation snapshot task1_tb_behav

****** Webtalk v2020.1 (64-bit)
  **** SW Build 2902540 on Wed May 27 19:54:49 MDT 2020
  **** IP Build 2902112 on Wed May 27 22:43:36 MDT 2020
    ** Copyright 1986-2020 Xilinx, Inc. All Rights Reserved.

source C:/Users/ddddd/OneDrive/Desktop/RISCV_Processor/RISCV-Processor/task1/project_1/project_1/project_1.sim/sim_1/behav/xsim/xsim.dir/task1_tb_behav/webtalk/xsim_webtalk.tcl -notrace
INFO: [Common 17-206] Exiting Webtalk at Sun Apr 20 22:54:20 2025...
run_program: Time (s): cpu = 00:00:01 ; elapsed = 00:00:07 . Memory (MB): peak = 1024.559 ; gain = 0.000
INFO: [USF-XSim-69] 'elaborate' step finished in '7' seconds
INFO: [USF-XSim-4] XSim::Simulate design
INFO: [USF-XSim-61] Executing 'SIMULATE' step in 'C:/Users/ddddd/OneDrive/Desktop/RISCV_Processor/RISCV-Processor/task1/project_1/project_1/project_1.sim/sim_1/behav/xsim'
INFO: [USF-XSim-98] *** Running xsim
   with args "task1_tb_behav -key {Behavioral:sim_1:Functional:task1_tb} -tclbatch {task1_tb.tcl} -view {C:/Users/ddddd/OneDrive/Desktop/RISCV_Processor/RISCV-Processor/task1/project_1/project_1/task1_tb_behav.wcfg} -log {simulate.log}"
INFO: [USF-XSim-8] Loading simulator feature
Vivado Simulator 2020.1
Time resolution is 1 ps
open_wave_config C:/Users/ddddd/OneDrive/Desktop/RISCV_Processor/RISCV-Processor/task1/project_1/project_1/task1_tb_behav.wcfg
source task1_tb.tcl
# set curr_wave [current_wave_config]
# if { [string length $curr_wave] == 0 } {
#   if { [llength [get_objects]] > 0} {
#     add_wave /
#     set_property needs_save false [current_wave_config]
#   } else {
#      send_msg_id Add_Wave-1 WARNING "No top level signals found. Simulator will start without a wave window. If you want to open a wave window go to 'File->New Waveform Configuration' or type 'create_wave_config' in the TCL console."
#   }
# }
# run 100000ns
xsim: Time (s): cpu = 00:00:06 ; elapsed = 00:00:06 . Memory (MB): peak = 1024.559 ; gain = 0.000
INFO: [USF-XSim-96] XSim completed. Design snapshot 'task1_tb_behav' loaded.
INFO: [USF-XSim-97] XSim simulation ran for 100000ns
launch_simulation: Time (s): cpu = 00:00:09 ; elapsed = 00:00:16 . Memory (MB): peak = 1024.559 ; gain = 0.000
close_sim
INFO: [Simtcl 6-16] Simulation closed
launch_simulation
Command: launch_simulation 
INFO: [Vivado 12-5682] Launching behavioral simulation in 'C:/Users/ddddd/OneDrive/Desktop/RISCV_Processor/RISCV-Processor/task1/project_1/project_1/project_1.sim/sim_1/behav/xsim'
INFO: [SIM-utils-51] Simulation object is 'sim_1'
INFO: [SIM-utils-54] Inspecting design source files for 'task1_tb' in fileset 'sim_1'...
INFO: [USF-XSim-97] Finding global include files...
INFO: [USF-XSim-98] Fetching design files from 'sim_1'...
INFO: [USF-XSim-2] XSim::Compile design
INFO: [USF-XSim-61] Executing 'COMPILE and ANALYZE' step in 'C:/Users/ddddd/OneDrive/Desktop/RISCV_Processor/RISCV-Processor/task1/project_1/project_1/project_1.sim/sim_1/behav/xsim'
"xvlog --incr --relax -prj task1_tb_vlog.prj"
INFO: [VRFC 10-2263] Analyzing Verilog file "C:/Users/ddddd/OneDrive/Desktop/RISCV_Processor/RISCV-Processor/task1/project_1/project_1/project_1.srcs/sources_1/new/ALU_64_bit.v" into library xil_defaultlib
INFO: [VRFC 10-311] analyzing module ALU_64_bit
INFO: [VRFC 10-2263] Analyzing Verilog file "C:/Users/ddddd/OneDrive/Desktop/RISCV_Processor/RISCV-Processor/task1/project_1/project_1/project_1.srcs/sources_1/new/ALU_Control.v" into library xil_defaultlib
INFO: [VRFC 10-311] analyzing module ALU_Control
INFO: [VRFC 10-2263] Analyzing Verilog file "C:/Users/ddddd/OneDrive/Desktop/RISCV_Processor/RISCV-Processor/task1/project_1/project_1/project_1.srcs/sources_1/new/Control_Unit.v" into library xil_defaultlib
INFO: [VRFC 10-311] analyzing module Control_Unit
INFO: [VRFC 10-2263] Analyzing Verilog file "C:/Users/ddddd/OneDrive/Desktop/RISCV_Processor/RISCV-Processor/task1/project_1/project_1/project_1.srcs/sources_1/new/Data_Memory.v" into library xil_defaultlib
INFO: [VRFC 10-311] analyzing module Data_Memory
INFO: [VRFC 10-2263] Analyzing Verilog file "C:/Users/ddddd/OneDrive/Desktop/RISCV_Processor/RISCV-Processor/task1/project_1/project_1/project_1.srcs/sources_1/new/Instruction_Memory.v" into library xil_defaultlib
INFO: [VRFC 10-311] analyzing module Instruction_Memory
INFO: [VRFC 10-2263] Analyzing Verilog file "C:/Users/ddddd/OneDrive/Desktop/RISCV_Processor/RISCV-Processor/task1/project_1/project_1/project_1.srcs/sources_1/new/Program_Counter.v" into library xil_defaultlib
INFO: [VRFC 10-311] analyzing module Program_Counter
INFO: [VRFC 10-2263] Analyzing Verilog file "C:/Users/ddddd/OneDrive/Desktop/RISCV_Processor/RISCV-Processor/task1/project_1/project_1/project_1.srcs/sources_1/new/RegisterFile.v" into library xil_defaultlib
INFO: [VRFC 10-311] analyzing module registerFile
INFO: [VRFC 10-2263] Analyzing Verilog file "C:/Users/ddddd/OneDrive/Desktop/RISCV_Processor/RISCV-Processor/task1/project_1/project_1/project_1.srcs/sources_1/new/adder.v" into library xil_defaultlib
INFO: [VRFC 10-311] analyzing module adder
INFO: [VRFC 10-2263] Analyzing Verilog file "C:/Users/ddddd/OneDrive/Desktop/RISCV_Processor/RISCV-Processor/task1/project_1/project_1/project_1.srcs/sources_1/new/imm_data_gen.v" into library xil_defaultlib
INFO: [VRFC 10-311] analyzing module imm_dat_gen
INFO: [VRFC 10-2263] Analyzing Verilog file "C:/Users/ddddd/OneDrive/Desktop/RISCV_Processor/RISCV-Processor/task1/project_1/project_1/project_1.srcs/sources_1/new/inst_parser.v" into library xil_defaultlib
INFO: [VRFC 10-311] analyzing module inst_parser
INFO: [VRFC 10-2263] Analyzing Verilog file "C:/Users/ddddd/OneDrive/Desktop/RISCV_Processor/RISCV-Processor/task1/project_1/project_1/project_1.srcs/sources_1/new/mux_2x1.v" into library xil_defaultlib
INFO: [VRFC 10-311] analyzing module mux_2x1
INFO: [VRFC 10-2263] Analyzing Verilog file "C:/Users/ddddd/OneDrive/Desktop/RISCV_Processor/RISCV-Processor/task1/project_1/project_1/project_1.srcs/sources_1/new/task1.v" into library xil_defaultlib
INFO: [VRFC 10-311] analyzing module task1
INFO: [VRFC 10-2263] Analyzing Verilog file "C:/Users/ddddd/OneDrive/Desktop/RISCV_Processor/RISCV-Processor/task1/project_1/project_1/project_1.srcs/sources_1/new/top_control.v" into library xil_defaultlib
INFO: [VRFC 10-311] analyzing module top_control
INFO: [VRFC 10-2263] Analyzing Verilog file "C:/Users/ddddd/OneDrive/Desktop/RISCV_Processor/RISCV-Processor/task1/project_1/project_1/project_1.srcs/sim_1/new/task1_tb.v" into library xil_defaultlib
INFO: [VRFC 10-311] analyzing module task1_tb
INFO: [USF-XSim-69] 'compile' step finished in '2' seconds
INFO: [USF-XSim-3] XSim::Elaborate design
INFO: [USF-XSim-61] Executing 'ELABORATE' step in 'C:/Users/ddddd/OneDrive/Desktop/RISCV_Processor/RISCV-Processor/task1/project_1/project_1/project_1.sim/sim_1/behav/xsim'
"xelab -wto e3a17a71a2f045e1ba9ced6a1a8d75fe --incr --debug typical --relax --mt 2 -L xil_defaultlib -L unisims_ver -L unimacro_ver -L secureip --snapshot task1_tb_behav xil_defaultlib.task1_tb xil_defaultlib.glbl -log elaborate.log"
Vivado Simulator 2020.1
Copyright 1986-1999, 2001-2020 Xilinx, Inc. All Rights Reserved.
Running: C:/Xilinx/Vivado/2020.1/bin/unwrapped/win64.o/xelab.exe -wto e3a17a71a2f045e1ba9ced6a1a8d75fe --incr --debug typical --relax --mt 2 -L xil_defaultlib -L unisims_ver -L unimacro_ver -L secureip --snapshot task1_tb_behav xil_defaultlib.task1_tb xil_defaultlib.glbl -log elaborate.log 
Using 2 slave threads.
Starting static elaboration
Pass Through NonSizing Optimizer
WARNING: [VRFC 10-3091] actual bit length 1 differs from formal bit length 64 for port 'debug_write' [C:/Users/ddddd/OneDrive/Desktop/RISCV_Processor/RISCV-Processor/task1/project_1/project_1/project_1.srcs/sim_1/new/task1_tb.v:7]
WARNING: [VRFC 10-3091] actual bit length 4 differs from formal bit length 7 for port 'func7' [C:/Users/ddddd/OneDrive/Desktop/RISCV_Processor/RISCV-Processor/task1/project_1/project_1/project_1.srcs/sources_1/new/task1.v:30]
Completed static elaboration
Starting simulation data flow analysis
Completed simulation data flow analysis
Time Resolution for simulation is 1ps
Compiling module xil_defaultlib.Program_Counter
Compiling module xil_defaultlib.adder
Compiling module xil_defaultlib.Instruction_Memory
Compiling module xil_defaultlib.inst_parser
Compiling module xil_defaultlib.Control_Unit
Compiling module xil_defaultlib.ALU_Control
Compiling module xil_defaultlib.top_control
Compiling module xil_defaultlib.imm_dat_gen
Compiling module xil_defaultlib.registerFile
Compiling module xil_defaultlib.mux_2x1
Compiling module xil_defaultlib.ALU_64_bit
Compiling module xil_defaultlib.Data_Memory
Compiling module xil_defaultlib.task1
Compiling module xil_defaultlib.task1_tb
Compiling module xil_defaultlib.glbl
Built simulation snapshot task1_tb_behav
INFO: [USF-XSim-69] 'elaborate' step finished in '3' seconds
INFO: [USF-XSim-4] XSim::Simulate design
INFO: [USF-XSim-61] Executing 'SIMULATE' step in 'C:/Users/ddddd/OneDrive/Desktop/RISCV_Processor/RISCV-Processor/task1/project_1/project_1/project_1.sim/sim_1/behav/xsim'
INFO: [USF-XSim-98] *** Running xsim
   with args "task1_tb_behav -key {Behavioral:sim_1:Functional:task1_tb} -tclbatch {task1_tb.tcl} -view {C:/Users/ddddd/OneDrive/Desktop/RISCV_Processor/RISCV-Processor/task1/project_1/project_1/task1_tb_behav.wcfg} -log {simulate.log}"
INFO: [USF-XSim-8] Loading simulator feature
Vivado Simulator 2020.1
Time resolution is 1 ps
open_wave_config C:/Users/ddddd/OneDrive/Desktop/RISCV_Processor/RISCV-Processor/task1/project_1/project_1/task1_tb_behav.wcfg
source task1_tb.tcl
# set curr_wave [current_wave_config]
# if { [string length $curr_wave] == 0 } {
#   if { [llength [get_objects]] > 0} {
#     add_wave /
#     set_property needs_save false [current_wave_config]
#   } else {
#      send_msg_id Add_Wave-1 WARNING "No top level signals found. Simulator will start without a wave window. If you want to open a wave window go to 'File->New Waveform Configuration' or type 'create_wave_config' in the TCL console."
#   }
# }
# run 100000ns
xsim: Time (s): cpu = 00:00:06 ; elapsed = 00:00:06 . Memory (MB): peak = 1024.559 ; gain = 0.000
INFO: [USF-XSim-96] XSim completed. Design snapshot 'task1_tb_behav' loaded.
INFO: [USF-XSim-97] XSim simulation ran for 100000ns
launch_simulation: Time (s): cpu = 00:00:07 ; elapsed = 00:00:11 . Memory (MB): peak = 1024.559 ; gain = 0.000
close_sim
INFO: [Simtcl 6-16] Simulation closed
launch_simulation
Command: launch_simulation 
INFO: [Vivado 12-5682] Launching behavioral simulation in 'C:/Users/ddddd/OneDrive/Desktop/RISCV_Processor/RISCV-Processor/task1/project_1/project_1/project_1.sim/sim_1/behav/xsim'
INFO: [SIM-utils-51] Simulation object is 'sim_1'
INFO: [SIM-utils-54] Inspecting design source files for 'task1_tb' in fileset 'sim_1'...
INFO: [USF-XSim-97] Finding global include files...
INFO: [USF-XSim-98] Fetching design files from 'sim_1'...
INFO: [USF-XSim-2] XSim::Compile design
INFO: [USF-XSim-61] Executing 'COMPILE and ANALYZE' step in 'C:/Users/ddddd/OneDrive/Desktop/RISCV_Processor/RISCV-Processor/task1/project_1/project_1/project_1.sim/sim_1/behav/xsim'
"xvlog --incr --relax -prj task1_tb_vlog.prj"
INFO: [VRFC 10-2263] Analyzing Verilog file "C:/Users/ddddd/OneDrive/Desktop/RISCV_Processor/RISCV-Processor/task1/project_1/project_1/project_1.srcs/sources_1/new/ALU_64_bit.v" into library xil_defaultlib
INFO: [VRFC 10-311] analyzing module ALU_64_bit
INFO: [VRFC 10-2263] Analyzing Verilog file "C:/Users/ddddd/OneDrive/Desktop/RISCV_Processor/RISCV-Processor/task1/project_1/project_1/project_1.srcs/sources_1/new/ALU_Control.v" into library xil_defaultlib
INFO: [VRFC 10-311] analyzing module ALU_Control
INFO: [VRFC 10-2263] Analyzing Verilog file "C:/Users/ddddd/OneDrive/Desktop/RISCV_Processor/RISCV-Processor/task1/project_1/project_1/project_1.srcs/sources_1/new/Control_Unit.v" into library xil_defaultlib
INFO: [VRFC 10-311] analyzing module Control_Unit
INFO: [VRFC 10-2263] Analyzing Verilog file "C:/Users/ddddd/OneDrive/Desktop/RISCV_Processor/RISCV-Processor/task1/project_1/project_1/project_1.srcs/sources_1/new/Data_Memory.v" into library xil_defaultlib
INFO: [VRFC 10-311] analyzing module Data_Memory
INFO: [VRFC 10-2263] Analyzing Verilog file "C:/Users/ddddd/OneDrive/Desktop/RISCV_Processor/RISCV-Processor/task1/project_1/project_1/project_1.srcs/sources_1/new/Instruction_Memory.v" into library xil_defaultlib
INFO: [VRFC 10-311] analyzing module Instruction_Memory
INFO: [VRFC 10-2263] Analyzing Verilog file "C:/Users/ddddd/OneDrive/Desktop/RISCV_Processor/RISCV-Processor/task1/project_1/project_1/project_1.srcs/sources_1/new/Program_Counter.v" into library xil_defaultlib
INFO: [VRFC 10-311] analyzing module Program_Counter
INFO: [VRFC 10-2263] Analyzing Verilog file "C:/Users/ddddd/OneDrive/Desktop/RISCV_Processor/RISCV-Processor/task1/project_1/project_1/project_1.srcs/sources_1/new/RegisterFile.v" into library xil_defaultlib
INFO: [VRFC 10-311] analyzing module registerFile
INFO: [VRFC 10-2263] Analyzing Verilog file "C:/Users/ddddd/OneDrive/Desktop/RISCV_Processor/RISCV-Processor/task1/project_1/project_1/project_1.srcs/sources_1/new/adder.v" into library xil_defaultlib
INFO: [VRFC 10-311] analyzing module adder
INFO: [VRFC 10-2263] Analyzing Verilog file "C:/Users/ddddd/OneDrive/Desktop/RISCV_Processor/RISCV-Processor/task1/project_1/project_1/project_1.srcs/sources_1/new/imm_data_gen.v" into library xil_defaultlib
INFO: [VRFC 10-311] analyzing module imm_dat_gen
INFO: [VRFC 10-2263] Analyzing Verilog file "C:/Users/ddddd/OneDrive/Desktop/RISCV_Processor/RISCV-Processor/task1/project_1/project_1/project_1.srcs/sources_1/new/inst_parser.v" into library xil_defaultlib
INFO: [VRFC 10-311] analyzing module inst_parser
INFO: [VRFC 10-2263] Analyzing Verilog file "C:/Users/ddddd/OneDrive/Desktop/RISCV_Processor/RISCV-Processor/task1/project_1/project_1/project_1.srcs/sources_1/new/mux_2x1.v" into library xil_defaultlib
INFO: [VRFC 10-311] analyzing module mux_2x1
INFO: [VRFC 10-2263] Analyzing Verilog file "C:/Users/ddddd/OneDrive/Desktop/RISCV_Processor/RISCV-Processor/task1/project_1/project_1/project_1.srcs/sources_1/new/task1.v" into library xil_defaultlib
INFO: [VRFC 10-311] analyzing module task1
INFO: [VRFC 10-2263] Analyzing Verilog file "C:/Users/ddddd/OneDrive/Desktop/RISCV_Processor/RISCV-Processor/task1/project_1/project_1/project_1.srcs/sources_1/new/top_control.v" into library xil_defaultlib
INFO: [VRFC 10-311] analyzing module top_control
INFO: [VRFC 10-2263] Analyzing Verilog file "C:/Users/ddddd/OneDrive/Desktop/RISCV_Processor/RISCV-Processor/task1/project_1/project_1/project_1.srcs/sim_1/new/task1_tb.v" into library xil_defaultlib
INFO: [VRFC 10-311] analyzing module task1_tb
INFO: [USF-XSim-69] 'compile' step finished in '2' seconds
INFO: [USF-XSim-3] XSim::Elaborate design
INFO: [USF-XSim-61] Executing 'ELABORATE' step in 'C:/Users/ddddd/OneDrive/Desktop/RISCV_Processor/RISCV-Processor/task1/project_1/project_1/project_1.sim/sim_1/behav/xsim'
"xelab -wto e3a17a71a2f045e1ba9ced6a1a8d75fe --incr --debug typical --relax --mt 2 -L xil_defaultlib -L unisims_ver -L unimacro_ver -L secureip --snapshot task1_tb_behav xil_defaultlib.task1_tb xil_defaultlib.glbl -log elaborate.log"
Vivado Simulator 2020.1
Copyright 1986-1999, 2001-2020 Xilinx, Inc. All Rights Reserved.
Running: C:/Xilinx/Vivado/2020.1/bin/unwrapped/win64.o/xelab.exe -wto e3a17a71a2f045e1ba9ced6a1a8d75fe --incr --debug typical --relax --mt 2 -L xil_defaultlib -L unisims_ver -L unimacro_ver -L secureip --snapshot task1_tb_behav xil_defaultlib.task1_tb xil_defaultlib.glbl -log elaborate.log 
Using 2 slave threads.
Starting static elaboration
Pass Through NonSizing Optimizer
WARNING: [VRFC 10-3091] actual bit length 1 differs from formal bit length 64 for port 'debug_write' [C:/Users/ddddd/OneDrive/Desktop/RISCV_Processor/RISCV-Processor/task1/project_1/project_1/project_1.srcs/sim_1/new/task1_tb.v:7]
WARNING: [VRFC 10-3091] actual bit length 4 differs from formal bit length 7 for port 'func7' [C:/Users/ddddd/OneDrive/Desktop/RISCV_Processor/RISCV-Processor/task1/project_1/project_1/project_1.srcs/sources_1/new/task1.v:42]
WARNING: [VRFC 10-3705] select index 6 into 'funct7' is out of bounds [C:/Users/ddddd/OneDrive/Desktop/RISCV_Processor/RISCV-Processor/task1/project_1/project_1/project_1.srcs/sources_1/new/task1.v:46]
Completed static elaboration
Starting simulation data flow analysis
WARNING: [VRFC 10-3283] element index 6 into 'funct7' is out of bounds [C:/Users/ddddd/OneDrive/Desktop/RISCV_Processor/RISCV-Processor/task1/project_1/project_1/project_1.srcs/sources_1/new/task1.v:46]
Completed simulation data flow analysis
Time Resolution for simulation is 1ps
Compiling module xil_defaultlib.Program_Counter
Compiling module xil_defaultlib.adder
Compiling module xil_defaultlib.Instruction_Memory
Compiling module xil_defaultlib.inst_parser
Compiling module xil_defaultlib.Control_Unit
Compiling module xil_defaultlib.ALU_Control
Compiling module xil_defaultlib.top_control
Compiling module xil_defaultlib.imm_dat_gen
Compiling module xil_defaultlib.registerFile
Compiling module xil_defaultlib.mux_2x1
Compiling module xil_defaultlib.ALU_64_bit
Compiling module xil_defaultlib.Data_Memory
Compiling module xil_defaultlib.task1
Compiling module xil_defaultlib.task1_tb
Compiling module xil_defaultlib.glbl
Built simulation snapshot task1_tb_behav
INFO: [USF-XSim-69] 'elaborate' step finished in '2' seconds
INFO: [USF-XSim-4] XSim::Simulate design
INFO: [USF-XSim-61] Executing 'SIMULATE' step in 'C:/Users/ddddd/OneDrive/Desktop/RISCV_Processor/RISCV-Processor/task1/project_1/project_1/project_1.sim/sim_1/behav/xsim'
INFO: [USF-XSim-98] *** Running xsim
   with args "task1_tb_behav -key {Behavioral:sim_1:Functional:task1_tb} -tclbatch {task1_tb.tcl} -view {C:/Users/ddddd/OneDrive/Desktop/RISCV_Processor/RISCV-Processor/task1/project_1/project_1/task1_tb_behav.wcfg} -log {simulate.log}"
INFO: [USF-XSim-8] Loading simulator feature
Vivado Simulator 2020.1
Time resolution is 1 ps
open_wave_config C:/Users/ddddd/OneDrive/Desktop/RISCV_Processor/RISCV-Processor/task1/project_1/project_1/task1_tb_behav.wcfg
source task1_tb.tcl
# set curr_wave [current_wave_config]
# if { [string length $curr_wave] == 0 } {
#   if { [llength [get_objects]] > 0} {
#     add_wave /
#     set_property needs_save false [current_wave_config]
#   } else {
#      send_msg_id Add_Wave-1 WARNING "No top level signals found. Simulator will start without a wave window. If you want to open a wave window go to 'File->New Waveform Configuration' or type 'create_wave_config' in the TCL console."
#   }
# }
# run 100000ns
INFO: [USF-XSim-96] XSim completed. Design snapshot 'task1_tb_behav' loaded.
INFO: [USF-XSim-97] XSim simulation ran for 100000ns
launch_simulation: Time (s): cpu = 00:00:06 ; elapsed = 00:00:09 . Memory (MB): peak = 1024.559 ; gain = 0.000
close_sim
INFO: [Simtcl 6-16] Simulation closed
launch_simulation
Command: launch_simulation 
INFO: [Vivado 12-5682] Launching behavioral simulation in 'C:/Users/ddddd/OneDrive/Desktop/RISCV_Processor/RISCV-Processor/task1/project_1/project_1/project_1.sim/sim_1/behav/xsim'
INFO: [SIM-utils-51] Simulation object is 'sim_1'
INFO: [SIM-utils-54] Inspecting design source files for 'task1_tb' in fileset 'sim_1'...
INFO: [USF-XSim-97] Finding global include files...
INFO: [USF-XSim-98] Fetching design files from 'sim_1'...
INFO: [USF-XSim-2] XSim::Compile design
INFO: [USF-XSim-61] Executing 'COMPILE and ANALYZE' step in 'C:/Users/ddddd/OneDrive/Desktop/RISCV_Processor/RISCV-Processor/task1/project_1/project_1/project_1.sim/sim_1/behav/xsim'
"xvlog --incr --relax -prj task1_tb_vlog.prj"
INFO: [VRFC 10-2263] Analyzing Verilog file "C:/Users/ddddd/OneDrive/Desktop/RISCV_Processor/RISCV-Processor/task1/project_1/project_1/project_1.srcs/sources_1/new/ALU_64_bit.v" into library xil_defaultlib
INFO: [VRFC 10-311] analyzing module ALU_64_bit
INFO: [VRFC 10-2263] Analyzing Verilog file "C:/Users/ddddd/OneDrive/Desktop/RISCV_Processor/RISCV-Processor/task1/project_1/project_1/project_1.srcs/sources_1/new/ALU_Control.v" into library xil_defaultlib
INFO: [VRFC 10-311] analyzing module ALU_Control
INFO: [VRFC 10-2263] Analyzing Verilog file "C:/Users/ddddd/OneDrive/Desktop/RISCV_Processor/RISCV-Processor/task1/project_1/project_1/project_1.srcs/sources_1/new/Control_Unit.v" into library xil_defaultlib
INFO: [VRFC 10-311] analyzing module Control_Unit
INFO: [VRFC 10-2263] Analyzing Verilog file "C:/Users/ddddd/OneDrive/Desktop/RISCV_Processor/RISCV-Processor/task1/project_1/project_1/project_1.srcs/sources_1/new/Data_Memory.v" into library xil_defaultlib
INFO: [VRFC 10-311] analyzing module Data_Memory
INFO: [VRFC 10-2263] Analyzing Verilog file "C:/Users/ddddd/OneDrive/Desktop/RISCV_Processor/RISCV-Processor/task1/project_1/project_1/project_1.srcs/sources_1/new/Instruction_Memory.v" into library xil_defaultlib
INFO: [VRFC 10-311] analyzing module Instruction_Memory
INFO: [VRFC 10-2263] Analyzing Verilog file "C:/Users/ddddd/OneDrive/Desktop/RISCV_Processor/RISCV-Processor/task1/project_1/project_1/project_1.srcs/sources_1/new/Program_Counter.v" into library xil_defaultlib
INFO: [VRFC 10-311] analyzing module Program_Counter
INFO: [VRFC 10-2263] Analyzing Verilog file "C:/Users/ddddd/OneDrive/Desktop/RISCV_Processor/RISCV-Processor/task1/project_1/project_1/project_1.srcs/sources_1/new/RegisterFile.v" into library xil_defaultlib
INFO: [VRFC 10-311] analyzing module registerFile
INFO: [VRFC 10-2263] Analyzing Verilog file "C:/Users/ddddd/OneDrive/Desktop/RISCV_Processor/RISCV-Processor/task1/project_1/project_1/project_1.srcs/sources_1/new/adder.v" into library xil_defaultlib
INFO: [VRFC 10-311] analyzing module adder
INFO: [VRFC 10-2263] Analyzing Verilog file "C:/Users/ddddd/OneDrive/Desktop/RISCV_Processor/RISCV-Processor/task1/project_1/project_1/project_1.srcs/sources_1/new/imm_data_gen.v" into library xil_defaultlib
INFO: [VRFC 10-311] analyzing module imm_dat_gen
INFO: [VRFC 10-2263] Analyzing Verilog file "C:/Users/ddddd/OneDrive/Desktop/RISCV_Processor/RISCV-Processor/task1/project_1/project_1/project_1.srcs/sources_1/new/inst_parser.v" into library xil_defaultlib
INFO: [VRFC 10-311] analyzing module inst_parser
INFO: [VRFC 10-2263] Analyzing Verilog file "C:/Users/ddddd/OneDrive/Desktop/RISCV_Processor/RISCV-Processor/task1/project_1/project_1/project_1.srcs/sources_1/new/mux_2x1.v" into library xil_defaultlib
INFO: [VRFC 10-311] analyzing module mux_2x1
INFO: [VRFC 10-2263] Analyzing Verilog file "C:/Users/ddddd/OneDrive/Desktop/RISCV_Processor/RISCV-Processor/task1/project_1/project_1/project_1.srcs/sources_1/new/task1.v" into library xil_defaultlib
INFO: [VRFC 10-311] analyzing module task1
INFO: [VRFC 10-2263] Analyzing Verilog file "C:/Users/ddddd/OneDrive/Desktop/RISCV_Processor/RISCV-Processor/task1/project_1/project_1/project_1.srcs/sources_1/new/top_control.v" into library xil_defaultlib
INFO: [VRFC 10-311] analyzing module top_control
INFO: [VRFC 10-2263] Analyzing Verilog file "C:/Users/ddddd/OneDrive/Desktop/RISCV_Processor/RISCV-Processor/task1/project_1/project_1/project_1.srcs/sim_1/new/task1_tb.v" into library xil_defaultlib
INFO: [VRFC 10-311] analyzing module task1_tb
INFO: [USF-XSim-69] 'compile' step finished in '1' seconds
INFO: [USF-XSim-3] XSim::Elaborate design
INFO: [USF-XSim-61] Executing 'ELABORATE' step in 'C:/Users/ddddd/OneDrive/Desktop/RISCV_Processor/RISCV-Processor/task1/project_1/project_1/project_1.sim/sim_1/behav/xsim'
"xelab -wto e3a17a71a2f045e1ba9ced6a1a8d75fe --incr --debug typical --relax --mt 2 -L xil_defaultlib -L unisims_ver -L unimacro_ver -L secureip --snapshot task1_tb_behav xil_defaultlib.task1_tb xil_defaultlib.glbl -log elaborate.log"
Vivado Simulator 2020.1
Copyright 1986-1999, 2001-2020 Xilinx, Inc. All Rights Reserved.
Running: C:/Xilinx/Vivado/2020.1/bin/unwrapped/win64.o/xelab.exe -wto e3a17a71a2f045e1ba9ced6a1a8d75fe --incr --debug typical --relax --mt 2 -L xil_defaultlib -L unisims_ver -L unimacro_ver -L secureip --snapshot task1_tb_behav xil_defaultlib.task1_tb xil_defaultlib.glbl -log elaborate.log 
Using 2 slave threads.
Starting static elaboration
Pass Through NonSizing Optimizer
WARNING: [VRFC 10-3091] actual bit length 1 differs from formal bit length 64 for port 'debug_write' [C:/Users/ddddd/OneDrive/Desktop/RISCV_Processor/RISCV-Processor/task1/project_1/project_1/project_1.srcs/sim_1/new/task1_tb.v:7]
Completed static elaboration
Starting simulation data flow analysis
Completed simulation data flow analysis
Time Resolution for simulation is 1ps
Compiling module xil_defaultlib.Program_Counter
Compiling module xil_defaultlib.adder
Compiling module xil_defaultlib.Instruction_Memory
Compiling module xil_defaultlib.inst_parser
Compiling module xil_defaultlib.Control_Unit
Compiling module xil_defaultlib.ALU_Control
Compiling module xil_defaultlib.top_control
Compiling module xil_defaultlib.imm_dat_gen
Compiling module xil_defaultlib.registerFile
Compiling module xil_defaultlib.mux_2x1
Compiling module xil_defaultlib.ALU_64_bit
Compiling module xil_defaultlib.Data_Memory
Compiling module xil_defaultlib.task1
Compiling module xil_defaultlib.task1_tb
Compiling module xil_defaultlib.glbl
Built simulation snapshot task1_tb_behav
INFO: [USF-XSim-69] 'elaborate' step finished in '3' seconds
INFO: [USF-XSim-4] XSim::Simulate design
INFO: [USF-XSim-61] Executing 'SIMULATE' step in 'C:/Users/ddddd/OneDrive/Desktop/RISCV_Processor/RISCV-Processor/task1/project_1/project_1/project_1.sim/sim_1/behav/xsim'
INFO: [USF-XSim-98] *** Running xsim
   with args "task1_tb_behav -key {Behavioral:sim_1:Functional:task1_tb} -tclbatch {task1_tb.tcl} -view {C:/Users/ddddd/OneDrive/Desktop/RISCV_Processor/RISCV-Processor/task1/project_1/project_1/task1_tb_behav.wcfg} -log {simulate.log}"
INFO: [USF-XSim-8] Loading simulator feature
Vivado Simulator 2020.1
Time resolution is 1 ps
open_wave_config C:/Users/ddddd/OneDrive/Desktop/RISCV_Processor/RISCV-Processor/task1/project_1/project_1/task1_tb_behav.wcfg
source task1_tb.tcl
# set curr_wave [current_wave_config]
# if { [string length $curr_wave] == 0 } {
#   if { [llength [get_objects]] > 0} {
#     add_wave /
#     set_property needs_save false [current_wave_config]
#   } else {
#      send_msg_id Add_Wave-1 WARNING "No top level signals found. Simulator will start without a wave window. If you want to open a wave window go to 'File->New Waveform Configuration' or type 'create_wave_config' in the TCL console."
#   }
# }
# run 100000ns
INFO: [USF-XSim-96] XSim completed. Design snapshot 'task1_tb_behav' loaded.
INFO: [USF-XSim-97] XSim simulation ran for 100000ns
launch_simulation: Time (s): cpu = 00:00:04 ; elapsed = 00:00:09 . Memory (MB): peak = 1024.559 ; gain = 0.000
close_sim
INFO: [Simtcl 6-16] Simulation closed
launch_simulation
Command: launch_simulation 
INFO: [Vivado 12-5682] Launching behavioral simulation in 'C:/Users/ddddd/OneDrive/Desktop/RISCV_Processor/RISCV-Processor/task1/project_1/project_1/project_1.sim/sim_1/behav/xsim'
INFO: [SIM-utils-51] Simulation object is 'sim_1'
INFO: [SIM-utils-54] Inspecting design source files for 'task1_tb' in fileset 'sim_1'...
INFO: [USF-XSim-97] Finding global include files...
INFO: [USF-XSim-98] Fetching design files from 'sim_1'...
INFO: [USF-XSim-2] XSim::Compile design
INFO: [USF-XSim-61] Executing 'COMPILE and ANALYZE' step in 'C:/Users/ddddd/OneDrive/Desktop/RISCV_Processor/RISCV-Processor/task1/project_1/project_1/project_1.sim/sim_1/behav/xsim'
"xvlog --incr --relax -prj task1_tb_vlog.prj"
INFO: [VRFC 10-2263] Analyzing Verilog file "C:/Users/ddddd/OneDrive/Desktop/RISCV_Processor/RISCV-Processor/task1/project_1/project_1/project_1.srcs/sources_1/new/ALU_64_bit.v" into library xil_defaultlib
INFO: [VRFC 10-311] analyzing module ALU_64_bit
INFO: [VRFC 10-2263] Analyzing Verilog file "C:/Users/ddddd/OneDrive/Desktop/RISCV_Processor/RISCV-Processor/task1/project_1/project_1/project_1.srcs/sources_1/new/ALU_Control.v" into library xil_defaultlib
INFO: [VRFC 10-311] analyzing module ALU_Control
INFO: [VRFC 10-2263] Analyzing Verilog file "C:/Users/ddddd/OneDrive/Desktop/RISCV_Processor/RISCV-Processor/task1/project_1/project_1/project_1.srcs/sources_1/new/Control_Unit.v" into library xil_defaultlib
INFO: [VRFC 10-311] analyzing module Control_Unit
INFO: [VRFC 10-2263] Analyzing Verilog file "C:/Users/ddddd/OneDrive/Desktop/RISCV_Processor/RISCV-Processor/task1/project_1/project_1/project_1.srcs/sources_1/new/Data_Memory.v" into library xil_defaultlib
INFO: [VRFC 10-311] analyzing module Data_Memory
INFO: [VRFC 10-2263] Analyzing Verilog file "C:/Users/ddddd/OneDrive/Desktop/RISCV_Processor/RISCV-Processor/task1/project_1/project_1/project_1.srcs/sources_1/new/Instruction_Memory.v" into library xil_defaultlib
INFO: [VRFC 10-311] analyzing module Instruction_Memory
INFO: [VRFC 10-2263] Analyzing Verilog file "C:/Users/ddddd/OneDrive/Desktop/RISCV_Processor/RISCV-Processor/task1/project_1/project_1/project_1.srcs/sources_1/new/Program_Counter.v" into library xil_defaultlib
INFO: [VRFC 10-311] analyzing module Program_Counter
INFO: [VRFC 10-2263] Analyzing Verilog file "C:/Users/ddddd/OneDrive/Desktop/RISCV_Processor/RISCV-Processor/task1/project_1/project_1/project_1.srcs/sources_1/new/RegisterFile.v" into library xil_defaultlib
INFO: [VRFC 10-311] analyzing module registerFile
INFO: [VRFC 10-2263] Analyzing Verilog file "C:/Users/ddddd/OneDrive/Desktop/RISCV_Processor/RISCV-Processor/task1/project_1/project_1/project_1.srcs/sources_1/new/adder.v" into library xil_defaultlib
INFO: [VRFC 10-311] analyzing module adder
INFO: [VRFC 10-2263] Analyzing Verilog file "C:/Users/ddddd/OneDrive/Desktop/RISCV_Processor/RISCV-Processor/task1/project_1/project_1/project_1.srcs/sources_1/new/imm_data_gen.v" into library xil_defaultlib
INFO: [VRFC 10-311] analyzing module imm_dat_gen
INFO: [VRFC 10-2263] Analyzing Verilog file "C:/Users/ddddd/OneDrive/Desktop/RISCV_Processor/RISCV-Processor/task1/project_1/project_1/project_1.srcs/sources_1/new/inst_parser.v" into library xil_defaultlib
INFO: [VRFC 10-311] analyzing module inst_parser
INFO: [VRFC 10-2263] Analyzing Verilog file "C:/Users/ddddd/OneDrive/Desktop/RISCV_Processor/RISCV-Processor/task1/project_1/project_1/project_1.srcs/sources_1/new/mux_2x1.v" into library xil_defaultlib
INFO: [VRFC 10-311] analyzing module mux_2x1
INFO: [VRFC 10-2263] Analyzing Verilog file "C:/Users/ddddd/OneDrive/Desktop/RISCV_Processor/RISCV-Processor/task1/project_1/project_1/project_1.srcs/sources_1/new/task1.v" into library xil_defaultlib
INFO: [VRFC 10-311] analyzing module task1
INFO: [VRFC 10-2263] Analyzing Verilog file "C:/Users/ddddd/OneDrive/Desktop/RISCV_Processor/RISCV-Processor/task1/project_1/project_1/project_1.srcs/sources_1/new/top_control.v" into library xil_defaultlib
INFO: [VRFC 10-311] analyzing module top_control
INFO: [VRFC 10-2263] Analyzing Verilog file "C:/Users/ddddd/OneDrive/Desktop/RISCV_Processor/RISCV-Processor/task1/project_1/project_1/project_1.srcs/sim_1/new/task1_tb.v" into library xil_defaultlib
INFO: [VRFC 10-311] analyzing module task1_tb
INFO: [USF-XSim-69] 'compile' step finished in '1' seconds
INFO: [USF-XSim-3] XSim::Elaborate design
INFO: [USF-XSim-61] Executing 'ELABORATE' step in 'C:/Users/ddddd/OneDrive/Desktop/RISCV_Processor/RISCV-Processor/task1/project_1/project_1/project_1.sim/sim_1/behav/xsim'
"xelab -wto e3a17a71a2f045e1ba9ced6a1a8d75fe --incr --debug typical --relax --mt 2 -L xil_defaultlib -L unisims_ver -L unimacro_ver -L secureip --snapshot task1_tb_behav xil_defaultlib.task1_tb xil_defaultlib.glbl -log elaborate.log"
Vivado Simulator 2020.1
Copyright 1986-1999, 2001-2020 Xilinx, Inc. All Rights Reserved.
Running: C:/Xilinx/Vivado/2020.1/bin/unwrapped/win64.o/xelab.exe -wto e3a17a71a2f045e1ba9ced6a1a8d75fe --incr --debug typical --relax --mt 2 -L xil_defaultlib -L unisims_ver -L unimacro_ver -L secureip --snapshot task1_tb_behav xil_defaultlib.task1_tb xil_defaultlib.glbl -log elaborate.log 
Using 2 slave threads.
Starting static elaboration
Pass Through NonSizing Optimizer
WARNING: [VRFC 10-3091] actual bit length 1 differs from formal bit length 64 for port 'debug_write' [C:/Users/ddddd/OneDrive/Desktop/RISCV_Processor/RISCV-Processor/task1/project_1/project_1/project_1.srcs/sim_1/new/task1_tb.v:7]
Completed static elaboration
Starting simulation data flow analysis
Completed simulation data flow analysis
Time Resolution for simulation is 1ps
Compiling module xil_defaultlib.Program_Counter
Compiling module xil_defaultlib.adder
Compiling module xil_defaultlib.Instruction_Memory
Compiling module xil_defaultlib.inst_parser
Compiling module xil_defaultlib.Control_Unit
Compiling module xil_defaultlib.ALU_Control
Compiling module xil_defaultlib.top_control
Compiling module xil_defaultlib.imm_dat_gen
Compiling module xil_defaultlib.registerFile
Compiling module xil_defaultlib.mux_2x1
Compiling module xil_defaultlib.ALU_64_bit
Compiling module xil_defaultlib.Data_Memory
Compiling module xil_defaultlib.task1
Compiling module xil_defaultlib.task1_tb
Compiling module xil_defaultlib.glbl
Built simulation snapshot task1_tb_behav
INFO: [USF-XSim-69] 'elaborate' step finished in '3' seconds
INFO: [USF-XSim-4] XSim::Simulate design
INFO: [USF-XSim-61] Executing 'SIMULATE' step in 'C:/Users/ddddd/OneDrive/Desktop/RISCV_Processor/RISCV-Processor/task1/project_1/project_1/project_1.sim/sim_1/behav/xsim'
INFO: [USF-XSim-98] *** Running xsim
   with args "task1_tb_behav -key {Behavioral:sim_1:Functional:task1_tb} -tclbatch {task1_tb.tcl} -view {C:/Users/ddddd/OneDrive/Desktop/RISCV_Processor/RISCV-Processor/task1/project_1/project_1/task1_tb_behav.wcfg} -log {simulate.log}"
INFO: [USF-XSim-8] Loading simulator feature
Vivado Simulator 2020.1
Time resolution is 1 ps
open_wave_config C:/Users/ddddd/OneDrive/Desktop/RISCV_Processor/RISCV-Processor/task1/project_1/project_1/task1_tb_behav.wcfg
source task1_tb.tcl
# set curr_wave [current_wave_config]
# if { [string length $curr_wave] == 0 } {
#   if { [llength [get_objects]] > 0} {
#     add_wave /
#     set_property needs_save false [current_wave_config]
#   } else {
#      send_msg_id Add_Wave-1 WARNING "No top level signals found. Simulator will start without a wave window. If you want to open a wave window go to 'File->New Waveform Configuration' or type 'create_wave_config' in the TCL console."
#   }
# }
# run 100000ns
INFO: [USF-XSim-96] XSim completed. Design snapshot 'task1_tb_behav' loaded.
INFO: [USF-XSim-97] XSim simulation ran for 100000ns
launch_simulation: Time (s): cpu = 00:00:04 ; elapsed = 00:00:09 . Memory (MB): peak = 1024.559 ; gain = 0.000
close_sim
INFO: [Simtcl 6-16] Simulation closed
exit
INFO: [Common 17-206] Exiting Vivado at Sun Apr 20 23:04:10 2025...
