#-----------------------------------------------------------
# Vivado v2020.1 (64-bit)
# SW Build 2902540 on Wed May 27 19:54:49 MDT 2020
# IP Build 2902112 on Wed May 27 22:43:36 MDT 2020
# Start of session at: Sat Apr 12 10:08:51 2025
# Process ID: 12388
# Current directory: C:/Users/ddddd/OneDrive/Desktop/Semester 4/CA/RISCV Processor
# Command line: vivado.exe -gui_launcher_event rodinguilauncherevent19920 C:\Users\ddddd\OneDrive\Desktop\Semester 4\CA\RISCV Processor\project_1.xpr
# Log file: C:/Users/ddddd/OneDrive/Desktop/Semester 4/CA/RISCV Processor/vivado.log
# Journal file: C:/Users/ddddd/OneDrive/Desktop/Semester 4/CA/RISCV Processor\vivado.jou
#-----------------------------------------------------------
start_gui
open_project {C:/Users/ddddd/OneDrive/Desktop/Semester 4/CA/RISCV Processor/project_1.xpr}
INFO: [Project 1-313] Project file moved from 'C:/Users/Dell/OneDrive/Documents/CA_spring2025Project/single/project_1/project_1' since last save.
Scanning sources...
Finished scanning sources
INFO: [IP_Flow 19-234] Refreshing IP repositories
INFO: [IP_Flow 19-1704] No user IP repositories specified
INFO: [IP_Flow 19-2313] Loaded Vivado IP repository 'C:/Xilinx/Vivado/2020.1/data/ip'.
open_project: Time (s): cpu = 00:00:20 ; elapsed = 00:00:08 . Memory (MB): peak = 1024.773 ; gain = 0.000
update_compile_order -fileset sources_1
set_property top RISC_V_Processor [current_fileset]
update_compile_order -fileset sources_1
set_property SOURCE_SET sources_1 [get_filesets sim_1]
close [ open {C:/Users/ddddd/OneDrive/Desktop/Semester 4/CA/RISCV Processor/project_1.srcs/sim_1/new/task2_tb.v} w ]
add_files -fileset sim_1 {{C:/Users/ddddd/OneDrive/Desktop/Semester 4/CA/RISCV Processor/project_1.srcs/sim_1/new/task2_tb.v}}
update_compile_order -fileset sim_1
set_property top task2_tb [get_filesets sim_1]
set_property top_lib xil_defaultlib [get_filesets sim_1]
update_compile_order -fileset sim_1
launch_simulation
Command: launch_simulation 
INFO: [Vivado 12-5682] Launching behavioral simulation in 'C:/Users/ddddd/OneDrive/Desktop/Semester 4/CA/RISCV Processor/project_1.sim/sim_1/behav/xsim'
INFO: [SIM-utils-51] Simulation object is 'sim_1'
INFO: [SIM-utils-54] Inspecting design source files for 'task2_tb' in fileset 'sim_1'...
INFO: [USF-XSim-97] Finding global include files...
INFO: [USF-XSim-98] Fetching design files from 'sim_1'...
INFO: [USF-XSim-2] XSim::Compile design
INFO: [USF-XSim-61] Executing 'COMPILE and ANALYZE' step in 'C:/Users/ddddd/OneDrive/Desktop/Semester 4/CA/RISCV Processor/project_1.sim/sim_1/behav/xsim'
"xvlog --incr --relax -prj task2_tb_vlog.prj"
INFO: [VRFC 10-2263] Analyzing Verilog file "C:/Users/ddddd/OneDrive/Desktop/Semester 4/CA/RISCV Processor/project_1.srcs/sources_1/new/ALU_64_bit.v" into library xil_defaultlib
INFO: [VRFC 10-311] analyzing module ALU_64_bit
INFO: [VRFC 10-2263] Analyzing Verilog file "C:/Users/ddddd/OneDrive/Desktop/Semester 4/CA/RISCV Processor/project_1.srcs/sources_1/new/ALU_Control.v" into library xil_defaultlib
INFO: [VRFC 10-311] analyzing module ALU_Control
INFO: [VRFC 10-2263] Analyzing Verilog file "C:/Users/ddddd/OneDrive/Desktop/Semester 4/CA/RISCV Processor/project_1.srcs/sources_1/new/Control_Unit.v" into library xil_defaultlib
INFO: [VRFC 10-311] analyzing module Control_Unit
INFO: [VRFC 10-2263] Analyzing Verilog file "C:/Users/ddddd/OneDrive/Desktop/Semester 4/CA/RISCV Processor/project_1.srcs/sources_1/new/Data_Memory.v" into library xil_defaultlib
INFO: [VRFC 10-311] analyzing module Data_Memory
INFO: [VRFC 10-2263] Analyzing Verilog file "C:/Users/ddddd/OneDrive/Desktop/Semester 4/CA/RISCV Processor/project_1.srcs/sources_1/new/EX_MEM.v" into library xil_defaultlib
INFO: [VRFC 10-311] analyzing module EX_MEM
INFO: [VRFC 10-2263] Analyzing Verilog file "C:/Users/ddddd/OneDrive/Desktop/Semester 4/CA/RISCV Processor/project_1.srcs/sources_1/new/ID_EX.v" into library xil_defaultlib
INFO: [VRFC 10-311] analyzing module ID_EX
INFO: [VRFC 10-2263] Analyzing Verilog file "C:/Users/ddddd/OneDrive/Desktop/Semester 4/CA/RISCV Processor/project_1.srcs/sources_1/new/IF_ID.v" into library xil_defaultlib
INFO: [VRFC 10-311] analyzing module IF_ID
INFO: [VRFC 10-2263] Analyzing Verilog file "C:/Users/ddddd/OneDrive/Desktop/Semester 4/CA/RISCV Processor/project_1.srcs/sources_1/new/Instruction_Memory.v" into library xil_defaultlib
INFO: [VRFC 10-311] analyzing module Instruction_Memory
INFO: [VRFC 10-2263] Analyzing Verilog file "C:/Users/ddddd/OneDrive/Desktop/Semester 4/CA/RISCV Processor/project_1.srcs/sources_1/new/MEM_WB.v" into library xil_defaultlib
INFO: [VRFC 10-311] analyzing module MEM_WB
INFO: [VRFC 10-2263] Analyzing Verilog file "C:/Users/ddddd/OneDrive/Desktop/Semester 4/CA/RISCV Processor/project_1.srcs/sources_1/new/Program_Counter.v" into library xil_defaultlib
INFO: [VRFC 10-311] analyzing module Program_Counter
INFO: [VRFC 10-2263] Analyzing Verilog file "C:/Users/ddddd/OneDrive/Desktop/Semester 4/CA/RISCV Processor/project_1.srcs/sources_1/new/RegisterFile.v" into library xil_defaultlib
INFO: [VRFC 10-311] analyzing module registerFile
INFO: [VRFC 10-2263] Analyzing Verilog file "C:/Users/ddddd/OneDrive/Desktop/Semester 4/CA/RISCV Processor/project_1.srcs/sources_1/new/Task2.v" into library xil_defaultlib
INFO: [VRFC 10-311] analyzing module RISC_V_Processor
INFO: [VRFC 10-2458] undeclared symbol IDEX_MemWrite_store, assumed default net type wire [C:/Users/ddddd/OneDrive/Desktop/Semester 4/CA/RISCV Processor/project_1.srcs/sources_1/new/Task2.v:150]
INFO: [VRFC 10-2458] undeclared symbol IDEX_MemRead_store, assumed default net type wire [C:/Users/ddddd/OneDrive/Desktop/Semester 4/CA/RISCV Processor/project_1.srcs/sources_1/new/Task2.v:151]
INFO: [VRFC 10-2458] undeclared symbol IDEX_ALUOp_store, assumed default net type wire [C:/Users/ddddd/OneDrive/Desktop/Semester 4/CA/RISCV Processor/project_1.srcs/sources_1/new/Task2.v:153]
INFO: [VRFC 10-2458] undeclared symbol alu_result_out, assumed default net type wire [C:/Users/ddddd/OneDrive/Desktop/Semester 4/CA/RISCV Processor/project_1.srcs/sources_1/new/Task2.v:180]
INFO: [VRFC 10-2458] undeclared symbol EXMEM_rd_out, assumed default net type wire [C:/Users/ddddd/OneDrive/Desktop/Semester 4/CA/RISCV Processor/project_1.srcs/sources_1/new/Task2.v:201]
INFO: [VRFC 10-2458] undeclared symbol EXMEM_MemWrite_store, assumed default net type wire [C:/Users/ddddd/OneDrive/Desktop/Semester 4/CA/RISCV Processor/project_1.srcs/sources_1/new/Task2.v:207]
INFO: [VRFC 10-2458] undeclared symbol EXMEM_MemRead_store, assumed default net type wire [C:/Users/ddddd/OneDrive/Desktop/Semester 4/CA/RISCV Processor/project_1.srcs/sources_1/new/Task2.v:208]
INFO: [VRFC 10-2263] Analyzing Verilog file "C:/Users/ddddd/OneDrive/Desktop/Semester 4/CA/RISCV Processor/project_1.srcs/sources_1/new/adder.v" into library xil_defaultlib
INFO: [VRFC 10-311] analyzing module adder
INFO: [VRFC 10-2263] Analyzing Verilog file "C:/Users/ddddd/OneDrive/Desktop/Semester 4/CA/RISCV Processor/project_1.srcs/sources_1/new/imm_data_gen.v" into library xil_defaultlib
INFO: [VRFC 10-311] analyzing module imm_dat_gen
INFO: [VRFC 10-2263] Analyzing Verilog file "C:/Users/ddddd/OneDrive/Desktop/Semester 4/CA/RISCV Processor/project_1.srcs/sources_1/new/inst_parser.v" into library xil_defaultlib
INFO: [VRFC 10-311] analyzing module inst_parser
INFO: [VRFC 10-2263] Analyzing Verilog file "C:/Users/ddddd/OneDrive/Desktop/Semester 4/CA/RISCV Processor/project_1.srcs/sources_1/new/mux_2x1.v" into library xil_defaultlib
INFO: [VRFC 10-311] analyzing module mux_2x1
INFO: [VRFC 10-2263] Analyzing Verilog file "C:/Users/ddddd/OneDrive/Desktop/Semester 4/CA/RISCV Processor/project_1.srcs/sim_1/new/task2_tb.v" into library xil_defaultlib
INFO: [VRFC 10-311] analyzing module task2_tb
INFO: [VRFC 10-2263] Analyzing Verilog file "C:/Users/ddddd/OneDrive/Desktop/Semester 4/CA/RISCV Processor/project_1.sim/sim_1/behav/xsim/glbl.v" into library xil_defaultlib
INFO: [VRFC 10-311] analyzing module glbl
run_program: Time (s): cpu = 00:00:00 ; elapsed = 00:00:05 . Memory (MB): peak = 1024.773 ; gain = 0.000
INFO: [USF-XSim-69] 'compile' step finished in '5' seconds
INFO: [USF-XSim-3] XSim::Elaborate design
INFO: [USF-XSim-61] Executing 'ELABORATE' step in 'C:/Users/ddddd/OneDrive/Desktop/Semester 4/CA/RISCV Processor/project_1.sim/sim_1/behav/xsim'
"xelab -wto e3a17a71a2f045e1ba9ced6a1a8d75fe --incr --debug typical --relax --mt 2 -L xil_defaultlib -L unisims_ver -L unimacro_ver -L secureip --snapshot task2_tb_behav xil_defaultlib.task2_tb xil_defaultlib.glbl -log elaborate.log"
Vivado Simulator 2020.1
Copyright 1986-1999, 2001-2020 Xilinx, Inc. All Rights Reserved.
Running: C:/Xilinx/Vivado/2020.1/bin/unwrapped/win64.o/xelab.exe -wto e3a17a71a2f045e1ba9ced6a1a8d75fe --incr --debug typical --relax --mt 2 -L xil_defaultlib -L unisims_ver -L unimacro_ver -L secureip --snapshot task2_tb_behav xil_defaultlib.task2_tb xil_defaultlib.glbl -log elaborate.log 
Using 2 slave threads.
Starting static elaboration
Pass Through NonSizing Optimizer
ERROR: [VRFC 10-3180] cannot find port 'Regwrite' on this module [C:/Users/ddddd/OneDrive/Desktop/Semester 4/CA/RISCV Processor/project_1.srcs/sources_1/new/Task2.v:102]
ERROR: [VRFC 10-3180] cannot find port 'Funct3' on this module [C:/Users/ddddd/OneDrive/Desktop/Semester 4/CA/RISCV Processor/project_1.srcs/sources_1/new/Task2.v:161]
ERROR: [XSIM 43-3322] Static elaboration of top level Verilog design unit(s) in library work failed.
INFO: [USF-XSim-69] 'elaborate' step finished in '4' seconds
INFO: [USF-XSim-99] Step results log file:'C:/Users/ddddd/OneDrive/Desktop/Semester 4/CA/RISCV Processor/project_1.sim/sim_1/behav/xsim/elaborate.log'
ERROR: [USF-XSim-62] 'elaborate' step failed with error(s). Please check the Tcl console output or 'C:/Users/ddddd/OneDrive/Desktop/Semester 4/CA/RISCV Processor/project_1.sim/sim_1/behav/xsim/elaborate.log' file for more information.
ERROR: [Vivado 12-4473] Detected error while running simulation. Please correct the issue and retry this operation.
launch_simulation: Time (s): cpu = 00:00:01 ; elapsed = 00:00:10 . Memory (MB): peak = 1024.773 ; gain = 0.000
ERROR: [Common 17-39] 'launch_simulation' failed due to earlier errors.
launch_simulation
Command: launch_simulation 
INFO: [Vivado 12-5682] Launching behavioral simulation in 'C:/Users/ddddd/OneDrive/Desktop/Semester 4/CA/RISCV Processor/project_1.sim/sim_1/behav/xsim'
INFO: [SIM-utils-51] Simulation object is 'sim_1'
INFO: [SIM-utils-54] Inspecting design source files for 'task2_tb' in fileset 'sim_1'...
INFO: [USF-XSim-97] Finding global include files...
INFO: [USF-XSim-98] Fetching design files from 'sim_1'...
INFO: [USF-XSim-2] XSim::Compile design
INFO: [USF-XSim-61] Executing 'COMPILE and ANALYZE' step in 'C:/Users/ddddd/OneDrive/Desktop/Semester 4/CA/RISCV Processor/project_1.sim/sim_1/behav/xsim'
"xvlog --incr --relax -prj task2_tb_vlog.prj"
INFO: [VRFC 10-2263] Analyzing Verilog file "C:/Users/ddddd/OneDrive/Desktop/Semester 4/CA/RISCV Processor/project_1.srcs/sources_1/new/ALU_64_bit.v" into library xil_defaultlib
INFO: [VRFC 10-311] analyzing module ALU_64_bit
INFO: [VRFC 10-2263] Analyzing Verilog file "C:/Users/ddddd/OneDrive/Desktop/Semester 4/CA/RISCV Processor/project_1.srcs/sources_1/new/ALU_Control.v" into library xil_defaultlib
INFO: [VRFC 10-311] analyzing module ALU_Control
INFO: [VRFC 10-2263] Analyzing Verilog file "C:/Users/ddddd/OneDrive/Desktop/Semester 4/CA/RISCV Processor/project_1.srcs/sources_1/new/Control_Unit.v" into library xil_defaultlib
INFO: [VRFC 10-311] analyzing module Control_Unit
INFO: [VRFC 10-2263] Analyzing Verilog file "C:/Users/ddddd/OneDrive/Desktop/Semester 4/CA/RISCV Processor/project_1.srcs/sources_1/new/Data_Memory.v" into library xil_defaultlib
INFO: [VRFC 10-311] analyzing module Data_Memory
INFO: [VRFC 10-2263] Analyzing Verilog file "C:/Users/ddddd/OneDrive/Desktop/Semester 4/CA/RISCV Processor/project_1.srcs/sources_1/new/EX_MEM.v" into library xil_defaultlib
INFO: [VRFC 10-311] analyzing module EX_MEM
INFO: [VRFC 10-2263] Analyzing Verilog file "C:/Users/ddddd/OneDrive/Desktop/Semester 4/CA/RISCV Processor/project_1.srcs/sources_1/new/ID_EX.v" into library xil_defaultlib
INFO: [VRFC 10-311] analyzing module ID_EX
INFO: [VRFC 10-2263] Analyzing Verilog file "C:/Users/ddddd/OneDrive/Desktop/Semester 4/CA/RISCV Processor/project_1.srcs/sources_1/new/IF_ID.v" into library xil_defaultlib
INFO: [VRFC 10-311] analyzing module IF_ID
INFO: [VRFC 10-2263] Analyzing Verilog file "C:/Users/ddddd/OneDrive/Desktop/Semester 4/CA/RISCV Processor/project_1.srcs/sources_1/new/Instruction_Memory.v" into library xil_defaultlib
INFO: [VRFC 10-311] analyzing module Instruction_Memory
INFO: [VRFC 10-2263] Analyzing Verilog file "C:/Users/ddddd/OneDrive/Desktop/Semester 4/CA/RISCV Processor/project_1.srcs/sources_1/new/MEM_WB.v" into library xil_defaultlib
INFO: [VRFC 10-311] analyzing module MEM_WB
INFO: [VRFC 10-2263] Analyzing Verilog file "C:/Users/ddddd/OneDrive/Desktop/Semester 4/CA/RISCV Processor/project_1.srcs/sources_1/new/Program_Counter.v" into library xil_defaultlib
INFO: [VRFC 10-311] analyzing module Program_Counter
INFO: [VRFC 10-2263] Analyzing Verilog file "C:/Users/ddddd/OneDrive/Desktop/Semester 4/CA/RISCV Processor/project_1.srcs/sources_1/new/RegisterFile.v" into library xil_defaultlib
INFO: [VRFC 10-311] analyzing module registerFile
INFO: [VRFC 10-2263] Analyzing Verilog file "C:/Users/ddddd/OneDrive/Desktop/Semester 4/CA/RISCV Processor/project_1.srcs/sources_1/new/Task2.v" into library xil_defaultlib
INFO: [VRFC 10-311] analyzing module RISC_V_Processor
INFO: [VRFC 10-2458] undeclared symbol IDEX_MemWrite_store, assumed default net type wire [C:/Users/ddddd/OneDrive/Desktop/Semester 4/CA/RISCV Processor/project_1.srcs/sources_1/new/Task2.v:150]
INFO: [VRFC 10-2458] undeclared symbol IDEX_MemRead_store, assumed default net type wire [C:/Users/ddddd/OneDrive/Desktop/Semester 4/CA/RISCV Processor/project_1.srcs/sources_1/new/Task2.v:151]
INFO: [VRFC 10-2458] undeclared symbol IDEX_ALUOp_store, assumed default net type wire [C:/Users/ddddd/OneDrive/Desktop/Semester 4/CA/RISCV Processor/project_1.srcs/sources_1/new/Task2.v:153]
INFO: [VRFC 10-2458] undeclared symbol alu_result_out, assumed default net type wire [C:/Users/ddddd/OneDrive/Desktop/Semester 4/CA/RISCV Processor/project_1.srcs/sources_1/new/Task2.v:180]
INFO: [VRFC 10-2458] undeclared symbol EXMEM_rd_out, assumed default net type wire [C:/Users/ddddd/OneDrive/Desktop/Semester 4/CA/RISCV Processor/project_1.srcs/sources_1/new/Task2.v:201]
INFO: [VRFC 10-2458] undeclared symbol EXMEM_MemWrite_store, assumed default net type wire [C:/Users/ddddd/OneDrive/Desktop/Semester 4/CA/RISCV Processor/project_1.srcs/sources_1/new/Task2.v:207]
INFO: [VRFC 10-2458] undeclared symbol EXMEM_MemRead_store, assumed default net type wire [C:/Users/ddddd/OneDrive/Desktop/Semester 4/CA/RISCV Processor/project_1.srcs/sources_1/new/Task2.v:208]
INFO: [VRFC 10-2263] Analyzing Verilog file "C:/Users/ddddd/OneDrive/Desktop/Semester 4/CA/RISCV Processor/project_1.srcs/sources_1/new/adder.v" into library xil_defaultlib
INFO: [VRFC 10-311] analyzing module adder
INFO: [VRFC 10-2263] Analyzing Verilog file "C:/Users/ddddd/OneDrive/Desktop/Semester 4/CA/RISCV Processor/project_1.srcs/sources_1/new/imm_data_gen.v" into library xil_defaultlib
INFO: [VRFC 10-311] analyzing module imm_dat_gen
INFO: [VRFC 10-2263] Analyzing Verilog file "C:/Users/ddddd/OneDrive/Desktop/Semester 4/CA/RISCV Processor/project_1.srcs/sources_1/new/inst_parser.v" into library xil_defaultlib
INFO: [VRFC 10-311] analyzing module inst_parser
INFO: [VRFC 10-2263] Analyzing Verilog file "C:/Users/ddddd/OneDrive/Desktop/Semester 4/CA/RISCV Processor/project_1.srcs/sources_1/new/mux_2x1.v" into library xil_defaultlib
INFO: [VRFC 10-311] analyzing module mux_2x1
INFO: [VRFC 10-2263] Analyzing Verilog file "C:/Users/ddddd/OneDrive/Desktop/Semester 4/CA/RISCV Processor/project_1.srcs/sim_1/new/task2_tb.v" into library xil_defaultlib
INFO: [VRFC 10-311] analyzing module task2_tb
INFO: [USF-XSim-69] 'compile' step finished in '3' seconds
INFO: [USF-XSim-3] XSim::Elaborate design
INFO: [USF-XSim-61] Executing 'ELABORATE' step in 'C:/Users/ddddd/OneDrive/Desktop/Semester 4/CA/RISCV Processor/project_1.sim/sim_1/behav/xsim'
"xelab -wto e3a17a71a2f045e1ba9ced6a1a8d75fe --incr --debug typical --relax --mt 2 -L xil_defaultlib -L unisims_ver -L unimacro_ver -L secureip --snapshot task2_tb_behav xil_defaultlib.task2_tb xil_defaultlib.glbl -log elaborate.log"
Vivado Simulator 2020.1
Copyright 1986-1999, 2001-2020 Xilinx, Inc. All Rights Reserved.
Running: C:/Xilinx/Vivado/2020.1/bin/unwrapped/win64.o/xelab.exe -wto e3a17a71a2f045e1ba9ced6a1a8d75fe --incr --debug typical --relax --mt 2 -L xil_defaultlib -L unisims_ver -L unimacro_ver -L secureip --snapshot task2_tb_behav xil_defaultlib.task2_tb xil_defaultlib.glbl -log elaborate.log 
Using 2 slave threads.
Starting static elaboration
Pass Through NonSizing Optimizer
ERROR: [VRFC 10-3180] cannot find port 'Funct3' on this module [C:/Users/ddddd/OneDrive/Desktop/Semester 4/CA/RISCV Processor/project_1.srcs/sources_1/new/Task2.v:161]
ERROR: [XSIM 43-3322] Static elaboration of top level Verilog design unit(s) in library work failed.
INFO: [USF-XSim-69] 'elaborate' step finished in '1' seconds
INFO: [USF-XSim-99] Step results log file:'C:/Users/ddddd/OneDrive/Desktop/Semester 4/CA/RISCV Processor/project_1.sim/sim_1/behav/xsim/elaborate.log'
ERROR: [USF-XSim-62] 'elaborate' step failed with error(s). Please check the Tcl console output or 'C:/Users/ddddd/OneDrive/Desktop/Semester 4/CA/RISCV Processor/project_1.sim/sim_1/behav/xsim/elaborate.log' file for more information.
ERROR: [Vivado 12-4473] Detected error while running simulation. Please correct the issue and retry this operation.
ERROR: [Common 17-39] 'launch_simulation' failed due to earlier errors.
launch_simulation
Command: launch_simulation 
INFO: [Vivado 12-5682] Launching behavioral simulation in 'C:/Users/ddddd/OneDrive/Desktop/Semester 4/CA/RISCV Processor/project_1.sim/sim_1/behav/xsim'
INFO: [SIM-utils-51] Simulation object is 'sim_1'
INFO: [SIM-utils-54] Inspecting design source files for 'task2_tb' in fileset 'sim_1'...
INFO: [USF-XSim-97] Finding global include files...
INFO: [USF-XSim-98] Fetching design files from 'sim_1'...
INFO: [USF-XSim-2] XSim::Compile design
INFO: [USF-XSim-61] Executing 'COMPILE and ANALYZE' step in 'C:/Users/ddddd/OneDrive/Desktop/Semester 4/CA/RISCV Processor/project_1.sim/sim_1/behav/xsim'
"xvlog --incr --relax -prj task2_tb_vlog.prj"
INFO: [VRFC 10-2263] Analyzing Verilog file "C:/Users/ddddd/OneDrive/Desktop/Semester 4/CA/RISCV Processor/project_1.srcs/sources_1/new/ALU_64_bit.v" into library xil_defaultlib
INFO: [VRFC 10-311] analyzing module ALU_64_bit
INFO: [VRFC 10-2263] Analyzing Verilog file "C:/Users/ddddd/OneDrive/Desktop/Semester 4/CA/RISCV Processor/project_1.srcs/sources_1/new/ALU_Control.v" into library xil_defaultlib
INFO: [VRFC 10-311] analyzing module ALU_Control
INFO: [VRFC 10-2263] Analyzing Verilog file "C:/Users/ddddd/OneDrive/Desktop/Semester 4/CA/RISCV Processor/project_1.srcs/sources_1/new/Control_Unit.v" into library xil_defaultlib
INFO: [VRFC 10-311] analyzing module Control_Unit
INFO: [VRFC 10-2263] Analyzing Verilog file "C:/Users/ddddd/OneDrive/Desktop/Semester 4/CA/RISCV Processor/project_1.srcs/sources_1/new/Data_Memory.v" into library xil_defaultlib
INFO: [VRFC 10-311] analyzing module Data_Memory
INFO: [VRFC 10-2263] Analyzing Verilog file "C:/Users/ddddd/OneDrive/Desktop/Semester 4/CA/RISCV Processor/project_1.srcs/sources_1/new/EX_MEM.v" into library xil_defaultlib
INFO: [VRFC 10-311] analyzing module EX_MEM
INFO: [VRFC 10-2263] Analyzing Verilog file "C:/Users/ddddd/OneDrive/Desktop/Semester 4/CA/RISCV Processor/project_1.srcs/sources_1/new/ID_EX.v" into library xil_defaultlib
INFO: [VRFC 10-311] analyzing module ID_EX
INFO: [VRFC 10-2263] Analyzing Verilog file "C:/Users/ddddd/OneDrive/Desktop/Semester 4/CA/RISCV Processor/project_1.srcs/sources_1/new/IF_ID.v" into library xil_defaultlib
INFO: [VRFC 10-311] analyzing module IF_ID
INFO: [VRFC 10-2263] Analyzing Verilog file "C:/Users/ddddd/OneDrive/Desktop/Semester 4/CA/RISCV Processor/project_1.srcs/sources_1/new/Instruction_Memory.v" into library xil_defaultlib
INFO: [VRFC 10-311] analyzing module Instruction_Memory
INFO: [VRFC 10-2263] Analyzing Verilog file "C:/Users/ddddd/OneDrive/Desktop/Semester 4/CA/RISCV Processor/project_1.srcs/sources_1/new/MEM_WB.v" into library xil_defaultlib
INFO: [VRFC 10-311] analyzing module MEM_WB
INFO: [VRFC 10-2263] Analyzing Verilog file "C:/Users/ddddd/OneDrive/Desktop/Semester 4/CA/RISCV Processor/project_1.srcs/sources_1/new/Program_Counter.v" into library xil_defaultlib
INFO: [VRFC 10-311] analyzing module Program_Counter
INFO: [VRFC 10-2263] Analyzing Verilog file "C:/Users/ddddd/OneDrive/Desktop/Semester 4/CA/RISCV Processor/project_1.srcs/sources_1/new/RegisterFile.v" into library xil_defaultlib
INFO: [VRFC 10-311] analyzing module registerFile
INFO: [VRFC 10-2263] Analyzing Verilog file "C:/Users/ddddd/OneDrive/Desktop/Semester 4/CA/RISCV Processor/project_1.srcs/sources_1/new/Task2.v" into library xil_defaultlib
INFO: [VRFC 10-311] analyzing module RISC_V_Processor
INFO: [VRFC 10-2458] undeclared symbol IDEX_MemWrite_store, assumed default net type wire [C:/Users/ddddd/OneDrive/Desktop/Semester 4/CA/RISCV Processor/project_1.srcs/sources_1/new/Task2.v:150]
INFO: [VRFC 10-2458] undeclared symbol IDEX_MemRead_store, assumed default net type wire [C:/Users/ddddd/OneDrive/Desktop/Semester 4/CA/RISCV Processor/project_1.srcs/sources_1/new/Task2.v:151]
INFO: [VRFC 10-2458] undeclared symbol IDEX_ALUOp_store, assumed default net type wire [C:/Users/ddddd/OneDrive/Desktop/Semester 4/CA/RISCV Processor/project_1.srcs/sources_1/new/Task2.v:153]
INFO: [VRFC 10-2458] undeclared symbol alu_result_out, assumed default net type wire [C:/Users/ddddd/OneDrive/Desktop/Semester 4/CA/RISCV Processor/project_1.srcs/sources_1/new/Task2.v:180]
INFO: [VRFC 10-2458] undeclared symbol EXMEM_rd_out, assumed default net type wire [C:/Users/ddddd/OneDrive/Desktop/Semester 4/CA/RISCV Processor/project_1.srcs/sources_1/new/Task2.v:201]
INFO: [VRFC 10-2458] undeclared symbol EXMEM_MemWrite_store, assumed default net type wire [C:/Users/ddddd/OneDrive/Desktop/Semester 4/CA/RISCV Processor/project_1.srcs/sources_1/new/Task2.v:207]
INFO: [VRFC 10-2458] undeclared symbol EXMEM_MemRead_store, assumed default net type wire [C:/Users/ddddd/OneDrive/Desktop/Semester 4/CA/RISCV Processor/project_1.srcs/sources_1/new/Task2.v:208]
INFO: [VRFC 10-2263] Analyzing Verilog file "C:/Users/ddddd/OneDrive/Desktop/Semester 4/CA/RISCV Processor/project_1.srcs/sources_1/new/adder.v" into library xil_defaultlib
INFO: [VRFC 10-311] analyzing module adder
INFO: [VRFC 10-2263] Analyzing Verilog file "C:/Users/ddddd/OneDrive/Desktop/Semester 4/CA/RISCV Processor/project_1.srcs/sources_1/new/imm_data_gen.v" into library xil_defaultlib
INFO: [VRFC 10-311] analyzing module imm_dat_gen
INFO: [VRFC 10-2263] Analyzing Verilog file "C:/Users/ddddd/OneDrive/Desktop/Semester 4/CA/RISCV Processor/project_1.srcs/sources_1/new/inst_parser.v" into library xil_defaultlib
INFO: [VRFC 10-311] analyzing module inst_parser
INFO: [VRFC 10-2263] Analyzing Verilog file "C:/Users/ddddd/OneDrive/Desktop/Semester 4/CA/RISCV Processor/project_1.srcs/sources_1/new/mux_2x1.v" into library xil_defaultlib
INFO: [VRFC 10-311] analyzing module mux_2x1
INFO: [VRFC 10-2263] Analyzing Verilog file "C:/Users/ddddd/OneDrive/Desktop/Semester 4/CA/RISCV Processor/project_1.srcs/sim_1/new/task2_tb.v" into library xil_defaultlib
INFO: [VRFC 10-311] analyzing module task2_tb
INFO: [USF-XSim-69] 'compile' step finished in '3' seconds
INFO: [USF-XSim-3] XSim::Elaborate design
INFO: [USF-XSim-61] Executing 'ELABORATE' step in 'C:/Users/ddddd/OneDrive/Desktop/Semester 4/CA/RISCV Processor/project_1.sim/sim_1/behav/xsim'
"xelab -wto e3a17a71a2f045e1ba9ced6a1a8d75fe --incr --debug typical --relax --mt 2 -L xil_defaultlib -L unisims_ver -L unimacro_ver -L secureip --snapshot task2_tb_behav xil_defaultlib.task2_tb xil_defaultlib.glbl -log elaborate.log"
Vivado Simulator 2020.1
Copyright 1986-1999, 2001-2020 Xilinx, Inc. All Rights Reserved.
Running: C:/Xilinx/Vivado/2020.1/bin/unwrapped/win64.o/xelab.exe -wto e3a17a71a2f045e1ba9ced6a1a8d75fe --incr --debug typical --relax --mt 2 -L xil_defaultlib -L unisims_ver -L unimacro_ver -L secureip --snapshot task2_tb_behav xil_defaultlib.task2_tb xil_defaultlib.glbl -log elaborate.log 
Using 2 slave threads.
Starting static elaboration
Pass Through NonSizing Optimizer
WARNING: [VRFC 10-3091] actual bit length 3 differs from formal bit length 4 for port 'func' [C:/Users/ddddd/OneDrive/Desktop/Semester 4/CA/RISCV Processor/project_1.srcs/sources_1/new/Task2.v:128]
WARNING: [VRFC 10-3091] actual bit length 1 differs from formal bit length 2 for port 'ALU_op_store' [C:/Users/ddddd/OneDrive/Desktop/Semester 4/CA/RISCV Processor/project_1.srcs/sources_1/new/Task2.v:153]
WARNING: [VRFC 10-3091] actual bit length 1 differs from formal bit length 2 for port 'ALUOp' [C:/Users/ddddd/OneDrive/Desktop/Semester 4/CA/RISCV Processor/project_1.srcs/sources_1/new/Task2.v:160]
WARNING: [VRFC 10-3091] actual bit length 1 differs from formal bit length 64 for port 'Result' [C:/Users/ddddd/OneDrive/Desktop/Semester 4/CA/RISCV Processor/project_1.srcs/sources_1/new/Task2.v:180]
WARNING: [VRFC 10-3091] actual bit length 1 differs from formal bit length 64 for port 'ALU_result' [C:/Users/ddddd/OneDrive/Desktop/Semester 4/CA/RISCV Processor/project_1.srcs/sources_1/new/Task2.v:186]
WARNING: [VRFC 10-3091] actual bit length 1 differs from formal bit length 5 for port 'rd_store' [C:/Users/ddddd/OneDrive/Desktop/Semester 4/CA/RISCV Processor/project_1.srcs/sources_1/new/Task2.v:201]
WARNING: [VRFC 10-3091] actual bit length 1 differs from formal bit length 5 for port 'rd' [C:/Users/ddddd/OneDrive/Desktop/Semester 4/CA/RISCV Processor/project_1.srcs/sources_1/new/Task2.v:227]
Completed static elaboration
Starting simulation data flow analysis
Completed simulation data flow analysis
Time Resolution for simulation is 1ps
Compiling module xil_defaultlib.Program_Counter
Compiling module xil_defaultlib.adder
Compiling module xil_defaultlib.Instruction_Memory
Compiling module xil_defaultlib.IF_ID
Compiling module xil_defaultlib.inst_parser
Compiling module xil_defaultlib.Control_Unit
Compiling module xil_defaultlib.registerFile
Compiling module xil_defaultlib.imm_dat_gen
Compiling module xil_defaultlib.ID_EX
Compiling module xil_defaultlib.ALU_Control
Compiling module xil_defaultlib.mux_2x1
Compiling module xil_defaultlib.ALU_64_bit
Compiling module xil_defaultlib.EX_MEM
Compiling module xil_defaultlib.Data_Memory
Compiling module xil_defaultlib.MEM_WB
Compiling module xil_defaultlib.RISC_V_Processor
Compiling module xil_defaultlib.task2_tb
Compiling module xil_defaultlib.glbl
Built simulation snapshot task2_tb_behav

****** Webtalk v2020.1 (64-bit)
  **** SW Build 2902540 on Wed May 27 19:54:49 MDT 2020
  **** IP Build 2902112 on Wed May 27 22:43:36 MDT 2020
    ** Copyright 1986-2020 Xilinx, Inc. All Rights Reserved.

source C:/Users/ddddd/OneDrive/Desktop/Semester -notrace
couldn't read file "C:/Users/ddddd/OneDrive/Desktop/Semester": permission denied
INFO: [Common 17-206] Exiting Webtalk at Sat Apr 12 10:29:19 2025...
INFO: [USF-XSim-69] 'elaborate' step finished in '5' seconds
INFO: [USF-XSim-4] XSim::Simulate design
INFO: [USF-XSim-61] Executing 'SIMULATE' step in 'C:/Users/ddddd/OneDrive/Desktop/Semester 4/CA/RISCV Processor/project_1.sim/sim_1/behav/xsim'
INFO: [USF-XSim-98] *** Running xsim
   with args "task2_tb_behav -key {Behavioral:sim_1:Functional:task2_tb} -tclbatch {task2_tb.tcl} -view {{C:/Users/ddddd/OneDrive/Desktop/Semester 4/CA/RISCV Processor/task1_tb_behav.wcfg}} -log {simulate.log}"
INFO: [USF-XSim-8] Loading simulator feature
Vivado Simulator 2020.1
Time resolution is 1 ps
open_wave_config {C:/Users/ddddd/OneDrive/Desktop/Semester 4/CA/RISCV Processor/task1_tb_behav.wcfg}
WARNING: Simulation object /task1_tb/a1/clk was not found in the design.
WARNING: Simulation object /task1_tb/a1/reset was not found in the design.
WARNING: Simulation object /task1_tb/a1/PC_In was not found in the design.
WARNING: Simulation object /task1_tb/a1/PC_Out was not found in the design.
WARNING: Simulation object /task1_tb/a1/PCFour was not found in the design.
WARNING: Simulation object /task1_tb/a1/Instruction was not found in the design.
WARNING: Simulation object /task1_tb/a1/opcode was not found in the design.
WARNING: Simulation object /task1_tb/a1/rd was not found in the design.
WARNING: Simulation object /task1_tb/a1/rs1 was not found in the design.
WARNING: Simulation object /task1_tb/a1/rs2 was not found in the design.
WARNING: Simulation object /task1_tb/a1/funct3 was not found in the design.
WARNING: Simulation object /task1_tb/a1/funct7 was not found in the design.
WARNING: Simulation object /task1_tb/a1/funct was not found in the design.
WARNING: Simulation object /task1_tb/a1/Branch was not found in the design.
WARNING: Simulation object /task1_tb/a1/MemRead was not found in the design.
WARNING: Simulation object /task1_tb/a1/MemtoReg was not found in the design.
WARNING: Simulation object /task1_tb/a1/MemWrite was not found in the design.
WARNING: Simulation object /task1_tb/a1/ALUSrc was not found in the design.
WARNING: Simulation object /task1_tb/a1/RegWrite was not found in the design.
WARNING: Simulation object /task1_tb/a1/Operation was not found in the design.
WARNING: Simulation object /task1_tb/a1/immediate was not found in the design.
WARNING: Simulation object /task1_tb/a1/PCBranch was not found in the design.
WARNING: Simulation object /task1_tb/a1/immediate_left was not found in the design.
WARNING: Simulation object /task1_tb/a1/writeData was not found in the design.
WARNING: Simulation object /task1_tb/a1/ReadData1 was not found in the design.
WARNING: Simulation object /task1_tb/a1/ReadData2 was not found in the design.
WARNING: Simulation object /task1_tb/a1/data_out was not found in the design.
WARNING: Simulation object /task1_tb/a1/Cin was not found in the design.
WARNING: Simulation object /task1_tb/a1/Cout was not found in the design.
WARNING: Simulation object /task1_tb/a1/Zero was not found in the design.
WARNING: Simulation object /task1_tb/a1/Result was not found in the design.
WARNING: Simulation object /task1_tb/a1/pc_final_out was not found in the design.
WARNING: Simulation object /task1_tb/a1/signal was not found in the design.
WARNING: Simulation object /task1_tb/a1/Read_Data was not found in the design.
WARNING: Simulation object /task1_tb/a1/final_mux_data_out was not found in the design.
WARNING: Simulation object /task1_tb/a1/g1/ALUOp was not found in the design.
WARNING: Simulation object /task1_tb/a1/l1/Mem_Addr was not found in the design.
WARNING: Simulation object /task1_tb/a1/l1/Write_Data was not found in the design.
WARNING: Simulation object /task1_tb/a1/l1/clk was not found in the design.
WARNING: Simulation object /task1_tb/a1/l1/MemWrite was not found in the design.
WARNING: Simulation object /task1_tb/a1/l1/MemRead was not found in the design.
WARNING: Simulation object /task1_tb/a1/l1/Read_Data was not found in the design.
WARNING: Simulation object /task1_tb/a1/l1/DataMemory was not found in the design.
WARNING: Simulation object /task1_tb/a1/l1/i was not found in the design.
source task2_tb.tcl
# set curr_wave [current_wave_config]
# if { [string length $curr_wave] == 0 } {
#   if { [llength [get_objects]] > 0} {
#     add_wave /
#     set_property needs_save false [current_wave_config]
#   } else {
#      send_msg_id Add_Wave-1 WARNING "No top level signals found. Simulator will start without a wave window. If you want to open a wave window go to 'File->New Waveform Configuration' or type 'create_wave_config' in the TCL console."
#   }
# }
# run 100000ns
INFO: [USF-XSim-96] XSim completed. Design snapshot 'task2_tb_behav' loaded.
INFO: [USF-XSim-97] XSim simulation ran for 100000ns
launch_simulation: Time (s): cpu = 00:00:08 ; elapsed = 00:00:12 . Memory (MB): peak = 1024.773 ; gain = 0.000
current_wave_config {task1_tb_behav.wcfg}
task1_tb_behav.wcfg
add_wave {{/task2_tb/a1}} 
save_wave_config {C:/Users/ddddd/OneDrive/Desktop/Semester 4/CA/RISCV Processor/task1_tb_behav.wcfg}
close_sim
INFO: [Simtcl 6-16] Simulation closed
launch_simulation
Command: launch_simulation 
INFO: [Vivado 12-5682] Launching behavioral simulation in 'C:/Users/ddddd/OneDrive/Desktop/Semester 4/CA/RISCV Processor/project_1.sim/sim_1/behav/xsim'
INFO: [SIM-utils-51] Simulation object is 'sim_1'
INFO: [SIM-utils-54] Inspecting design source files for 'task2_tb' in fileset 'sim_1'...
INFO: [USF-XSim-97] Finding global include files...
INFO: [USF-XSim-98] Fetching design files from 'sim_1'...
INFO: [USF-XSim-2] XSim::Compile design
INFO: [USF-XSim-61] Executing 'COMPILE and ANALYZE' step in 'C:/Users/ddddd/OneDrive/Desktop/Semester 4/CA/RISCV Processor/project_1.sim/sim_1/behav/xsim'
"xvlog --incr --relax -prj task2_tb_vlog.prj"
INFO: [USF-XSim-69] 'compile' step finished in '1' seconds
INFO: [USF-XSim-3] XSim::Elaborate design
INFO: [USF-XSim-61] Executing 'ELABORATE' step in 'C:/Users/ddddd/OneDrive/Desktop/Semester 4/CA/RISCV Processor/project_1.sim/sim_1/behav/xsim'
"xelab -wto e3a17a71a2f045e1ba9ced6a1a8d75fe --incr --debug typical --relax --mt 2 -L xil_defaultlib -L unisims_ver -L unimacro_ver -L secureip --snapshot task2_tb_behav xil_defaultlib.task2_tb xil_defaultlib.glbl -log elaborate.log"
Vivado Simulator 2020.1
Copyright 1986-1999, 2001-2020 Xilinx, Inc. All Rights Reserved.
Running: C:/Xilinx/Vivado/2020.1/bin/unwrapped/win64.o/xelab.exe -wto e3a17a71a2f045e1ba9ced6a1a8d75fe --incr --debug typical --relax --mt 2 -L xil_defaultlib -L unisims_ver -L unimacro_ver -L secureip --snapshot task2_tb_behav xil_defaultlib.task2_tb xil_defaultlib.glbl -log elaborate.log 
Using 2 slave threads.
Starting static elaboration
Pass Through NonSizing Optimizer
WARNING: [VRFC 10-3091] actual bit length 3 differs from formal bit length 4 for port 'func' [C:/Users/ddddd/OneDrive/Desktop/Semester 4/CA/RISCV Processor/project_1.srcs/sources_1/new/Task2.v:128]
WARNING: [VRFC 10-3091] actual bit length 1 differs from formal bit length 2 for port 'ALU_op_store' [C:/Users/ddddd/OneDrive/Desktop/Semester 4/CA/RISCV Processor/project_1.srcs/sources_1/new/Task2.v:153]
WARNING: [VRFC 10-3091] actual bit length 1 differs from formal bit length 2 for port 'ALUOp' [C:/Users/ddddd/OneDrive/Desktop/Semester 4/CA/RISCV Processor/project_1.srcs/sources_1/new/Task2.v:160]
WARNING: [VRFC 10-3091] actual bit length 1 differs from formal bit length 64 for port 'Result' [C:/Users/ddddd/OneDrive/Desktop/Semester 4/CA/RISCV Processor/project_1.srcs/sources_1/new/Task2.v:180]
WARNING: [VRFC 10-3091] actual bit length 1 differs from formal bit length 64 for port 'ALU_result' [C:/Users/ddddd/OneDrive/Desktop/Semester 4/CA/RISCV Processor/project_1.srcs/sources_1/new/Task2.v:186]
WARNING: [VRFC 10-3091] actual bit length 1 differs from formal bit length 5 for port 'rd_store' [C:/Users/ddddd/OneDrive/Desktop/Semester 4/CA/RISCV Processor/project_1.srcs/sources_1/new/Task2.v:201]
WARNING: [VRFC 10-3091] actual bit length 1 differs from formal bit length 5 for port 'rd' [C:/Users/ddddd/OneDrive/Desktop/Semester 4/CA/RISCV Processor/project_1.srcs/sources_1/new/Task2.v:227]
Completed static elaboration
INFO: [XSIM 43-4323] No Change in HDL. Linking previously generated obj files to create kernel
INFO: [USF-XSim-69] 'elaborate' step finished in '2' seconds
INFO: [USF-XSim-4] XSim::Simulate design
INFO: [USF-XSim-61] Executing 'SIMULATE' step in 'C:/Users/ddddd/OneDrive/Desktop/Semester 4/CA/RISCV Processor/project_1.sim/sim_1/behav/xsim'
INFO: [USF-XSim-98] *** Running xsim
   with args "task2_tb_behav -key {Behavioral:sim_1:Functional:task2_tb} -tclbatch {task2_tb.tcl} -view {{C:/Users/ddddd/OneDrive/Desktop/Semester 4/CA/RISCV Processor/task1_tb_behav.wcfg}} -log {simulate.log}"
INFO: [USF-XSim-8] Loading simulator feature
Vivado Simulator 2020.1
Time resolution is 1 ps
open_wave_config {C:/Users/ddddd/OneDrive/Desktop/Semester 4/CA/RISCV Processor/task1_tb_behav.wcfg}
source task2_tb.tcl
# set curr_wave [current_wave_config]
# if { [string length $curr_wave] == 0 } {
#   if { [llength [get_objects]] > 0} {
#     add_wave /
#     set_property needs_save false [current_wave_config]
#   } else {
#      send_msg_id Add_Wave-1 WARNING "No top level signals found. Simulator will start without a wave window. If you want to open a wave window go to 'File->New Waveform Configuration' or type 'create_wave_config' in the TCL console."
#   }
# }
# run 100000ns
xsim: Time (s): cpu = 00:00:06 ; elapsed = 00:00:05 . Memory (MB): peak = 1024.773 ; gain = 0.000
INFO: [USF-XSim-96] XSim completed. Design snapshot 'task2_tb_behav' loaded.
INFO: [USF-XSim-97] XSim simulation ran for 100000ns
launch_simulation: Time (s): cpu = 00:00:06 ; elapsed = 00:00:09 . Memory (MB): peak = 1024.773 ; gain = 0.000
close_sim
INFO: [Simtcl 6-16] Simulation closed
exit
INFO: [Common 17-206] Exiting Vivado at Sat Apr 12 20:01:37 2025...
