#-----------------------------------------------------------
# Vivado v2020.1 (64-bit)
# SW Build 2902540 on Wed May 27 19:54:49 MDT 2020
# IP Build 2902112 on Wed May 27 22:43:36 MDT 2020
# Start of session at: Sat Apr 19 18:22:00 2025
# Process ID: 14444
# Current directory: C:/Users/ddddd/OneDrive/Desktop/task3/RISCV Processor
# Command line: vivado.exe -gui_launcher_event rodinguilauncherevent3488 C:\Users\ddddd\OneDrive\Desktop\task3\RISCV Processor\project_1.xpr
# Log file: C:/Users/ddddd/OneDrive/Desktop/task3/RISCV Processor/vivado.log
# Journal file: C:/Users/ddddd/OneDrive/Desktop/task3/RISCV Processor\vivado.jou
#-----------------------------------------------------------
start_gui
open_project {C:/Users/ddddd/OneDrive/Desktop/task3/RISCV Processor/project_1.xpr}
INFO: [Project 1-313] Project file moved from 'C:/Users/ddddd/OneDrive/Desktop/opp/op/RISCV Processor Task 3' since last save.
Scanning sources...
Finished scanning sources
INFO: [IP_Flow 19-234] Refreshing IP repositories
INFO: [IP_Flow 19-1704] No user IP repositories specified
INFO: [IP_Flow 19-2313] Loaded Vivado IP repository 'C:/Xilinx/Vivado/2020.1/data/ip'.
open_project: Time (s): cpu = 00:00:13 ; elapsed = 00:00:06 . Memory (MB): peak = 1025.445 ; gain = 0.000
update_compile_order -fileset sources_1
launch_simulation
Command: launch_simulation 
INFO: [Vivado 12-5682] Launching behavioral simulation in 'C:/Users/ddddd/OneDrive/Desktop/task3/RISCV Processor/project_1.sim/sim_1/behav/xsim'
INFO: [SIM-utils-51] Simulation object is 'sim_1'
INFO: [SIM-utils-54] Inspecting design source files for 'task3_tb' in fileset 'sim_1'...
INFO: [USF-XSim-97] Finding global include files...
INFO: [USF-XSim-98] Fetching design files from 'sim_1'...
INFO: [USF-XSim-2] XSim::Compile design
INFO: [USF-XSim-61] Executing 'COMPILE and ANALYZE' step in 'C:/Users/ddddd/OneDrive/Desktop/task3/RISCV Processor/project_1.sim/sim_1/behav/xsim'
"xvlog --incr --relax -prj task3_tb_vlog.prj"
INFO: [VRFC 10-2263] Analyzing Verilog file "C:/Users/ddddd/OneDrive/Desktop/task3/RISCV Processor/project_1.srcs/sources_1/new/ALU_64_bit.v" into library xil_defaultlib
INFO: [VRFC 10-311] analyzing module ALU_64_bit
INFO: [VRFC 10-2263] Analyzing Verilog file "C:/Users/ddddd/OneDrive/Desktop/task3/RISCV Processor/project_1.srcs/sources_1/new/ALU_Control.v" into library xil_defaultlib
INFO: [VRFC 10-311] analyzing module ALU_Control
INFO: [VRFC 10-2263] Analyzing Verilog file "C:/Users/ddddd/OneDrive/Desktop/task3/RISCV Processor/project_1.srcs/sources_1/new/Control_Unit.v" into library xil_defaultlib
INFO: [VRFC 10-311] analyzing module Control_Unit
INFO: [VRFC 10-2263] Analyzing Verilog file "C:/Users/ddddd/OneDrive/Desktop/task3/RISCV Processor/project_1.srcs/sources_1/new/Data_Memory.v" into library xil_defaultlib
INFO: [VRFC 10-311] analyzing module Data_Memory
INFO: [VRFC 10-2263] Analyzing Verilog file "C:/Users/ddddd/OneDrive/Desktop/task3/RISCV Processor/project_1.srcs/sources_1/new/EX_MEM.v" into library xil_defaultlib
INFO: [VRFC 10-311] analyzing module EX_MEM
INFO: [VRFC 10-2263] Analyzing Verilog file "C:/Users/ddddd/OneDrive/Desktop/task3/RISCV Processor/project_1.srcs/sources_1/new/Forwarding_Unit.v" into library xil_defaultlib
INFO: [VRFC 10-311] analyzing module Forwarding_Unit
INFO: [VRFC 10-2263] Analyzing Verilog file "C:/Users/ddddd/OneDrive/Desktop/task3/RISCV Processor/project_1.srcs/sources_1/new/Hazard_Detection_Unit.v" into library xil_defaultlib
INFO: [VRFC 10-311] analyzing module Hazard_Detection_Unit
INFO: [VRFC 10-2263] Analyzing Verilog file "C:/Users/ddddd/OneDrive/Desktop/task3/RISCV Processor/project_1.srcs/sources_1/new/ID_EX_2.v" into library xil_defaultlib
INFO: [VRFC 10-311] analyzing module ID_EX_2
INFO: [VRFC 10-2263] Analyzing Verilog file "C:/Users/ddddd/OneDrive/Desktop/task3/RISCV Processor/project_1.srcs/sources_1/new/IF_ID_2.v" into library xil_defaultlib
INFO: [VRFC 10-311] analyzing module IF_ID_2
INFO: [VRFC 10-2263] Analyzing Verilog file "C:/Users/ddddd/OneDrive/Desktop/task3/RISCV Processor/project_1.srcs/sources_1/new/IM_2.v" into library xil_defaultlib
INFO: [VRFC 10-311] analyzing module IM_2
INFO: [VRFC 10-2263] Analyzing Verilog file "C:/Users/ddddd/OneDrive/Desktop/task3/RISCV Processor/project_1.srcs/sources_1/new/MEM_WB.v" into library xil_defaultlib
INFO: [VRFC 10-311] analyzing module MEM_WB
INFO: [VRFC 10-2263] Analyzing Verilog file "C:/Users/ddddd/OneDrive/Desktop/task3/RISCV Processor/project_1.srcs/sources_1/new/PC_2.v" into library xil_defaultlib
INFO: [VRFC 10-311] analyzing module PC_2
INFO: [VRFC 10-2263] Analyzing Verilog file "C:/Users/ddddd/OneDrive/Desktop/task3/RISCV Processor/project_1.srcs/sources_1/new/RegisterFile.v" into library xil_defaultlib
INFO: [VRFC 10-311] analyzing module registerFile
INFO: [VRFC 10-2263] Analyzing Verilog file "C:/Users/ddddd/OneDrive/Desktop/task3/RISCV Processor/project_1.srcs/sources_1/new/adder.v" into library xil_defaultlib
INFO: [VRFC 10-311] analyzing module adder
INFO: [VRFC 10-2263] Analyzing Verilog file "C:/Users/ddddd/OneDrive/Desktop/task3/RISCV Processor/project_1.srcs/sources_1/new/imm_data_gen.v" into library xil_defaultlib
INFO: [VRFC 10-311] analyzing module imm_dat_gen
INFO: [VRFC 10-2263] Analyzing Verilog file "C:/Users/ddddd/OneDrive/Desktop/task3/RISCV Processor/project_1.srcs/sources_1/new/inst_parser.v" into library xil_defaultlib
INFO: [VRFC 10-311] analyzing module inst_parser
INFO: [VRFC 10-2263] Analyzing Verilog file "C:/Users/ddddd/OneDrive/Desktop/task3/RISCV Processor/project_1.srcs/sources_1/new/mux_2x1.v" into library xil_defaultlib
INFO: [VRFC 10-311] analyzing module mux_2x1
INFO: [VRFC 10-2263] Analyzing Verilog file "C:/Users/ddddd/OneDrive/Desktop/task3/RISCV Processor/project_1.srcs/sources_1/new/task3.v" into library xil_defaultlib
INFO: [VRFC 10-311] analyzing module task_3
INFO: [VRFC 10-2458] undeclared symbol IDEX_MemRead_store, assumed default net type wire [C:/Users/ddddd/OneDrive/Desktop/task3/RISCV Processor/project_1.srcs/sources_1/new/task3.v:96]
INFO: [VRFC 10-2458] undeclared symbol IDEX_MemWrite_store, assumed default net type wire [C:/Users/ddddd/OneDrive/Desktop/task3/RISCV Processor/project_1.srcs/sources_1/new/task3.v:179]
INFO: [VRFC 10-2458] undeclared symbol EXMEM_MemWrite_store, assumed default net type wire [C:/Users/ddddd/OneDrive/Desktop/task3/RISCV Processor/project_1.srcs/sources_1/new/task3.v:274]
INFO: [VRFC 10-2458] undeclared symbol EXMEM_MemRead_store, assumed default net type wire [C:/Users/ddddd/OneDrive/Desktop/task3/RISCV Processor/project_1.srcs/sources_1/new/task3.v:275]
INFO: [VRFC 10-2263] Analyzing Verilog file "C:/Users/ddddd/OneDrive/Desktop/task3/RISCV Processor/project_1.srcs/sim_1/new/task3_tb.v" into library xil_defaultlib
INFO: [VRFC 10-311] analyzing module task3_tb
INFO: [VRFC 10-2263] Analyzing Verilog file "C:/Users/ddddd/OneDrive/Desktop/task3/RISCV Processor/project_1.sim/sim_1/behav/xsim/glbl.v" into library xil_defaultlib
INFO: [VRFC 10-311] analyzing module glbl
INFO: [USF-XSim-69] 'compile' step finished in '3' seconds
INFO: [USF-XSim-3] XSim::Elaborate design
INFO: [USF-XSim-61] Executing 'ELABORATE' step in 'C:/Users/ddddd/OneDrive/Desktop/task3/RISCV Processor/project_1.sim/sim_1/behav/xsim'
"xelab -wto e3a17a71a2f045e1ba9ced6a1a8d75fe --incr --debug typical --relax --mt 2 -L xil_defaultlib -L unisims_ver -L unimacro_ver -L secureip --snapshot task3_tb_behav xil_defaultlib.task3_tb xil_defaultlib.glbl -log elaborate.log"
Vivado Simulator 2020.1
Copyright 1986-1999, 2001-2020 Xilinx, Inc. All Rights Reserved.
Running: C:/Xilinx/Vivado/2020.1/bin/unwrapped/win64.o/xelab.exe -wto e3a17a71a2f045e1ba9ced6a1a8d75fe --incr --debug typical --relax --mt 2 -L xil_defaultlib -L unisims_ver -L unimacro_ver -L secureip --snapshot task3_tb_behav xil_defaultlib.task3_tb xil_defaultlib.glbl -log elaborate.log 
Using 2 slave threads.
Starting static elaboration
Pass Through NonSizing Optimizer
WARNING: [VRFC 10-3091] actual bit length 32 differs from formal bit length 1 for port 'RegWrite' [C:/Users/ddddd/OneDrive/Desktop/task3/RISCV Processor/project_1.srcs/sources_1/new/task3.v:132]
WARNING: [VRFC 10-5021] port 'PC_final' is not connected on this instance [C:/Users/ddddd/OneDrive/Desktop/task3/RISCV Processor/project_1.srcs/sources_1/new/task3.v:94]
Completed static elaboration
Starting simulation data flow analysis
Completed simulation data flow analysis
Time Resolution for simulation is 1ps
Compiling module xil_defaultlib.PC_2
Compiling module xil_defaultlib.adder
Compiling module xil_defaultlib.IM_2
Compiling module xil_defaultlib.IF_ID_2
Compiling module xil_defaultlib.Hazard_Detection_Unit
Compiling module xil_defaultlib.inst_parser
Compiling module xil_defaultlib.Control_Unit
Compiling module xil_defaultlib.registerFile
Compiling module xil_defaultlib.imm_dat_gen
Compiling module xil_defaultlib.ID_EX_2
Compiling module xil_defaultlib.ALU_Control
Compiling module xil_defaultlib.Forwarding_Unit
Compiling module xil_defaultlib.mux_2x1
Compiling module xil_defaultlib.ALU_64_bit
Compiling module xil_defaultlib.EX_MEM
Compiling module xil_defaultlib.Data_Memory
Compiling module xil_defaultlib.MEM_WB
Compiling module xil_defaultlib.task_3
Compiling module xil_defaultlib.task3_tb
Compiling module xil_defaultlib.glbl
Built simulation snapshot task3_tb_behav

****** Webtalk v2020.1 (64-bit)
  **** SW Build 2902540 on Wed May 27 19:54:49 MDT 2020
  **** IP Build 2902112 on Wed May 27 22:43:36 MDT 2020
    ** Copyright 1986-2020 Xilinx, Inc. All Rights Reserved.

source C:/Users/ddddd/OneDrive/Desktop/task3/RISCV -notrace
couldn't read file "C:/Users/ddddd/OneDrive/Desktop/task3/RISCV": no such file or directory
INFO: [Common 17-206] Exiting Webtalk at Sat Apr 19 18:24:00 2025...
INFO: [USF-XSim-69] 'elaborate' step finished in '5' seconds
INFO: [USF-XSim-4] XSim::Simulate design
INFO: [USF-XSim-61] Executing 'SIMULATE' step in 'C:/Users/ddddd/OneDrive/Desktop/task3/RISCV Processor/project_1.sim/sim_1/behav/xsim'
INFO: [USF-XSim-98] *** Running xsim
   with args "task3_tb_behav -key {Behavioral:sim_1:Functional:task3_tb} -tclbatch {task3_tb.tcl} -view {{C:/Users/ddddd/OneDrive/Desktop/task3/RISCV Processor/task1_tb_behav.wcfg}} -log {simulate.log}"
INFO: [USF-XSim-8] Loading simulator feature
Vivado Simulator 2020.1
Time resolution is 1 ps
open_wave_config {C:/Users/ddddd/OneDrive/Desktop/task3/RISCV Processor/task1_tb_behav.wcfg}
source task3_tb.tcl
# set curr_wave [current_wave_config]
# if { [string length $curr_wave] == 0 } {
#   if { [llength [get_objects]] > 0} {
#     add_wave /
#     set_property needs_save false [current_wave_config]
#   } else {
#      send_msg_id Add_Wave-1 WARNING "No top level signals found. Simulator will start without a wave window. If you want to open a wave window go to 'File->New Waveform Configuration' or type 'create_wave_config' in the TCL console."
#   }
# }
# run 100000ns
xsim: Time (s): cpu = 00:00:09 ; elapsed = 00:00:07 . Memory (MB): peak = 1025.445 ; gain = 0.000
INFO: [USF-XSim-96] XSim completed. Design snapshot 'task3_tb_behav' loaded.
INFO: [USF-XSim-97] XSim simulation ran for 100000ns
launch_simulation: Time (s): cpu = 00:00:11 ; elapsed = 00:00:16 . Memory (MB): peak = 1025.445 ; gain = 0.000
close_sim
INFO: [Simtcl 6-16] Simulation closed
launch_simulation
Command: launch_simulation 
INFO: [Vivado 12-5682] Launching behavioral simulation in 'C:/Users/ddddd/OneDrive/Desktop/task3/RISCV Processor/project_1.sim/sim_1/behav/xsim'
INFO: [SIM-utils-51] Simulation object is 'sim_1'
INFO: [SIM-utils-54] Inspecting design source files for 'task3_tb' in fileset 'sim_1'...
INFO: [USF-XSim-97] Finding global include files...
INFO: [USF-XSim-98] Fetching design files from 'sim_1'...
INFO: [USF-XSim-2] XSim::Compile design
INFO: [USF-XSim-61] Executing 'COMPILE and ANALYZE' step in 'C:/Users/ddddd/OneDrive/Desktop/task3/RISCV Processor/project_1.sim/sim_1/behav/xsim'
"xvlog --incr --relax -prj task3_tb_vlog.prj"
INFO: [VRFC 10-2263] Analyzing Verilog file "C:/Users/ddddd/OneDrive/Desktop/task3/RISCV Processor/project_1.srcs/sources_1/new/ALU_64_bit.v" into library xil_defaultlib
INFO: [VRFC 10-311] analyzing module ALU_64_bit
INFO: [VRFC 10-2263] Analyzing Verilog file "C:/Users/ddddd/OneDrive/Desktop/task3/RISCV Processor/project_1.srcs/sources_1/new/ALU_Control.v" into library xil_defaultlib
INFO: [VRFC 10-311] analyzing module ALU_Control
INFO: [VRFC 10-2263] Analyzing Verilog file "C:/Users/ddddd/OneDrive/Desktop/task3/RISCV Processor/project_1.srcs/sources_1/new/Control_Unit.v" into library xil_defaultlib
INFO: [VRFC 10-311] analyzing module Control_Unit
INFO: [VRFC 10-2263] Analyzing Verilog file "C:/Users/ddddd/OneDrive/Desktop/task3/RISCV Processor/project_1.srcs/sources_1/new/Data_Memory.v" into library xil_defaultlib
INFO: [VRFC 10-311] analyzing module Data_Memory
INFO: [VRFC 10-2263] Analyzing Verilog file "C:/Users/ddddd/OneDrive/Desktop/task3/RISCV Processor/project_1.srcs/sources_1/new/EX_MEM.v" into library xil_defaultlib
INFO: [VRFC 10-311] analyzing module EX_MEM
INFO: [VRFC 10-2263] Analyzing Verilog file "C:/Users/ddddd/OneDrive/Desktop/task3/RISCV Processor/project_1.srcs/sources_1/new/Forwarding_Unit.v" into library xil_defaultlib
INFO: [VRFC 10-311] analyzing module Forwarding_Unit
INFO: [VRFC 10-2263] Analyzing Verilog file "C:/Users/ddddd/OneDrive/Desktop/task3/RISCV Processor/project_1.srcs/sources_1/new/Hazard_Detection_Unit.v" into library xil_defaultlib
INFO: [VRFC 10-311] analyzing module Hazard_Detection_Unit
INFO: [VRFC 10-2263] Analyzing Verilog file "C:/Users/ddddd/OneDrive/Desktop/task3/RISCV Processor/project_1.srcs/sources_1/new/ID_EX_2.v" into library xil_defaultlib
INFO: [VRFC 10-311] analyzing module ID_EX_2
INFO: [VRFC 10-2263] Analyzing Verilog file "C:/Users/ddddd/OneDrive/Desktop/task3/RISCV Processor/project_1.srcs/sources_1/new/IF_ID_2.v" into library xil_defaultlib
INFO: [VRFC 10-311] analyzing module IF_ID_2
INFO: [VRFC 10-2263] Analyzing Verilog file "C:/Users/ddddd/OneDrive/Desktop/task3/RISCV Processor/project_1.srcs/sources_1/new/IM_2.v" into library xil_defaultlib
INFO: [VRFC 10-311] analyzing module IM_2
INFO: [VRFC 10-2263] Analyzing Verilog file "C:/Users/ddddd/OneDrive/Desktop/task3/RISCV Processor/project_1.srcs/sources_1/new/MEM_WB.v" into library xil_defaultlib
INFO: [VRFC 10-311] analyzing module MEM_WB
INFO: [VRFC 10-2263] Analyzing Verilog file "C:/Users/ddddd/OneDrive/Desktop/task3/RISCV Processor/project_1.srcs/sources_1/new/PC_2.v" into library xil_defaultlib
INFO: [VRFC 10-311] analyzing module PC_2
INFO: [VRFC 10-2263] Analyzing Verilog file "C:/Users/ddddd/OneDrive/Desktop/task3/RISCV Processor/project_1.srcs/sources_1/new/RegisterFile.v" into library xil_defaultlib
INFO: [VRFC 10-311] analyzing module registerFile
INFO: [VRFC 10-2263] Analyzing Verilog file "C:/Users/ddddd/OneDrive/Desktop/task3/RISCV Processor/project_1.srcs/sources_1/new/adder.v" into library xil_defaultlib
INFO: [VRFC 10-311] analyzing module adder
INFO: [VRFC 10-2263] Analyzing Verilog file "C:/Users/ddddd/OneDrive/Desktop/task3/RISCV Processor/project_1.srcs/sources_1/new/imm_data_gen.v" into library xil_defaultlib
INFO: [VRFC 10-311] analyzing module imm_dat_gen
INFO: [VRFC 10-2263] Analyzing Verilog file "C:/Users/ddddd/OneDrive/Desktop/task3/RISCV Processor/project_1.srcs/sources_1/new/inst_parser.v" into library xil_defaultlib
INFO: [VRFC 10-311] analyzing module inst_parser
INFO: [VRFC 10-2263] Analyzing Verilog file "C:/Users/ddddd/OneDrive/Desktop/task3/RISCV Processor/project_1.srcs/sources_1/new/mux_2x1.v" into library xil_defaultlib
INFO: [VRFC 10-311] analyzing module mux_2x1
INFO: [VRFC 10-2263] Analyzing Verilog file "C:/Users/ddddd/OneDrive/Desktop/task3/RISCV Processor/project_1.srcs/sources_1/new/task3.v" into library xil_defaultlib
INFO: [VRFC 10-311] analyzing module task_3
INFO: [VRFC 10-2458] undeclared symbol IDEX_MemRead_store, assumed default net type wire [C:/Users/ddddd/OneDrive/Desktop/task3/RISCV Processor/project_1.srcs/sources_1/new/task3.v:96]
INFO: [VRFC 10-2458] undeclared symbol IDEX_MemWrite_store, assumed default net type wire [C:/Users/ddddd/OneDrive/Desktop/task3/RISCV Processor/project_1.srcs/sources_1/new/task3.v:179]
INFO: [VRFC 10-2458] undeclared symbol EXMEM_MemWrite_store, assumed default net type wire [C:/Users/ddddd/OneDrive/Desktop/task3/RISCV Processor/project_1.srcs/sources_1/new/task3.v:274]
INFO: [VRFC 10-2458] undeclared symbol EXMEM_MemRead_store, assumed default net type wire [C:/Users/ddddd/OneDrive/Desktop/task3/RISCV Processor/project_1.srcs/sources_1/new/task3.v:275]
INFO: [VRFC 10-2263] Analyzing Verilog file "C:/Users/ddddd/OneDrive/Desktop/task3/RISCV Processor/project_1.srcs/sim_1/new/task3_tb.v" into library xil_defaultlib
INFO: [VRFC 10-311] analyzing module task3_tb
INFO: [USF-XSim-69] 'compile' step finished in '3' seconds
INFO: [USF-XSim-3] XSim::Elaborate design
INFO: [USF-XSim-61] Executing 'ELABORATE' step in 'C:/Users/ddddd/OneDrive/Desktop/task3/RISCV Processor/project_1.sim/sim_1/behav/xsim'
"xelab -wto e3a17a71a2f045e1ba9ced6a1a8d75fe --incr --debug typical --relax --mt 2 -L xil_defaultlib -L unisims_ver -L unimacro_ver -L secureip --snapshot task3_tb_behav xil_defaultlib.task3_tb xil_defaultlib.glbl -log elaborate.log"
Vivado Simulator 2020.1
Copyright 1986-1999, 2001-2020 Xilinx, Inc. All Rights Reserved.
Running: C:/Xilinx/Vivado/2020.1/bin/unwrapped/win64.o/xelab.exe -wto e3a17a71a2f045e1ba9ced6a1a8d75fe --incr --debug typical --relax --mt 2 -L xil_defaultlib -L unisims_ver -L unimacro_ver -L secureip --snapshot task3_tb_behav xil_defaultlib.task3_tb xil_defaultlib.glbl -log elaborate.log 
Using 2 slave threads.
Starting static elaboration
Pass Through NonSizing Optimizer
WARNING: [VRFC 10-3091] actual bit length 32 differs from formal bit length 1 for port 'RegWrite' [C:/Users/ddddd/OneDrive/Desktop/task3/RISCV Processor/project_1.srcs/sources_1/new/task3.v:132]
WARNING: [VRFC 10-5021] port 'PC_final' is not connected on this instance [C:/Users/ddddd/OneDrive/Desktop/task3/RISCV Processor/project_1.srcs/sources_1/new/task3.v:94]
Completed static elaboration
Starting simulation data flow analysis
Completed simulation data flow analysis
Time Resolution for simulation is 1ps
Compiling module xil_defaultlib.PC_2
Compiling module xil_defaultlib.adder
Compiling module xil_defaultlib.IM_2
Compiling module xil_defaultlib.IF_ID_2
Compiling module xil_defaultlib.Hazard_Detection_Unit
Compiling module xil_defaultlib.inst_parser
Compiling module xil_defaultlib.Control_Unit
Compiling module xil_defaultlib.registerFile
Compiling module xil_defaultlib.imm_dat_gen
Compiling module xil_defaultlib.ID_EX_2
Compiling module xil_defaultlib.ALU_Control
Compiling module xil_defaultlib.Forwarding_Unit
Compiling module xil_defaultlib.mux_2x1
Compiling module xil_defaultlib.ALU_64_bit
Compiling module xil_defaultlib.EX_MEM
Compiling module xil_defaultlib.Data_Memory
Compiling module xil_defaultlib.MEM_WB
Compiling module xil_defaultlib.task_3
Compiling module xil_defaultlib.task3_tb
Compiling module xil_defaultlib.glbl
Built simulation snapshot task3_tb_behav
INFO: [USF-XSim-69] 'elaborate' step finished in '3' seconds
INFO: [USF-XSim-4] XSim::Simulate design
INFO: [USF-XSim-61] Executing 'SIMULATE' step in 'C:/Users/ddddd/OneDrive/Desktop/task3/RISCV Processor/project_1.sim/sim_1/behav/xsim'
INFO: [USF-XSim-98] *** Running xsim
   with args "task3_tb_behav -key {Behavioral:sim_1:Functional:task3_tb} -tclbatch {task3_tb.tcl} -view {{C:/Users/ddddd/OneDrive/Desktop/task3/RISCV Processor/task1_tb_behav.wcfg}} -log {simulate.log}"
INFO: [USF-XSim-8] Loading simulator feature
Vivado Simulator 2020.1
Time resolution is 1 ps
open_wave_config {C:/Users/ddddd/OneDrive/Desktop/task3/RISCV Processor/task1_tb_behav.wcfg}
source task3_tb.tcl
# set curr_wave [current_wave_config]
# if { [string length $curr_wave] == 0 } {
#   if { [llength [get_objects]] > 0} {
#     add_wave /
#     set_property needs_save false [current_wave_config]
#   } else {
#      send_msg_id Add_Wave-1 WARNING "No top level signals found. Simulator will start without a wave window. If you want to open a wave window go to 'File->New Waveform Configuration' or type 'create_wave_config' in the TCL console."
#   }
# }
# run 100000ns
xsim: Time (s): cpu = 00:00:06 ; elapsed = 00:00:06 . Memory (MB): peak = 1025.445 ; gain = 0.000
INFO: [USF-XSim-96] XSim completed. Design snapshot 'task3_tb_behav' loaded.
INFO: [USF-XSim-97] XSim simulation ran for 100000ns
launch_simulation: Time (s): cpu = 00:00:07 ; elapsed = 00:00:13 . Memory (MB): peak = 1025.445 ; gain = 0.000
close_sim
INFO: [Simtcl 6-16] Simulation closed
launch_simulation
Command: launch_simulation 
INFO: [Vivado 12-5682] Launching behavioral simulation in 'C:/Users/ddddd/OneDrive/Desktop/task3/RISCV Processor/project_1.sim/sim_1/behav/xsim'
INFO: [SIM-utils-51] Simulation object is 'sim_1'
INFO: [SIM-utils-54] Inspecting design source files for 'task3_tb' in fileset 'sim_1'...
INFO: [USF-XSim-97] Finding global include files...
INFO: [USF-XSim-98] Fetching design files from 'sim_1'...
INFO: [USF-XSim-2] XSim::Compile design
INFO: [USF-XSim-61] Executing 'COMPILE and ANALYZE' step in 'C:/Users/ddddd/OneDrive/Desktop/task3/RISCV Processor/project_1.sim/sim_1/behav/xsim'
"xvlog --incr --relax -prj task3_tb_vlog.prj"
INFO: [USF-XSim-69] 'compile' step finished in '2' seconds
INFO: [USF-XSim-3] XSim::Elaborate design
INFO: [USF-XSim-61] Executing 'ELABORATE' step in 'C:/Users/ddddd/OneDrive/Desktop/task3/RISCV Processor/project_1.sim/sim_1/behav/xsim'
"xelab -wto e3a17a71a2f045e1ba9ced6a1a8d75fe --incr --debug typical --relax --mt 2 -L xil_defaultlib -L unisims_ver -L unimacro_ver -L secureip --snapshot task3_tb_behav xil_defaultlib.task3_tb xil_defaultlib.glbl -log elaborate.log"
Vivado Simulator 2020.1
Copyright 1986-1999, 2001-2020 Xilinx, Inc. All Rights Reserved.
Running: C:/Xilinx/Vivado/2020.1/bin/unwrapped/win64.o/xelab.exe -wto e3a17a71a2f045e1ba9ced6a1a8d75fe --incr --debug typical --relax --mt 2 -L xil_defaultlib -L unisims_ver -L unimacro_ver -L secureip --snapshot task3_tb_behav xil_defaultlib.task3_tb xil_defaultlib.glbl -log elaborate.log 
Using 2 slave threads.
Starting static elaboration
Pass Through NonSizing Optimizer
WARNING: [VRFC 10-3091] actual bit length 32 differs from formal bit length 1 for port 'RegWrite' [C:/Users/ddddd/OneDrive/Desktop/task3/RISCV Processor/project_1.srcs/sources_1/new/task3.v:132]
WARNING: [VRFC 10-5021] port 'PC_final' is not connected on this instance [C:/Users/ddddd/OneDrive/Desktop/task3/RISCV Processor/project_1.srcs/sources_1/new/task3.v:94]
Completed static elaboration
INFO: [XSIM 43-4323] No Change in HDL. Linking previously generated obj files to create kernel
INFO: [USF-XSim-69] 'elaborate' step finished in '2' seconds
INFO: [USF-XSim-4] XSim::Simulate design
INFO: [USF-XSim-61] Executing 'SIMULATE' step in 'C:/Users/ddddd/OneDrive/Desktop/task3/RISCV Processor/project_1.sim/sim_1/behav/xsim'
INFO: [USF-XSim-98] *** Running xsim
   with args "task3_tb_behav -key {Behavioral:sim_1:Functional:task3_tb} -tclbatch {task3_tb.tcl} -view {{C:/Users/ddddd/OneDrive/Desktop/task3/RISCV Processor/task1_tb_behav.wcfg}} -log {simulate.log}"
INFO: [USF-XSim-8] Loading simulator feature
Vivado Simulator 2020.1
Time resolution is 1 ps
open_wave_config {C:/Users/ddddd/OneDrive/Desktop/task3/RISCV Processor/task1_tb_behav.wcfg}
source task3_tb.tcl
# set curr_wave [current_wave_config]
# if { [string length $curr_wave] == 0 } {
#   if { [llength [get_objects]] > 0} {
#     add_wave /
#     set_property needs_save false [current_wave_config]
#   } else {
#      send_msg_id Add_Wave-1 WARNING "No top level signals found. Simulator will start without a wave window. If you want to open a wave window go to 'File->New Waveform Configuration' or type 'create_wave_config' in the TCL console."
#   }
# }
# run 100000ns
xsim: Time (s): cpu = 00:00:07 ; elapsed = 00:00:06 . Memory (MB): peak = 1025.445 ; gain = 0.000
INFO: [USF-XSim-96] XSim completed. Design snapshot 'task3_tb_behav' loaded.
INFO: [USF-XSim-97] XSim simulation ran for 100000ns
launch_simulation: Time (s): cpu = 00:00:08 ; elapsed = 00:00:10 . Memory (MB): peak = 1025.445 ; gain = 0.000
launch_runs synth_1 -jobs 4
[Sat Apr 19 18:52:35 2025] Launched synth_1...
Run output will be captured here: C:/Users/ddddd/OneDrive/Desktop/task3/RISCV Processor/project_1.runs/synth_1/runme.log
launch_runs impl_1 -jobs 4
[Sat Apr 19 18:53:50 2025] Launched impl_1...
Run output will be captured here: C:/Users/ddddd/OneDrive/Desktop/task3/RISCV Processor/project_1.runs/impl_1/runme.log
open_run synth_1 -name synth_1
Design is defaulting to impl run constrset: constrs_1
Design is defaulting to synth run part: xc7k70tfbv676-1
INFO: [Device 21-403] Loading part xc7k70tfbv676-1
Netlist sorting complete. Time (s): cpu = 00:00:00 ; elapsed = 00:00:00 . Memory (MB): peak = 1185.441 ; gain = 0.000
INFO: [Project 1-479] Netlist was created with Vivado 2020.1
INFO: [Project 1-570] Preparing netlist for logic optimization
INFO: [Opt 31-138] Pushed 0 inverter(s) to 0 load pin(s).
Netlist sorting complete. Time (s): cpu = 00:00:00 ; elapsed = 00:00:00.001 . Memory (MB): peak = 1268.141 ; gain = 0.000
INFO: [Project 1-111] Unisim Transformation Summary:
No Unisim elements were transformed.

open_run: Time (s): cpu = 00:00:21 ; elapsed = 00:00:13 . Memory (MB): peak = 1420.246 ; gain = 394.801
reset_run impl_1
launch_runs impl_1 -jobs 4
WARNING: [Constraints 18-5210] No constraints selected for write.
Resolution: This message can indicate that there are no constraints for the design, or it can indicate that the used_in flags are set such that the constraints are ignored. This later case is used when running synth_design to not write synthesis constraints to the resulting checkpoint. Instead, project constraints are read when the synthesized design is opened.
[Sat Apr 19 18:55:49 2025] Launched impl_1...
Run output will be captured here: C:/Users/ddddd/OneDrive/Desktop/task3/RISCV Processor/project_1.runs/impl_1/runme.log
report_clock_networks -name {network_1}
INFO: [Timing 38-35] Done setting XDC timing constraints.
report_clock_interaction
Copyright 1986-2020 Xilinx, Inc. All Rights Reserved.
------------------------------------------------------------------------------------
| Tool Version : Vivado v.2020.1 (win64) Build 2902540 Wed May 27 19:54:49 MDT 2020
| Date         : Sat Apr 19 18:59:52 2025
| Host         : Taha running 64-bit major release  (build 9200)
| Command      : report_clock_interaction
| Design       : task_3
| Device       : 7k70t-fbv676
| Speed File   : -1  PRODUCTION 1.12 2017-02-17
------------------------------------------------------------------------------------

Clock Interaction Report

No clocks found.



report_timing -max_paths 5 -sort_by group
INFO: [Timing 38-91] UpdateTimingParams: Speed grade: -1, Delay Type: max.
INFO: [Timing 38-191] Multithreading enabled for timing update using a maximum of 2 CPUs
INFO: [Timing 38-78] ReportTimingParams: -max_paths 5 -nworst 1 -delay_type max -sort_by group.
INFO: [Timing 38-72] No paths found.
Copyright 1986-2020 Xilinx, Inc. All Rights Reserved.
------------------------------------------------------------------------------------
| Tool Version : Vivado v.2020.1 (win64) Build 2902540 Wed May 27 19:54:49 MDT 2020
| Date         : Sat Apr 19 19:00:01 2025
| Host         : Taha running 64-bit major release  (build 9200)
| Command      : report_timing -max_paths 5 -sort_by group
| Design       : task_3
| Device       : 7k70t-fbv676
| Speed File   : -1  PRODUCTION 1.12 2017-02-17
------------------------------------------------------------------------------------

Timing Report

No timing paths found.


report_timing_summary -file timing_summary_synth.rpt
INFO: [Timing 38-91] UpdateTimingParams: Speed grade: -1, Delay Type: min_max.
INFO: [Timing 38-191] Multithreading enabled for timing update using a maximum of 2 CPUs
report_timing_summary -file timing_summary_synth.rpt
INFO: [Timing 38-91] UpdateTimingParams: Speed grade: -1, Delay Type: min_max.
INFO: [Timing 38-191] Multithreading enabled for timing update using a maximum of 2 CPUs
report_timing_summary -file timing_summary_synth.rpx
INFO: [Timing 38-91] UpdateTimingParams: Speed grade: -1, Delay Type: min_max.
INFO: [Timing 38-191] Multithreading enabled for timing update using a maximum of 2 CPUs
open_report -name timing_summary_synth {C:/Users/ddddd/OneDrive/Desktop/task3/RISCV Processor/timing_summary_synth.rpx}
ERROR: [Common 17-1252] Unable to read message ReportMetaData from  as it exceeds maximum size of 64MB.
file mkdir C:/Users/ddddd/OneDrive/Desktop/task3/RISCV Processor/project_1.srcs/constrs_1
file mkdir C:/Users/ddddd/OneDrive/Desktop/task3/RISCV Processor/project_1.srcs/constrs_1
file mkdir C:/Users/ddddd/OneDrive/Desktop/task3/RISCV Processor/project_1.srcs/constrs_1/new
file mkdir C:/Users/ddddd/OneDrive/Desktop/task3/RISCV Processor/project_1.srcs/constrs_1/new
file mkdir C:/Users/ddddd/OneDrive/Desktop/task3/RISCV Processor/project_1.srcs/constrs_1/new
file mkdir C:/Users/ddddd/OneDrive/Desktop/task3/RISCV Processor/project_1.srcs/constrs_1/new
file mkdir C:/Users/ddddd/OneDrive/Desktop/task3/RISCV Processor/project_1.srcs/constrs_1
file mkdir {C:/Users/ddddd/OneDrive/Desktop/task3/RISCV Processor/project_1.srcs/constrs_1/new}
close [ open {C:/Users/ddddd/OneDrive/Desktop/task3/RISCV Processor/project_1.srcs/constrs_1/new/task3.xdc} w ]
add_files -fileset constrs_1 {{C:/Users/ddddd/OneDrive/Desktop/task3/RISCV Processor/project_1.srcs/constrs_1/new/task3.xdc}}
reset_run synth_1
launch_runs synth_1 -jobs 4
[Sat Apr 19 19:03:39 2025] Launched synth_1...
Run output will be captured here: C:/Users/ddddd/OneDrive/Desktop/task3/RISCV Processor/project_1.runs/synth_1/runme.log
launch_runs impl_1 -jobs 4
WARNING: [Project 1-478] Design 'synth_1' is stale and will not be used when launching 'impl_1'
[Sat Apr 19 19:05:48 2025] Launched impl_1...
Run output will be captured here: C:/Users/ddddd/OneDrive/Desktop/task3/RISCV Processor/project_1.runs/impl_1/runme.log
export_ip_user_files -of_objects  [get_files {{C:/Users/ddddd/OneDrive/Desktop/task3/RISCV Processor/project_1.srcs/constrs_1/new/task3.xdc}}] -no_script -reset -force -quiet
remove_files  -fileset constrs_1 {{C:/Users/ddddd/OneDrive/Desktop/task3/RISCV Processor/project_1.srcs/constrs_1/new/task3.xdc}}
close_sim
INFO: [Simtcl 6-16] Simulation closed
launch_simulation
Command: launch_simulation 
INFO: [Vivado 12-5682] Launching behavioral simulation in 'C:/Users/ddddd/OneDrive/Desktop/task3/RISCV Processor/project_1.sim/sim_1/behav/xsim'
INFO: [SIM-utils-51] Simulation object is 'sim_1'
INFO: [SIM-utils-54] Inspecting design source files for 'task3_tb' in fileset 'sim_1'...
INFO: [USF-XSim-97] Finding global include files...
INFO: [USF-XSim-98] Fetching design files from 'sim_1'...
INFO: [USF-XSim-2] XSim::Compile design
INFO: [USF-XSim-61] Executing 'COMPILE and ANALYZE' step in 'C:/Users/ddddd/OneDrive/Desktop/task3/RISCV Processor/project_1.sim/sim_1/behav/xsim'
"xvlog --incr --relax -prj task3_tb_vlog.prj"
INFO: [USF-XSim-69] 'compile' step finished in '2' seconds
INFO: [USF-XSim-3] XSim::Elaborate design
INFO: [USF-XSim-61] Executing 'ELABORATE' step in 'C:/Users/ddddd/OneDrive/Desktop/task3/RISCV Processor/project_1.sim/sim_1/behav/xsim'
"xelab -wto e3a17a71a2f045e1ba9ced6a1a8d75fe --incr --debug typical --relax --mt 2 -L xil_defaultlib -L unisims_ver -L unimacro_ver -L secureip --snapshot task3_tb_behav xil_defaultlib.task3_tb xil_defaultlib.glbl -log elaborate.log"
Vivado Simulator 2020.1
Copyright 1986-1999, 2001-2020 Xilinx, Inc. All Rights Reserved.
Running: C:/Xilinx/Vivado/2020.1/bin/unwrapped/win64.o/xelab.exe -wto e3a17a71a2f045e1ba9ced6a1a8d75fe --incr --debug typical --relax --mt 2 -L xil_defaultlib -L unisims_ver -L unimacro_ver -L secureip --snapshot task3_tb_behav xil_defaultlib.task3_tb xil_defaultlib.glbl -log elaborate.log 
Using 2 slave threads.
Starting static elaboration
Pass Through NonSizing Optimizer
WARNING: [VRFC 10-3091] actual bit length 32 differs from formal bit length 1 for port 'RegWrite' [C:/Users/ddddd/OneDrive/Desktop/task3/RISCV Processor/project_1.srcs/sources_1/new/task3.v:132]
WARNING: [VRFC 10-5021] port 'PC_final' is not connected on this instance [C:/Users/ddddd/OneDrive/Desktop/task3/RISCV Processor/project_1.srcs/sources_1/new/task3.v:94]
Completed static elaboration
INFO: [XSIM 43-4323] No Change in HDL. Linking previously generated obj files to create kernel
INFO: [USF-XSim-69] 'elaborate' step finished in '2' seconds
INFO: [USF-XSim-4] XSim::Simulate design
INFO: [USF-XSim-61] Executing 'SIMULATE' step in 'C:/Users/ddddd/OneDrive/Desktop/task3/RISCV Processor/project_1.sim/sim_1/behav/xsim'
INFO: [USF-XSim-98] *** Running xsim
   with args "task3_tb_behav -key {Behavioral:sim_1:Functional:task3_tb} -tclbatch {task3_tb.tcl} -view {{C:/Users/ddddd/OneDrive/Desktop/task3/RISCV Processor/task1_tb_behav.wcfg}} -log {simulate.log}"
INFO: [USF-XSim-8] Loading simulator feature
Vivado Simulator 2020.1
Time resolution is 1 ps
open_wave_config {C:/Users/ddddd/OneDrive/Desktop/task3/RISCV Processor/task1_tb_behav.wcfg}
source task3_tb.tcl
# set curr_wave [current_wave_config]
# if { [string length $curr_wave] == 0 } {
#   if { [llength [get_objects]] > 0} {
#     add_wave /
#     set_property needs_save false [current_wave_config]
#   } else {
#      send_msg_id Add_Wave-1 WARNING "No top level signals found. Simulator will start without a wave window. If you want to open a wave window go to 'File->New Waveform Configuration' or type 'create_wave_config' in the TCL console."
#   }
# }
# run 100000ns
xsim: Time (s): cpu = 00:00:05 ; elapsed = 00:00:07 . Memory (MB): peak = 1997.879 ; gain = 5.426
INFO: [USF-XSim-96] XSim completed. Design snapshot 'task3_tb_behav' loaded.
INFO: [USF-XSim-97] XSim simulation ran for 100000ns
launch_simulation: Time (s): cpu = 00:00:06 ; elapsed = 00:00:11 . Memory (MB): peak = 1997.879 ; gain = 5.426
export_ip_user_files -of_objects  [get_files {{C:/Users/ddddd/OneDrive/Desktop/task3/RISCV Processor/project_1.srcs/sources_1/new/Task2.v}}] -no_script -reset -force -quiet
export_ip_user_files -of_objects  [get_files {{C:/Users/ddddd/OneDrive/Desktop/task3/RISCV Processor/project_1.srcs/sources_1/new/task1.v}}] -no_script -reset -force -quiet
export_ip_user_files -of_objects  [get_files {{C:/Users/ddddd/OneDrive/Desktop/task3/RISCV Processor/project_1.srcs/sources_1/new/top_module.v}}] -no_script -reset -force -quiet
export_ip_user_files -of_objects  [get_files {{C:/Users/ddddd/OneDrive/Desktop/task3/RISCV Processor/project_1.srcs/sources_1/new/Instruction_Fetch.v}}] -no_script -reset -force -quiet
export_ip_user_files -of_objects  [get_files {{C:/Users/ddddd/OneDrive/Desktop/task3/RISCV Processor/project_1.srcs/sources_1/new/Top.v}}] -no_script -reset -force -quiet
export_ip_user_files -of_objects  [get_files {{C:/Users/ddddd/OneDrive/Desktop/task3/RISCV Processor/project_1.srcs/sources_1/new/zero.v}}] -no_script -reset -force -quiet
remove_files  {{C:/Users/ddddd/OneDrive/Desktop/task3/RISCV Processor/project_1.srcs/sources_1/new/Task2.v} {C:/Users/ddddd/OneDrive/Desktop/task3/RISCV Processor/project_1.srcs/sources_1/new/task1.v} {C:/Users/ddddd/OneDrive/Desktop/task3/RISCV Processor/project_1.srcs/sources_1/new/top_module.v} {C:/Users/ddddd/OneDrive/Desktop/task3/RISCV Processor/project_1.srcs/sources_1/new/Instruction_Fetch.v} {C:/Users/ddddd/OneDrive/Desktop/task3/RISCV Processor/project_1.srcs/sources_1/new/Top.v} {C:/Users/ddddd/OneDrive/Desktop/task3/RISCV Processor/project_1.srcs/sources_1/new/zero.v}}
export_ip_user_files -of_objects  [get_files {{C:/Users/ddddd/OneDrive/Desktop/task3/RISCV Processor/project_1.srcs/sources_1/new/top_control.v}}] -no_script -reset -force -quiet
export_ip_user_files -of_objects  [get_files {{C:/Users/ddddd/OneDrive/Desktop/task3/RISCV Processor/project_1.srcs/sources_1/new/ALU_1_bit.v}}] -no_script -reset -force -quiet
export_ip_user_files -of_objects  [get_files {{C:/Users/ddddd/OneDrive/Desktop/task3/RISCV Processor/project_1.srcs/sources_1/new/ID_EX.v}}] -no_script -reset -force -quiet
export_ip_user_files -of_objects  [get_files {{C:/Users/ddddd/OneDrive/Desktop/task3/RISCV Processor/project_1.srcs/sources_1/new/IF_ID.v}}] -no_script -reset -force -quiet
export_ip_user_files -of_objects  [get_files {{C:/Users/ddddd/OneDrive/Desktop/task3/RISCV Processor/project_1.srcs/sources_1/new/Instruction_Memory.v}}] -no_script -reset -force -quiet
export_ip_user_files -of_objects  [get_files {{C:/Users/ddddd/OneDrive/Desktop/task3/RISCV Processor/project_1.srcs/sources_1/new/Program_Counter.v}}] -no_script -reset -force -quiet
remove_files  {{C:/Users/ddddd/OneDrive/Desktop/task3/RISCV Processor/project_1.srcs/sources_1/new/top_control.v} {C:/Users/ddddd/OneDrive/Desktop/task3/RISCV Processor/project_1.srcs/sources_1/new/ALU_1_bit.v} {C:/Users/ddddd/OneDrive/Desktop/task3/RISCV Processor/project_1.srcs/sources_1/new/ID_EX.v} {C:/Users/ddddd/OneDrive/Desktop/task3/RISCV Processor/project_1.srcs/sources_1/new/IF_ID.v} {C:/Users/ddddd/OneDrive/Desktop/task3/RISCV Processor/project_1.srcs/sources_1/new/Instruction_Memory.v} {C:/Users/ddddd/OneDrive/Desktop/task3/RISCV Processor/project_1.srcs/sources_1/new/Program_Counter.v}}
export_ip_user_files -of_objects  [get_files {{C:/Users/ddddd/OneDrive/Desktop/task3/RISCV Processor/project_1.srcs/sim_1/new/ALU_1_bit_tb.v}}] -no_script -reset -force -quiet
export_ip_user_files -of_objects  [get_files {{C:/Users/ddddd/OneDrive/Desktop/task3/RISCV Processor/project_1.srcs/sim_1/new/ALU_Control_tb.v}}] -no_script -reset -force -quiet
export_ip_user_files -of_objects  [get_files {{C:/Users/ddddd/OneDrive/Desktop/task3/RISCV Processor/project_1.srcs/sim_1/new/Control_Unit_tb.v}}] -no_script -reset -force -quiet
export_ip_user_files -of_objects  [get_files {{C:/Users/ddddd/OneDrive/Desktop/task3/RISCV Processor/project_1.srcs/sim_1/new/Data_Memory_tb.v}}] -no_script -reset -force -quiet
export_ip_user_files -of_objects  [get_files {{C:/Users/ddddd/OneDrive/Desktop/task3/RISCV Processor/project_1.srcs/sim_1/new/Instruction_fetch_tb.v}}] -no_script -reset -force -quiet
export_ip_user_files -of_objects  [get_files {{C:/Users/ddddd/OneDrive/Desktop/task3/RISCV Processor/project_1.srcs/sim_1/new/RegisterFile_tb.v}}] -no_script -reset -force -quiet
export_ip_user_files -of_objects  [get_files {{C:/Users/ddddd/OneDrive/Desktop/task3/RISCV Processor/project_1.srcs/sim_1/new/Top_tb.v}}] -no_script -reset -force -quiet
export_ip_user_files -of_objects  [get_files {{C:/Users/ddddd/OneDrive/Desktop/task3/RISCV Processor/project_1.srcs/sim_1/new/imm_data_gen_tb.v}}] -no_script -reset -force -quiet
export_ip_user_files -of_objects  [get_files {{C:/Users/ddddd/OneDrive/Desktop/task3/RISCV Processor/project_1.srcs/sim_1/new/inst_parser_tb.v}}] -no_script -reset -force -quiet
export_ip_user_files -of_objects  [get_files {{C:/Users/ddddd/OneDrive/Desktop/task3/RISCV Processor/project_1.srcs/sim_1/new/mux_2x1_tb.v}}] -no_script -reset -force -quiet
export_ip_user_files -of_objects  [get_files {{C:/Users/ddddd/OneDrive/Desktop/task3/RISCV Processor/project_1.srcs/sim_1/new/task1_tb.v}}] -no_script -reset -force -quiet
export_ip_user_files -of_objects  [get_files {{C:/Users/ddddd/OneDrive/Desktop/task3/RISCV Processor/project_1.srcs/sim_1/new/task2_tb.v}}] -no_script -reset -force -quiet
export_ip_user_files -of_objects  [get_files {{C:/Users/ddddd/OneDrive/Desktop/task3/RISCV Processor/project_1.srcs/sim_1/new/testbench_ALU_64_bit.v}}] -no_script -reset -force -quiet
export_ip_user_files -of_objects  [get_files {{C:/Users/ddddd/OneDrive/Desktop/task3/RISCV Processor/project_1.srcs/sim_1/new/testbench_InstructionMemory.v}}] -no_script -reset -force -quiet
export_ip_user_files -of_objects  [get_files {{C:/Users/ddddd/OneDrive/Desktop/task3/RISCV Processor/project_1.srcs/sim_1/new/top_control_tb.v}}] -no_script -reset -force -quiet
export_ip_user_files -of_objects  [get_files {{C:/Users/ddddd/OneDrive/Desktop/task3/RISCV Processor/project_1.srcs/sim_1/new/top_module_tb.v}}] -no_script -reset -force -quiet
export_ip_user_files -of_objects  [get_files {{C:/Users/ddddd/OneDrive/Desktop/task3/RISCV Processor/project_1.srcs/sim_1/new/zeroTb.v}}] -no_script -reset -force -quiet
remove_files  -fileset sim_1 {{C:/Users/ddddd/OneDrive/Desktop/task3/RISCV Processor/project_1.srcs/sim_1/new/ALU_1_bit_tb.v} {C:/Users/ddddd/OneDrive/Desktop/task3/RISCV Processor/project_1.srcs/sim_1/new/ALU_Control_tb.v} {C:/Users/ddddd/OneDrive/Desktop/task3/RISCV Processor/project_1.srcs/sim_1/new/Control_Unit_tb.v} {C:/Users/ddddd/OneDrive/Desktop/task3/RISCV Processor/project_1.srcs/sim_1/new/Data_Memory_tb.v} {C:/Users/ddddd/OneDrive/Desktop/task3/RISCV Processor/project_1.srcs/sim_1/new/Instruction_fetch_tb.v} {C:/Users/ddddd/OneDrive/Desktop/task3/RISCV Processor/project_1.srcs/sim_1/new/RegisterFile_tb.v} {C:/Users/ddddd/OneDrive/Desktop/task3/RISCV Processor/project_1.srcs/sim_1/new/Top_tb.v} {C:/Users/ddddd/OneDrive/Desktop/task3/RISCV Processor/project_1.srcs/sim_1/new/imm_data_gen_tb.v} {C:/Users/ddddd/OneDrive/Desktop/task3/RISCV Processor/project_1.srcs/sim_1/new/inst_parser_tb.v} {C:/Users/ddddd/OneDrive/Desktop/task3/RISCV Processor/project_1.srcs/sim_1/new/mux_2x1_tb.v} {C:/Users/ddddd/OneDrive/Desktop/task3/RISCV Processor/project_1.srcs/sim_1/new/task1_tb.v} {C:/Users/ddddd/OneDrive/Desktop/task3/RISCV Processor/project_1.srcs/sim_1/new/task2_tb.v} {C:/Users/ddddd/OneDrive/Desktop/task3/RISCV Processor/project_1.srcs/sim_1/new/testbench_ALU_64_bit.v} {C:/Users/ddddd/OneDrive/Desktop/task3/RISCV Processor/project_1.srcs/sim_1/new/testbench_InstructionMemory.v} {C:/Users/ddddd/OneDrive/Desktop/task3/RISCV Processor/project_1.srcs/sim_1/new/top_control_tb.v} {C:/Users/ddddd/OneDrive/Desktop/task3/RISCV Processor/project_1.srcs/sim_1/new/top_module_tb.v} {C:/Users/ddddd/OneDrive/Desktop/task3/RISCV Processor/project_1.srcs/sim_1/new/zeroTb.v}}
close_sim
INFO: [Simtcl 6-16] Simulation closed
exit
INFO: [Common 17-206] Exiting Vivado at Sat Apr 19 19:13:41 2025...
