#-----------------------------------------------------------
# Vivado v2020.1 (64-bit)
# SW Build 2902540 on Wed May 27 19:54:49 MDT 2020
# IP Build 2902112 on Wed May 27 22:43:36 MDT 2020
# Start of session at: Sun Apr 20 00:44:20 2025
# Process ID: 20912
# Current directory: C:/Users/ddddd/OneDrive/Desktop/MONDAY SUBMIT/task3
# Command line: vivado.exe -gui_launcher_event rodinguilauncherevent3856 C:\Users\ddddd\OneDrive\Desktop\MONDAY SUBMIT\task3\project_1.xpr
# Log file: C:/Users/ddddd/OneDrive/Desktop/MONDAY SUBMIT/task3/vivado.log
# Journal file: C:/Users/ddddd/OneDrive/Desktop/MONDAY SUBMIT/task3\vivado.jou
#-----------------------------------------------------------
start_gui
open_project {C:/Users/ddddd/OneDrive/Desktop/MONDAY SUBMIT/task3/project_1.xpr}
Scanning sources...
Finished scanning sources
INFO: [IP_Flow 19-234] Refreshing IP repositories
INFO: [IP_Flow 19-1704] No user IP repositories specified
INFO: [IP_Flow 19-2313] Loaded Vivado IP repository 'C:/Xilinx/Vivado/2020.1/data/ip'.
open_project: Time (s): cpu = 00:00:28 ; elapsed = 00:00:11 . Memory (MB): peak = 1028.191 ; gain = 0.000
update_compile_order -fileset sources_1
launch_simulation
Command: launch_simulation 
INFO: [Vivado 12-5682] Launching behavioral simulation in 'C:/Users/ddddd/OneDrive/Desktop/MONDAY SUBMIT/task3/project_1.sim/sim_1/behav/xsim'
INFO: [SIM-utils-51] Simulation object is 'sim_1'
INFO: [SIM-utils-54] Inspecting design source files for 'task3_tb' in fileset 'sim_1'...
INFO: [USF-XSim-97] Finding global include files...
INFO: [USF-XSim-98] Fetching design files from 'sim_1'...
INFO: [USF-XSim-2] XSim::Compile design
INFO: [USF-XSim-61] Executing 'COMPILE and ANALYZE' step in 'C:/Users/ddddd/OneDrive/Desktop/MONDAY SUBMIT/task3/project_1.sim/sim_1/behav/xsim'
"xvlog --incr --relax -prj task3_tb_vlog.prj"
INFO: [VRFC 10-2263] Analyzing Verilog file "C:/Users/ddddd/OneDrive/Desktop/MONDAY SUBMIT/task3/project_1.srcs/sources_1/new/ALU_64_bit.v" into library xil_defaultlib
INFO: [VRFC 10-311] analyzing module ALU_64_bit
INFO: [VRFC 10-2263] Analyzing Verilog file "C:/Users/ddddd/OneDrive/Desktop/MONDAY SUBMIT/task3/project_1.srcs/sources_1/new/ALU_Control.v" into library xil_defaultlib
INFO: [VRFC 10-311] analyzing module ALU_Control
INFO: [VRFC 10-2263] Analyzing Verilog file "C:/Users/ddddd/OneDrive/Desktop/MONDAY SUBMIT/task3/project_1.srcs/sources_1/new/Control_Unit.v" into library xil_defaultlib
INFO: [VRFC 10-311] analyzing module Control_Unit
INFO: [VRFC 10-2263] Analyzing Verilog file "C:/Users/ddddd/OneDrive/Desktop/MONDAY SUBMIT/task3/project_1.srcs/sources_1/new/Data_Memory.v" into library xil_defaultlib
INFO: [VRFC 10-311] analyzing module Data_Memory
INFO: [VRFC 10-2263] Analyzing Verilog file "C:/Users/ddddd/OneDrive/Desktop/MONDAY SUBMIT/task3/project_1.srcs/sources_1/new/EX_MEM.v" into library xil_defaultlib
INFO: [VRFC 10-311] analyzing module EX_MEM
INFO: [VRFC 10-2263] Analyzing Verilog file "C:/Users/ddddd/OneDrive/Desktop/MONDAY SUBMIT/task3/project_1.srcs/sources_1/new/Forwarding_Unit.v" into library xil_defaultlib
INFO: [VRFC 10-311] analyzing module Forwarding_Unit
INFO: [VRFC 10-2263] Analyzing Verilog file "C:/Users/ddddd/OneDrive/Desktop/MONDAY SUBMIT/task3/project_1.srcs/sources_1/new/Hazard_Detection_Unit.v" into library xil_defaultlib
INFO: [VRFC 10-311] analyzing module Hazard_Detection_Unit
INFO: [VRFC 10-2263] Analyzing Verilog file "C:/Users/ddddd/OneDrive/Desktop/MONDAY SUBMIT/task3/project_1.srcs/sources_1/new/ID_EX_2.v" into library xil_defaultlib
INFO: [VRFC 10-311] analyzing module ID_EX_2
INFO: [VRFC 10-2263] Analyzing Verilog file "C:/Users/ddddd/OneDrive/Desktop/MONDAY SUBMIT/task3/project_1.srcs/sources_1/new/IF_ID_2.v" into library xil_defaultlib
INFO: [VRFC 10-311] analyzing module IF_ID_2
INFO: [VRFC 10-2263] Analyzing Verilog file "C:/Users/ddddd/OneDrive/Desktop/MONDAY SUBMIT/task3/project_1.srcs/sources_1/new/IM_2.v" into library xil_defaultlib
INFO: [VRFC 10-311] analyzing module IM_2
INFO: [VRFC 10-2263] Analyzing Verilog file "C:/Users/ddddd/OneDrive/Desktop/MONDAY SUBMIT/task3/project_1.srcs/sources_1/new/MEM_WB.v" into library xil_defaultlib
INFO: [VRFC 10-311] analyzing module MEM_WB
INFO: [VRFC 10-2263] Analyzing Verilog file "C:/Users/ddddd/OneDrive/Desktop/MONDAY SUBMIT/task3/project_1.srcs/sources_1/new/PC_2.v" into library xil_defaultlib
INFO: [VRFC 10-311] analyzing module PC_2
INFO: [VRFC 10-2263] Analyzing Verilog file "C:/Users/ddddd/OneDrive/Desktop/MONDAY SUBMIT/task3/project_1.srcs/sources_1/new/RegisterFile.v" into library xil_defaultlib
INFO: [VRFC 10-311] analyzing module registerFile
INFO: [VRFC 10-2263] Analyzing Verilog file "C:/Users/ddddd/OneDrive/Desktop/MONDAY SUBMIT/task3/project_1.srcs/sources_1/new/adder.v" into library xil_defaultlib
INFO: [VRFC 10-311] analyzing module adder
INFO: [VRFC 10-2263] Analyzing Verilog file "C:/Users/ddddd/OneDrive/Desktop/MONDAY SUBMIT/task3/project_1.srcs/sources_1/new/imm_data_gen.v" into library xil_defaultlib
INFO: [VRFC 10-311] analyzing module imm_dat_gen
INFO: [VRFC 10-2263] Analyzing Verilog file "C:/Users/ddddd/OneDrive/Desktop/MONDAY SUBMIT/task3/project_1.srcs/sources_1/new/inst_parser.v" into library xil_defaultlib
INFO: [VRFC 10-311] analyzing module inst_parser
INFO: [VRFC 10-2263] Analyzing Verilog file "C:/Users/ddddd/OneDrive/Desktop/MONDAY SUBMIT/task3/project_1.srcs/sources_1/new/mux_2x1.v" into library xil_defaultlib
INFO: [VRFC 10-311] analyzing module mux_2x1
INFO: [VRFC 10-2263] Analyzing Verilog file "C:/Users/ddddd/OneDrive/Desktop/MONDAY SUBMIT/task3/project_1.srcs/sources_1/new/task3.v" into library xil_defaultlib
INFO: [VRFC 10-311] analyzing module task_3
INFO: [VRFC 10-2458] undeclared symbol IDEX_MemRead_store, assumed default net type wire [C:/Users/ddddd/OneDrive/Desktop/MONDAY SUBMIT/task3/project_1.srcs/sources_1/new/task3.v:105]
INFO: [VRFC 10-2458] undeclared symbol IDEX_MemWrite_store, assumed default net type wire [C:/Users/ddddd/OneDrive/Desktop/MONDAY SUBMIT/task3/project_1.srcs/sources_1/new/task3.v:189]
INFO: [VRFC 10-2458] undeclared symbol EXMEM_MemWrite_store, assumed default net type wire [C:/Users/ddddd/OneDrive/Desktop/MONDAY SUBMIT/task3/project_1.srcs/sources_1/new/task3.v:286]
INFO: [VRFC 10-2458] undeclared symbol EXMEM_MemRead_store, assumed default net type wire [C:/Users/ddddd/OneDrive/Desktop/MONDAY SUBMIT/task3/project_1.srcs/sources_1/new/task3.v:287]
INFO: [VRFC 10-2263] Analyzing Verilog file "C:/Users/ddddd/OneDrive/Desktop/MONDAY SUBMIT/task3/project_1.srcs/sim_1/new/task3_tb.v" into library xil_defaultlib
INFO: [VRFC 10-311] analyzing module task3_tb
run_program: Time (s): cpu = 00:00:02 ; elapsed = 00:00:05 . Memory (MB): peak = 1028.191 ; gain = 0.000
INFO: [USF-XSim-69] 'compile' step finished in '5' seconds
INFO: [USF-XSim-3] XSim::Elaborate design
INFO: [USF-XSim-61] Executing 'ELABORATE' step in 'C:/Users/ddddd/OneDrive/Desktop/MONDAY SUBMIT/task3/project_1.sim/sim_1/behav/xsim'
"xelab -wto e3a17a71a2f045e1ba9ced6a1a8d75fe --incr --debug typical --relax --mt 2 -L xil_defaultlib -L unisims_ver -L unimacro_ver -L secureip --snapshot task3_tb_behav xil_defaultlib.task3_tb xil_defaultlib.glbl -log elaborate.log"
Vivado Simulator 2020.1
Copyright 1986-1999, 2001-2020 Xilinx, Inc. All Rights Reserved.
Running: C:/Xilinx/Vivado/2020.1/bin/unwrapped/win64.o/xelab.exe -wto e3a17a71a2f045e1ba9ced6a1a8d75fe --incr --debug typical --relax --mt 2 -L xil_defaultlib -L unisims_ver -L unimacro_ver -L secureip --snapshot task3_tb_behav xil_defaultlib.task3_tb xil_defaultlib.glbl -log elaborate.log 
Using 2 slave threads.
Starting static elaboration
Pass Through NonSizing Optimizer
WARNING: [VRFC 10-3091] actual bit length 32 differs from formal bit length 1 for port 'RegWrite' [C:/Users/ddddd/OneDrive/Desktop/MONDAY SUBMIT/task3/project_1.srcs/sources_1/new/task3.v:141]
WARNING: [VRFC 10-5021] port 'PC_final' is not connected on this instance [C:/Users/ddddd/OneDrive/Desktop/MONDAY SUBMIT/task3/project_1.srcs/sources_1/new/task3.v:103]
Completed static elaboration
Starting simulation data flow analysis
Completed simulation data flow analysis
Time Resolution for simulation is 1ps
Compiling module xil_defaultlib.PC_2
Compiling module xil_defaultlib.adder
Compiling module xil_defaultlib.IM_2
Compiling module xil_defaultlib.IF_ID_2
Compiling module xil_defaultlib.Hazard_Detection_Unit
Compiling module xil_defaultlib.inst_parser
Compiling module xil_defaultlib.Control_Unit
Compiling module xil_defaultlib.registerFile
Compiling module xil_defaultlib.imm_dat_gen
Compiling module xil_defaultlib.ID_EX_2
Compiling module xil_defaultlib.ALU_Control
Compiling module xil_defaultlib.Forwarding_Unit
Compiling module xil_defaultlib.mux_2x1
Compiling module xil_defaultlib.ALU_64_bit
Compiling module xil_defaultlib.EX_MEM
Compiling module xil_defaultlib.Data_Memory
Compiling module xil_defaultlib.MEM_WB
Compiling module xil_defaultlib.task_3
Compiling module xil_defaultlib.task3_tb
Compiling module xil_defaultlib.glbl
Built simulation snapshot task3_tb_behav
run_program: Time (s): cpu = 00:00:01 ; elapsed = 00:00:05 . Memory (MB): peak = 1028.191 ; gain = 0.000
INFO: [USF-XSim-69] 'elaborate' step finished in '5' seconds
INFO: [USF-XSim-4] XSim::Simulate design
INFO: [USF-XSim-61] Executing 'SIMULATE' step in 'C:/Users/ddddd/OneDrive/Desktop/MONDAY SUBMIT/task3/project_1.sim/sim_1/behav/xsim'
INFO: [USF-XSim-98] *** Running xsim
   with args "task3_tb_behav -key {Behavioral:sim_1:Functional:task3_tb} -tclbatch {task3_tb.tcl} -view {{C:/Users/ddddd/OneDrive/Desktop/MONDAY SUBMIT/task3/task1_tb_behav.wcfg}} -log {simulate.log}"
INFO: [USF-XSim-8] Loading simulator feature
Vivado Simulator 2020.1
Time resolution is 1 ps
open_wave_config {C:/Users/ddddd/OneDrive/Desktop/MONDAY SUBMIT/task3/task1_tb_behav.wcfg}
open_wave_config: Time (s): cpu = 00:00:06 ; elapsed = 00:00:08 . Memory (MB): peak = 1028.191 ; gain = 0.000
source task3_tb.tcl
# set curr_wave [current_wave_config]
# if { [string length $curr_wave] == 0 } {
#   if { [llength [get_objects]] > 0} {
#     add_wave /
#     set_property needs_save false [current_wave_config]
#   } else {
#      send_msg_id Add_Wave-1 WARNING "No top level signals found. Simulator will start without a wave window. If you want to open a wave window go to 'File->New Waveform Configuration' or type 'create_wave_config' in the TCL console."
#   }
# }
# run 100000ns
xsim: Time (s): cpu = 00:00:19 ; elapsed = 00:00:14 . Memory (MB): peak = 1028.191 ; gain = 0.000
INFO: [USF-XSim-96] XSim completed. Design snapshot 'task3_tb_behav' loaded.
INFO: [USF-XSim-97] XSim simulation ran for 100000ns
launch_simulation: Time (s): cpu = 00:00:26 ; elapsed = 00:00:27 . Memory (MB): peak = 1028.191 ; gain = 0.000
close_sim
INFO: [Simtcl 6-16] Simulation closed
exit
INFO: [Common 17-206] Exiting Vivado at Sun Apr 20 00:51:17 2025...
