#-----------------------------------------------------------
# Vivado v2020.1 (64-bit)
# SW Build 2902540 on Wed May 27 19:54:49 MDT 2020
# IP Build 2902112 on Wed May 27 22:43:36 MDT 2020
# Start of session at: Mon Apr 21 08:58:46 2025
# Process ID: 13008
# Current directory: C:/Users/ddddd/OneDrive/Desktop/RISCV_Processor/RISCV-Processor/task3
# Command line: vivado.exe -gui_launcher_event rodinguilauncherevent16124 C:\Users\ddddd\OneDrive\Desktop\RISCV_Processor\RISCV-Processor\task3\project_1.xpr
# Log file: C:/Users/ddddd/OneDrive/Desktop/RISCV_Processor/RISCV-Processor/task3/vivado.log
# Journal file: C:/Users/ddddd/OneDrive/Desktop/RISCV_Processor/RISCV-Processor/task3\vivado.jou
#-----------------------------------------------------------
start_gui
open_project C:/Users/ddddd/OneDrive/Desktop/RISCV_Processor/RISCV-Processor/task3/project_1.xpr
update_compile_order -fileset sources_1
launch_simulation
open_wave_config C:/Users/ddddd/OneDrive/Desktop/RISCV_Processor/RISCV-Processor/task3/task1_tb_behav.wcfg
source task3_tb.tcl
close_sim
launch_simulation
open_wave_config C:/Users/ddddd/OneDrive/Desktop/RISCV_Processor/RISCV-Processor/task3/task1_tb_behav.wcfg
source task3_tb.tcl
close_sim
