#-----------------------------------------------------------
# Vivado v2020.1 (64-bit)
# SW Build 2902540 on Wed May 27 19:54:49 MDT 2020
# IP Build 2902112 on Wed May 27 22:43:36 MDT 2020
# Start of session at: Tue Apr 15 23:46:10 2025
# Process ID: 11660
# Current directory: C:/Users/ddddd/OneDrive/Desktop/Semester 4/CA/RISCV Processor
# Command line: vivado.exe -gui_launcher_event rodinguilauncherevent17552 C:\Users\ddddd\OneDrive\Desktop\Semester 4\CA\RISCV Processor\project_1.xpr
# Log file: C:/Users/ddddd/OneDrive/Desktop/Semester 4/CA/RISCV Processor/vivado.log
# Journal file: C:/Users/ddddd/OneDrive/Desktop/Semester 4/CA/RISCV Processor\vivado.jou
#-----------------------------------------------------------
start_gui
open_project {C:/Users/ddddd/OneDrive/Desktop/Semester 4/CA/RISCV Processor/project_1.xpr}
INFO: [Project 1-313] Project file moved from 'C:/Users/ddddd/OneDrive/Desktop/opp/op/RISCV Processor Task 3' since last save.
Scanning sources...
Finished scanning sources
INFO: [IP_Flow 19-234] Refreshing IP repositories
INFO: [IP_Flow 19-1704] No user IP repositories specified
INFO: [IP_Flow 19-2313] Loaded Vivado IP repository 'C:/Xilinx/Vivado/2020.1/data/ip'.
open_project: Time (s): cpu = 00:00:40 ; elapsed = 00:00:19 . Memory (MB): peak = 1016.980 ; gain = 0.000
update_compile_order -fileset sources_1
exit
INFO: [Common 17-206] Exiting Vivado at Tue Apr 15 23:48:02 2025...
