#-----------------------------------------------------------
# Vivado v2020.1 (64-bit)
# SW Build 2902540 on Wed May 27 19:54:49 MDT 2020
# IP Build 2902112 on Wed May 27 22:43:36 MDT 2020
# Start of session at: Tue Apr 15 01:05:54 2025
# Process ID: 17124
# Current directory: C:/Users/ddddd/OneDrive/Desktop/op/RISCV Processor Task 3
# Command line: vivado.exe -gui_launcher_event rodinguilauncherevent14964 C:\Users\ddddd\OneDrive\Desktop\op\RISCV Processor Task 3\project_1.xpr
# Log file: C:/Users/ddddd/OneDrive/Desktop/op/RISCV Processor Task 3/vivado.log
# Journal file: C:/Users/ddddd/OneDrive/Desktop/op/RISCV Processor Task 3\vivado.jou
#-----------------------------------------------------------
start_gui
open_project {C:/Users/ddddd/OneDrive/Desktop/op/RISCV Processor Task 3/project_1.xpr}
update_compile_order -fileset sources_1
launch_simulation
open_wave_config {C:/Users/ddddd/OneDrive/Desktop/op/RISCV Processor Task 3/task1_tb_behav.wcfg}
source task3_tb.tcl
close_sim
launch_simulation
open_wave_config {C:/Users/ddddd/OneDrive/Desktop/op/RISCV Processor Task 3/task1_tb_behav.wcfg}
source task3_tb.tcl
save_wave_config {C:/Users/ddddd/OneDrive/Desktop/op/RISCV Processor Task 3/task1_tb_behav.wcfg}
close_sim
launch_simulation
open_wave_config {C:/Users/ddddd/OneDrive/Desktop/op/RISCV Processor Task 3/task1_tb_behav.wcfg}
source task3_tb.tcl
save_wave_config {C:/Users/ddddd/OneDrive/Desktop/op/RISCV Processor Task 3/task1_tb_behav.wcfg}
close_sim
