Copyright 1986-2020 Xilinx, Inc. All Rights Reserved.
-----------------------------------------------------------------------------------------------------------------------------------------------------------------------------------------
| Tool Version : Vivado v.2020.1 (win64) Build 2902540 Wed May 27 19:54:49 MDT 2020
| Date         : Mon Apr 21 11:32:55 2025
| Host         : Taha running 64-bit major release  (build 9200)
| Command      : report_timing_summary -max_paths 10 -file task_3_timing_summary_routed.rpt -pb task_3_timing_summary_routed.pb -rpx task_3_timing_summary_routed.rpx -warn_on_violation
| Design       : task_3
| Device       : 7k70t-fbv676
| Speed File   : -1  PRODUCTION 1.12 2017-02-17
-----------------------------------------------------------------------------------------------------------------------------------------------------------------------------------------

Timing Summary Report

------------------------------------------------------------------------------------------------
| Timer Settings
| --------------
------------------------------------------------------------------------------------------------

  Enable Multi Corner Analysis               :  Yes
  Enable Pessimism Removal                   :  Yes
  Pessimism Removal Resolution               :  Nearest Common Node
  Enable Input Delay Default Clock           :  No
  Enable Preset / Clear Arcs                 :  No
  Disable Flight Delays                      :  No
  Ignore I/O Paths                           :  No
  Timing Early Launch at Borrowing Latches   :  No
  Borrow Time for Max Delay Exceptions       :  Yes
  Merge Timing Exceptions                    :  Yes

  Corner  Analyze    Analyze    
  Name    Max Paths  Min Paths  
  ------  ---------  ---------  
  Slow    Yes        Yes        
  Fast    Yes        Yes        



check_timing report

Table of Contents
-----------------
1. checking no_clock (0)
2. checking constant_clock (0)
3. checking pulse_width_clock (0)
4. checking unconstrained_internal_endpoints (0)
5. checking no_input_delay (1)
6. checking no_output_delay (7)
7. checking multiple_clock (0)
8. checking generated_clocks (0)
9. checking loops (0)
10. checking partial_input_delay (0)
11. checking partial_output_delay (0)
12. checking latch_loops (0)

1. checking no_clock (0)
------------------------
 There are 0 register/latch pins with no clock.


2. checking constant_clock (0)
------------------------------
 There are 0 register/latch pins with constant_clock.


3. checking pulse_width_clock (0)
---------------------------------
 There are 0 register/latch pins which need pulse_width check


4. checking unconstrained_internal_endpoints (0)
------------------------------------------------
 There are 0 pins that are not constrained for maximum delay.

 There are 0 pins that are not constrained for maximum delay due to constant clock.


5. checking no_input_delay (1)
------------------------------
 There is 1 input port with no input delay specified. (HIGH)

 There are 0 input ports with no input delay but user has a false path constraint.


6. checking no_output_delay (7)
-------------------------------
 There are 7 ports with no output delay specified. (HIGH)

 There are 0 ports with no output delay but user has a false path constraint

 There are 0 ports with no output delay but with a timing clock defined on it or propagating through it


7. checking multiple_clock (0)
------------------------------
 There are 0 register/latch pins with multiple clocks.


8. checking generated_clocks (0)
--------------------------------
 There are 0 generated clocks that are not connected to a clock source.


9. checking loops (0)
---------------------
 There are 0 combinational loops in the design.


10. checking partial_input_delay (0)
------------------------------------
 There are 0 input ports with partial input delay specified.


11. checking partial_output_delay (0)
-------------------------------------
 There are 0 ports with partial output delay specified.


12. checking latch_loops (0)
----------------------------
 There are 0 combinational latch loops in the design through latch input



------------------------------------------------------------------------------------------------
| Design Timing Summary
| ---------------------
------------------------------------------------------------------------------------------------

    WNS(ns)      TNS(ns)  TNS Failing Endpoints  TNS Total Endpoints      WHS(ns)      THS(ns)  THS Failing Endpoints  THS Total Endpoints     WPWS(ns)     TPWS(ns)  TPWS Failing Endpoints  TPWS Total Endpoints  
    -------      -------  ---------------------  -------------------      -------      -------  ---------------------  -------------------     --------     --------  ----------------------  --------------------  
      8.578        0.000                      0                   44        0.049        0.000                      0                   44        4.090        0.000                       0                    49  


All user specified timing constraints are met.


------------------------------------------------------------------------------------------------
| Clock Summary
| -------------
------------------------------------------------------------------------------------------------

Clock  Waveform(ns)       Period(ns)      Frequency(MHz)
-----  ------------       ----------      --------------
clk    {0.000 5.000}      10.000          100.000         


------------------------------------------------------------------------------------------------
| Intra Clock Table
| -----------------
------------------------------------------------------------------------------------------------

Clock             WNS(ns)      TNS(ns)  TNS Failing Endpoints  TNS Total Endpoints      WHS(ns)      THS(ns)  THS Failing Endpoints  THS Total Endpoints     WPWS(ns)     TPWS(ns)  TPWS Failing Endpoints  TPWS Total Endpoints  
-----             -------      -------  ---------------------  -------------------      -------      -------  ---------------------  -------------------     --------     --------  ----------------------  --------------------  
clk                 8.578        0.000                      0                   44        0.049        0.000                      0                   44        4.090        0.000                       0                    49  


------------------------------------------------------------------------------------------------
| Inter Clock Table
| -----------------
------------------------------------------------------------------------------------------------

From Clock    To Clock          WNS(ns)      TNS(ns)  TNS Failing Endpoints  TNS Total Endpoints      WHS(ns)      THS(ns)  THS Failing Endpoints  THS Total Endpoints  
----------    --------          -------      -------  ---------------------  -------------------      -------      -------  ---------------------  -------------------  


------------------------------------------------------------------------------------------------
| Other Path Groups Table
| -----------------------
------------------------------------------------------------------------------------------------

Path Group    From Clock    To Clock          WNS(ns)      TNS(ns)  TNS Failing Endpoints  TNS Total Endpoints      WHS(ns)      THS(ns)  THS Failing Endpoints  THS Total Endpoints  
----------    ----------    --------          -------      -------  ---------------------  -------------------      -------      -------  ---------------------  -------------------  


------------------------------------------------------------------------------------------------
| Timing Details
| --------------
------------------------------------------------------------------------------------------------


---------------------------------------------------------------------------------------------------
From Clock:  clk
  To Clock:  clk

Setup :            0  Failing Endpoints,  Worst Slack        8.578ns,  Total Violation        0.000ns
Hold  :            0  Failing Endpoints,  Worst Slack        0.049ns,  Total Violation        0.000ns
PW    :            0  Failing Endpoints,  Worst Slack        4.090ns,  Total Violation        0.000ns
---------------------------------------------------------------------------------------------------


Max Delay Paths
--------------------------------------------------------------------------------------
Slack (MET) :             8.578ns  (required time - arrival time)
  Source:                 id_ex1/read_data2_store_reg[5]/C
                            (rising edge-triggered cell FDRE clocked by clk  {rise@0.000ns fall@5.000ns period=10.000ns})
  Destination:            em1/ALU_result_store_reg[6]/D
                            (rising edge-triggered cell FDRE clocked by clk  {rise@0.000ns fall@5.000ns period=10.000ns})
  Path Group:             clk
  Path Type:              Setup (Max at Slow Process Corner)
  Requirement:            10.000ns  (clk rise@10.000ns - clk rise@0.000ns)
  Data Path Delay:        1.411ns  (logic 0.712ns (50.454%)  route 0.699ns (49.546%))
  Logic Levels:           2  (CARRY4=1 LUT2=1)
  Clock Path Skew:        -0.023ns (DCD - SCD + CPR)
    Destination Clock Delay (DCD):    4.466ns = ( 14.466 - 10.000 ) 
    Source Clock Delay      (SCD):    4.762ns
    Clock Pessimism Removal (CPR):    0.273ns
  Clock Uncertainty:      0.035ns  ((TSJ^2 + TIJ^2)^1/2 + DJ) / 2 + PE
    Total System Jitter     (TSJ):    0.071ns
    Total Input Jitter      (TIJ):    0.000ns
    Discrete Jitter          (DJ):    0.000ns
    Phase Error              (PE):    0.000ns

    Location             Delay type                Incr(ns)  Path(ns)    Netlist Resource(s)
  -------------------------------------------------------------------    -------------------
                         (clock clk rise edge)        0.000     0.000 r  
    P23                                               0.000     0.000 r  clk (IN)
                         net (fo=0)                   0.000     0.000    clk
    P23                  IBUF (Prop_ibuf_I_O)         0.845     0.845 r  clk_IBUF_inst/O
                         net (fo=1, routed)           2.140     2.985    clk_IBUF
    BUFGCTRL_X0Y0        BUFG (Prop_bufg_I_O)         0.120     3.105 r  clk_IBUF_BUFG_inst/O
                         net (fo=48, routed)          1.657     4.762    id_ex1/clk_IBUF_BUFG
    SLICE_X2Y2           FDRE                                         r  id_ex1/read_data2_store_reg[5]/C
  -------------------------------------------------------------------    -------------------
    SLICE_X2Y2           FDRE (Prop_fdre_C_Q)         0.308     5.070 r  id_ex1/read_data2_store_reg[5]/Q
                         net (fo=1, routed)           0.699     5.769    aaloo64/read_data2_store[5]
    SLICE_X3Y3           LUT2 (Prop_lut2_I1_O)        0.053     5.822 r  aaloo64/ALU_result_store[6]_i_2/O
                         net (fo=1, routed)           0.000     5.822    aaloo64/ALU_result_store[6]_i_2_n_0
    SLICE_X3Y3           CARRY4 (Prop_carry4_S[1]_CO[2])
                                                      0.351     6.173 r  aaloo64/ALU_result_store_reg[6]_i_1/CO[2]
                         net (fo=1, routed)           0.000     6.173    em1/data2[6]
    SLICE_X3Y3           FDRE                                         r  em1/ALU_result_store_reg[6]/D
  -------------------------------------------------------------------    -------------------

                         (clock clk rise edge)       10.000    10.000 r  
    P23                                               0.000    10.000 r  clk (IN)
                         net (fo=0)                   0.000    10.000    clk
    P23                  IBUF (Prop_ibuf_I_O)         0.769    10.769 r  clk_IBUF_inst/O
                         net (fo=1, routed)           2.040    12.809    clk_IBUF
    BUFGCTRL_X0Y0        BUFG (Prop_bufg_I_O)         0.113    12.922 r  clk_IBUF_BUFG_inst/O
                         net (fo=48, routed)          1.544    14.466    em1/clk_IBUF_BUFG
    SLICE_X3Y3           FDRE                                         r  em1/ALU_result_store_reg[6]/C
                         clock pessimism              0.273    14.739    
                         clock uncertainty           -0.035    14.704    
    SLICE_X3Y3           FDRE (Setup_fdre_C_D)        0.048    14.752    em1/ALU_result_store_reg[6]
  -------------------------------------------------------------------
                         required time                         14.752    
                         arrival time                          -6.173    
  -------------------------------------------------------------------
                         slack                                  8.578    

Slack (MET) :             8.637ns  (required time - arrival time)
  Source:                 id_ex1/read_data1_store_reg[0]/C
                            (rising edge-triggered cell FDRE clocked by clk  {rise@0.000ns fall@5.000ns period=10.000ns})
  Destination:            em1/ALU_result_store_reg[5]/D
                            (rising edge-triggered cell FDRE clocked by clk  {rise@0.000ns fall@5.000ns period=10.000ns})
  Path Group:             clk
  Path Type:              Setup (Max at Slow Process Corner)
  Requirement:            10.000ns  (clk rise@10.000ns - clk rise@0.000ns)
  Data Path Delay:        1.361ns  (logic 0.961ns (70.630%)  route 0.400ns (29.370%))
  Logic Levels:           2  (CARRY4=2)
  Clock Path Skew:        -0.018ns (DCD - SCD + CPR)
    Destination Clock Delay (DCD):    4.466ns = ( 14.466 - 10.000 ) 
    Source Clock Delay      (SCD):    4.761ns
    Clock Pessimism Removal (CPR):    0.277ns
  Clock Uncertainty:      0.035ns  ((TSJ^2 + TIJ^2)^1/2 + DJ) / 2 + PE
    Total System Jitter     (TSJ):    0.071ns
    Total Input Jitter      (TIJ):    0.000ns
    Discrete Jitter          (DJ):    0.000ns
    Phase Error              (PE):    0.000ns

    Location             Delay type                Incr(ns)  Path(ns)    Netlist Resource(s)
  -------------------------------------------------------------------    -------------------
                         (clock clk rise edge)        0.000     0.000 r  
    P23                                               0.000     0.000 r  clk (IN)
                         net (fo=0)                   0.000     0.000    clk
    P23                  IBUF (Prop_ibuf_I_O)         0.845     0.845 r  clk_IBUF_inst/O
                         net (fo=1, routed)           2.140     2.985    clk_IBUF
    BUFGCTRL_X0Y0        BUFG (Prop_bufg_I_O)         0.120     3.105 r  clk_IBUF_BUFG_inst/O
                         net (fo=48, routed)          1.656     4.761    id_ex1/clk_IBUF_BUFG
    SLICE_X2Y3           FDRE                                         r  id_ex1/read_data1_store_reg[0]/C
  -------------------------------------------------------------------    -------------------
    SLICE_X2Y3           FDRE (Prop_fdre_C_Q)         0.282     5.043 r  id_ex1/read_data1_store_reg[0]/Q
                         net (fo=2, routed)           0.400     5.443    aaloo64/a[0]
    SLICE_X3Y2           CARRY4 (Prop_carry4_S[0]_CO[3])
                                                      0.466     5.909 r  aaloo64/ALU_result_store_reg[3]_i_1/CO[3]
                         net (fo=1, routed)           0.000     5.909    aaloo64/ALU_result_store_reg[3]_i_1_n_0
    SLICE_X3Y3           CARRY4 (Prop_carry4_CI_O[1])
                                                      0.213     6.122 r  aaloo64/ALU_result_store_reg[6]_i_1/O[1]
                         net (fo=1, routed)           0.000     6.122    em1/data2[5]
    SLICE_X3Y3           FDRE                                         r  em1/ALU_result_store_reg[5]/D
  -------------------------------------------------------------------    -------------------

                         (clock clk rise edge)       10.000    10.000 r  
    P23                                               0.000    10.000 r  clk (IN)
                         net (fo=0)                   0.000    10.000    clk
    P23                  IBUF (Prop_ibuf_I_O)         0.769    10.769 r  clk_IBUF_inst/O
                         net (fo=1, routed)           2.040    12.809    clk_IBUF
    BUFGCTRL_X0Y0        BUFG (Prop_bufg_I_O)         0.113    12.922 r  clk_IBUF_BUFG_inst/O
                         net (fo=48, routed)          1.544    14.466    em1/clk_IBUF_BUFG
    SLICE_X3Y3           FDRE                                         r  em1/ALU_result_store_reg[5]/C
                         clock pessimism              0.277    14.743    
                         clock uncertainty           -0.035    14.708    
    SLICE_X3Y3           FDRE (Setup_fdre_C_D)        0.051    14.759    em1/ALU_result_store_reg[5]
  -------------------------------------------------------------------
                         required time                         14.759    
                         arrival time                          -6.122    
  -------------------------------------------------------------------
                         slack                                  8.637    

Slack (MET) :             8.711ns  (required time - arrival time)
  Source:                 id_ex1/read_data1_store_reg[0]/C
                            (rising edge-triggered cell FDRE clocked by clk  {rise@0.000ns fall@5.000ns period=10.000ns})
  Destination:            em1/ALU_result_store_reg[4]/D
                            (rising edge-triggered cell FDRE clocked by clk  {rise@0.000ns fall@5.000ns period=10.000ns})
  Path Group:             clk
  Path Type:              Setup (Max at Slow Process Corner)
  Requirement:            10.000ns  (clk rise@10.000ns - clk rise@0.000ns)
  Data Path Delay:        1.287ns  (logic 0.887ns (68.941%)  route 0.400ns (31.059%))
  Logic Levels:           2  (CARRY4=2)
  Clock Path Skew:        -0.018ns (DCD - SCD + CPR)
    Destination Clock Delay (DCD):    4.466ns = ( 14.466 - 10.000 ) 
    Source Clock Delay      (SCD):    4.761ns
    Clock Pessimism Removal (CPR):    0.277ns
  Clock Uncertainty:      0.035ns  ((TSJ^2 + TIJ^2)^1/2 + DJ) / 2 + PE
    Total System Jitter     (TSJ):    0.071ns
    Total Input Jitter      (TIJ):    0.000ns
    Discrete Jitter          (DJ):    0.000ns
    Phase Error              (PE):    0.000ns

    Location             Delay type                Incr(ns)  Path(ns)    Netlist Resource(s)
  -------------------------------------------------------------------    -------------------
                         (clock clk rise edge)        0.000     0.000 r  
    P23                                               0.000     0.000 r  clk (IN)
                         net (fo=0)                   0.000     0.000    clk
    P23                  IBUF (Prop_ibuf_I_O)         0.845     0.845 r  clk_IBUF_inst/O
                         net (fo=1, routed)           2.140     2.985    clk_IBUF
    BUFGCTRL_X0Y0        BUFG (Prop_bufg_I_O)         0.120     3.105 r  clk_IBUF_BUFG_inst/O
                         net (fo=48, routed)          1.656     4.761    id_ex1/clk_IBUF_BUFG
    SLICE_X2Y3           FDRE                                         r  id_ex1/read_data1_store_reg[0]/C
  -------------------------------------------------------------------    -------------------
    SLICE_X2Y3           FDRE (Prop_fdre_C_Q)         0.282     5.043 r  id_ex1/read_data1_store_reg[0]/Q
                         net (fo=2, routed)           0.400     5.443    aaloo64/a[0]
    SLICE_X3Y2           CARRY4 (Prop_carry4_S[0]_CO[3])
                                                      0.466     5.909 r  aaloo64/ALU_result_store_reg[3]_i_1/CO[3]
                         net (fo=1, routed)           0.000     5.909    aaloo64/ALU_result_store_reg[3]_i_1_n_0
    SLICE_X3Y3           CARRY4 (Prop_carry4_CI_O[0])
                                                      0.139     6.048 r  aaloo64/ALU_result_store_reg[6]_i_1/O[0]
                         net (fo=1, routed)           0.000     6.048    em1/data2[4]
    SLICE_X3Y3           FDRE                                         r  em1/ALU_result_store_reg[4]/D
  -------------------------------------------------------------------    -------------------

                         (clock clk rise edge)       10.000    10.000 r  
    P23                                               0.000    10.000 r  clk (IN)
                         net (fo=0)                   0.000    10.000    clk
    P23                  IBUF (Prop_ibuf_I_O)         0.769    10.769 r  clk_IBUF_inst/O
                         net (fo=1, routed)           2.040    12.809    clk_IBUF
    BUFGCTRL_X0Y0        BUFG (Prop_bufg_I_O)         0.113    12.922 r  clk_IBUF_BUFG_inst/O
                         net (fo=48, routed)          1.544    14.466    em1/clk_IBUF_BUFG
    SLICE_X3Y3           FDRE                                         r  em1/ALU_result_store_reg[4]/C
                         clock pessimism              0.277    14.743    
                         clock uncertainty           -0.035    14.708    
    SLICE_X3Y3           FDRE (Setup_fdre_C_D)        0.051    14.759    em1/ALU_result_store_reg[4]
  -------------------------------------------------------------------
                         required time                         14.759    
                         arrival time                          -6.048    
  -------------------------------------------------------------------
                         slack                                  8.711    

Slack (MET) :             8.803ns  (required time - arrival time)
  Source:                 id_ex1/read_data1_store_reg[0]/C
                            (rising edge-triggered cell FDRE clocked by clk  {rise@0.000ns fall@5.000ns period=10.000ns})
  Destination:            em1/ALU_result_store_reg[3]/D
                            (rising edge-triggered cell FDRE clocked by clk  {rise@0.000ns fall@5.000ns period=10.000ns})
  Path Group:             clk
  Path Type:              Setup (Max at Slow Process Corner)
  Requirement:            10.000ns  (clk rise@10.000ns - clk rise@0.000ns)
  Data Path Delay:        1.192ns  (logic 0.792ns (66.464%)  route 0.400ns (33.536%))
  Logic Levels:           1  (CARRY4=1)
  Clock Path Skew:        -0.021ns (DCD - SCD + CPR)
    Destination Clock Delay (DCD):    4.467ns = ( 14.467 - 10.000 ) 
    Source Clock Delay      (SCD):    4.761ns
    Clock Pessimism Removal (CPR):    0.273ns
  Clock Uncertainty:      0.035ns  ((TSJ^2 + TIJ^2)^1/2 + DJ) / 2 + PE
    Total System Jitter     (TSJ):    0.071ns
    Total Input Jitter      (TIJ):    0.000ns
    Discrete Jitter          (DJ):    0.000ns
    Phase Error              (PE):    0.000ns

    Location             Delay type                Incr(ns)  Path(ns)    Netlist Resource(s)
  -------------------------------------------------------------------    -------------------
                         (clock clk rise edge)        0.000     0.000 r  
    P23                                               0.000     0.000 r  clk (IN)
                         net (fo=0)                   0.000     0.000    clk
    P23                  IBUF (Prop_ibuf_I_O)         0.845     0.845 r  clk_IBUF_inst/O
                         net (fo=1, routed)           2.140     2.985    clk_IBUF
    BUFGCTRL_X0Y0        BUFG (Prop_bufg_I_O)         0.120     3.105 r  clk_IBUF_BUFG_inst/O
                         net (fo=48, routed)          1.656     4.761    id_ex1/clk_IBUF_BUFG
    SLICE_X2Y3           FDRE                                         r  id_ex1/read_data1_store_reg[0]/C
  -------------------------------------------------------------------    -------------------
    SLICE_X2Y3           FDRE (Prop_fdre_C_Q)         0.282     5.043 r  id_ex1/read_data1_store_reg[0]/Q
                         net (fo=2, routed)           0.400     5.443    aaloo64/a[0]
    SLICE_X3Y2           CARRY4 (Prop_carry4_S[0]_O[3])
                                                      0.510     5.953 r  aaloo64/ALU_result_store_reg[3]_i_1/O[3]
                         net (fo=1, routed)           0.000     5.953    em1/data2[3]
    SLICE_X3Y2           FDRE                                         r  em1/ALU_result_store_reg[3]/D
  -------------------------------------------------------------------    -------------------

                         (clock clk rise edge)       10.000    10.000 r  
    P23                                               0.000    10.000 r  clk (IN)
                         net (fo=0)                   0.000    10.000    clk
    P23                  IBUF (Prop_ibuf_I_O)         0.769    10.769 r  clk_IBUF_inst/O
                         net (fo=1, routed)           2.040    12.809    clk_IBUF
    BUFGCTRL_X0Y0        BUFG (Prop_bufg_I_O)         0.113    12.922 r  clk_IBUF_BUFG_inst/O
                         net (fo=48, routed)          1.545    14.467    em1/clk_IBUF_BUFG
    SLICE_X3Y2           FDRE                                         r  em1/ALU_result_store_reg[3]/C
                         clock pessimism              0.273    14.740    
                         clock uncertainty           -0.035    14.705    
    SLICE_X3Y2           FDRE (Setup_fdre_C_D)        0.051    14.756    em1/ALU_result_store_reg[3]
  -------------------------------------------------------------------
                         required time                         14.756    
                         arrival time                          -5.953    
  -------------------------------------------------------------------
                         slack                                  8.803    

Slack (MET) :             8.837ns  (required time - arrival time)
  Source:                 id_ex1/read_data1_store_reg[0]/C
                            (rising edge-triggered cell FDRE clocked by clk  {rise@0.000ns fall@5.000ns period=10.000ns})
  Destination:            em1/ALU_result_store_reg[2]/D
                            (rising edge-triggered cell FDRE clocked by clk  {rise@0.000ns fall@5.000ns period=10.000ns})
  Path Group:             clk
  Path Type:              Setup (Max at Slow Process Corner)
  Requirement:            10.000ns  (clk rise@10.000ns - clk rise@0.000ns)
  Data Path Delay:        1.158ns  (logic 0.758ns (65.479%)  route 0.400ns (34.521%))
  Logic Levels:           1  (CARRY4=1)
  Clock Path Skew:        -0.021ns (DCD - SCD + CPR)
    Destination Clock Delay (DCD):    4.467ns = ( 14.467 - 10.000 ) 
    Source Clock Delay      (SCD):    4.761ns
    Clock Pessimism Removal (CPR):    0.273ns
  Clock Uncertainty:      0.035ns  ((TSJ^2 + TIJ^2)^1/2 + DJ) / 2 + PE
    Total System Jitter     (TSJ):    0.071ns
    Total Input Jitter      (TIJ):    0.000ns
    Discrete Jitter          (DJ):    0.000ns
    Phase Error              (PE):    0.000ns

    Location             Delay type                Incr(ns)  Path(ns)    Netlist Resource(s)
  -------------------------------------------------------------------    -------------------
                         (clock clk rise edge)        0.000     0.000 r  
    P23                                               0.000     0.000 r  clk (IN)
                         net (fo=0)                   0.000     0.000    clk
    P23                  IBUF (Prop_ibuf_I_O)         0.845     0.845 r  clk_IBUF_inst/O
                         net (fo=1, routed)           2.140     2.985    clk_IBUF
    BUFGCTRL_X0Y0        BUFG (Prop_bufg_I_O)         0.120     3.105 r  clk_IBUF_BUFG_inst/O
                         net (fo=48, routed)          1.656     4.761    id_ex1/clk_IBUF_BUFG
    SLICE_X2Y3           FDRE                                         r  id_ex1/read_data1_store_reg[0]/C
  -------------------------------------------------------------------    -------------------
    SLICE_X2Y3           FDRE (Prop_fdre_C_Q)         0.282     5.043 r  id_ex1/read_data1_store_reg[0]/Q
                         net (fo=2, routed)           0.400     5.443    aaloo64/a[0]
    SLICE_X3Y2           CARRY4 (Prop_carry4_S[0]_O[2])
                                                      0.476     5.919 r  aaloo64/ALU_result_store_reg[3]_i_1/O[2]
                         net (fo=1, routed)           0.000     5.919    em1/data2[2]
    SLICE_X3Y2           FDRE                                         r  em1/ALU_result_store_reg[2]/D
  -------------------------------------------------------------------    -------------------

                         (clock clk rise edge)       10.000    10.000 r  
    P23                                               0.000    10.000 r  clk (IN)
                         net (fo=0)                   0.000    10.000    clk
    P23                  IBUF (Prop_ibuf_I_O)         0.769    10.769 r  clk_IBUF_inst/O
                         net (fo=1, routed)           2.040    12.809    clk_IBUF
    BUFGCTRL_X0Y0        BUFG (Prop_bufg_I_O)         0.113    12.922 r  clk_IBUF_BUFG_inst/O
                         net (fo=48, routed)          1.545    14.467    em1/clk_IBUF_BUFG
    SLICE_X3Y2           FDRE                                         r  em1/ALU_result_store_reg[2]/C
                         clock pessimism              0.273    14.740    
                         clock uncertainty           -0.035    14.705    
    SLICE_X3Y2           FDRE (Setup_fdre_C_D)        0.051    14.756    em1/ALU_result_store_reg[2]
  -------------------------------------------------------------------
                         required time                         14.756    
                         arrival time                          -5.919    
  -------------------------------------------------------------------
                         slack                                  8.837    

Slack (MET) :             8.889ns  (required time - arrival time)
  Source:                 id_ex1/read_data1_store_reg[0]/C
                            (rising edge-triggered cell FDRE clocked by clk  {rise@0.000ns fall@5.000ns period=10.000ns})
  Destination:            em1/ALU_result_store_reg[1]/D
                            (rising edge-triggered cell FDRE clocked by clk  {rise@0.000ns fall@5.000ns period=10.000ns})
  Path Group:             clk
  Path Type:              Setup (Max at Slow Process Corner)
  Requirement:            10.000ns  (clk rise@10.000ns - clk rise@0.000ns)
  Data Path Delay:        1.106ns  (logic 0.706ns (63.856%)  route 0.400ns (36.144%))
  Logic Levels:           1  (CARRY4=1)
  Clock Path Skew:        -0.021ns (DCD - SCD + CPR)
    Destination Clock Delay (DCD):    4.467ns = ( 14.467 - 10.000 ) 
    Source Clock Delay      (SCD):    4.761ns
    Clock Pessimism Removal (CPR):    0.273ns
  Clock Uncertainty:      0.035ns  ((TSJ^2 + TIJ^2)^1/2 + DJ) / 2 + PE
    Total System Jitter     (TSJ):    0.071ns
    Total Input Jitter      (TIJ):    0.000ns
    Discrete Jitter          (DJ):    0.000ns
    Phase Error              (PE):    0.000ns

    Location             Delay type                Incr(ns)  Path(ns)    Netlist Resource(s)
  -------------------------------------------------------------------    -------------------
                         (clock clk rise edge)        0.000     0.000 r  
    P23                                               0.000     0.000 r  clk (IN)
                         net (fo=0)                   0.000     0.000    clk
    P23                  IBUF (Prop_ibuf_I_O)         0.845     0.845 r  clk_IBUF_inst/O
                         net (fo=1, routed)           2.140     2.985    clk_IBUF
    BUFGCTRL_X0Y0        BUFG (Prop_bufg_I_O)         0.120     3.105 r  clk_IBUF_BUFG_inst/O
                         net (fo=48, routed)          1.656     4.761    id_ex1/clk_IBUF_BUFG
    SLICE_X2Y3           FDRE                                         r  id_ex1/read_data1_store_reg[0]/C
  -------------------------------------------------------------------    -------------------
    SLICE_X2Y3           FDRE (Prop_fdre_C_Q)         0.282     5.043 r  id_ex1/read_data1_store_reg[0]/Q
                         net (fo=2, routed)           0.400     5.443    aaloo64/a[0]
    SLICE_X3Y2           CARRY4 (Prop_carry4_S[0]_O[1])
                                                      0.424     5.867 r  aaloo64/ALU_result_store_reg[3]_i_1/O[1]
                         net (fo=1, routed)           0.000     5.867    em1/data2[1]
    SLICE_X3Y2           FDRE                                         r  em1/ALU_result_store_reg[1]/D
  -------------------------------------------------------------------    -------------------

                         (clock clk rise edge)       10.000    10.000 r  
    P23                                               0.000    10.000 r  clk (IN)
                         net (fo=0)                   0.000    10.000    clk
    P23                  IBUF (Prop_ibuf_I_O)         0.769    10.769 r  clk_IBUF_inst/O
                         net (fo=1, routed)           2.040    12.809    clk_IBUF
    BUFGCTRL_X0Y0        BUFG (Prop_bufg_I_O)         0.113    12.922 r  clk_IBUF_BUFG_inst/O
                         net (fo=48, routed)          1.545    14.467    em1/clk_IBUF_BUFG
    SLICE_X3Y2           FDRE                                         r  em1/ALU_result_store_reg[1]/C
                         clock pessimism              0.273    14.740    
                         clock uncertainty           -0.035    14.705    
    SLICE_X3Y2           FDRE (Setup_fdre_C_D)        0.051    14.756    em1/ALU_result_store_reg[1]
  -------------------------------------------------------------------
                         required time                         14.756    
                         arrival time                          -5.867    
  -------------------------------------------------------------------
                         slack                                  8.889    

Slack (MET) :             8.965ns  (required time - arrival time)
  Source:                 mem_wb1/ALU_result_store_reg[3]/C
                            (rising edge-triggered cell FDRE clocked by clk  {rise@0.000ns fall@5.000ns period=10.000ns})
  Destination:            rf1/Registers_reg_r1_0_31_0_5/RAMB_D1/I
                            (rising edge-triggered cell RAMD32 clocked by clk  {rise@0.000ns fall@5.000ns period=10.000ns})
  Path Group:             clk
  Path Type:              Setup (Max at Slow Process Corner)
  Requirement:            10.000ns  (clk rise@10.000ns - clk rise@0.000ns)
  Data Path Delay:        0.717ns  (logic 0.246ns (34.295%)  route 0.471ns (65.705%))
  Logic Levels:           0  
  Clock Path Skew:        -0.018ns (DCD - SCD + CPR)
    Destination Clock Delay (DCD):    4.466ns = ( 14.466 - 10.000 ) 
    Source Clock Delay      (SCD):    4.761ns
    Clock Pessimism Removal (CPR):    0.277ns
  Clock Uncertainty:      0.035ns  ((TSJ^2 + TIJ^2)^1/2 + DJ) / 2 + PE
    Total System Jitter     (TSJ):    0.071ns
    Total Input Jitter      (TIJ):    0.000ns
    Discrete Jitter          (DJ):    0.000ns
    Phase Error              (PE):    0.000ns

    Location             Delay type                Incr(ns)  Path(ns)    Netlist Resource(s)
  -------------------------------------------------------------------    -------------------
                         (clock clk rise edge)        0.000     0.000 r  
    P23                                               0.000     0.000 r  clk (IN)
                         net (fo=0)                   0.000     0.000    clk
    P23                  IBUF (Prop_ibuf_I_O)         0.845     0.845 r  clk_IBUF_inst/O
                         net (fo=1, routed)           2.140     2.985    clk_IBUF
    BUFGCTRL_X0Y0        BUFG (Prop_bufg_I_O)         0.120     3.105 r  clk_IBUF_BUFG_inst/O
                         net (fo=48, routed)          1.656     4.761    mem_wb1/clk_IBUF_BUFG
    SLICE_X3Y3           FDRE                                         r  mem_wb1/ALU_result_store_reg[3]/C
  -------------------------------------------------------------------    -------------------
    SLICE_X3Y3           FDRE (Prop_fdre_C_Q)         0.246     5.007 r  mem_wb1/ALU_result_store_reg[3]/Q
                         net (fo=2, routed)           0.471     5.478    rf1/Registers_reg_r1_0_31_0_5/DIB1
    SLICE_X2Y3           RAMD32                                       r  rf1/Registers_reg_r1_0_31_0_5/RAMB_D1/I
  -------------------------------------------------------------------    -------------------

                         (clock clk rise edge)       10.000    10.000 r  
    P23                                               0.000    10.000 r  clk (IN)
                         net (fo=0)                   0.000    10.000    clk
    P23                  IBUF (Prop_ibuf_I_O)         0.769    10.769 r  clk_IBUF_inst/O
                         net (fo=1, routed)           2.040    12.809    clk_IBUF
    BUFGCTRL_X0Y0        BUFG (Prop_bufg_I_O)         0.113    12.922 r  clk_IBUF_BUFG_inst/O
                         net (fo=48, routed)          1.544    14.466    rf1/Registers_reg_r1_0_31_0_5/WCLK
    SLICE_X2Y3           RAMD32                                       r  rf1/Registers_reg_r1_0_31_0_5/RAMB_D1/CLK
                         clock pessimism              0.277    14.743    
                         clock uncertainty           -0.035    14.708    
    SLICE_X2Y3           RAMD32 (Setup_ramd32_CLK_I)
                                                     -0.264    14.444    rf1/Registers_reg_r1_0_31_0_5/RAMB_D1
  -------------------------------------------------------------------
                         required time                         14.444    
                         arrival time                          -5.478    
  -------------------------------------------------------------------
                         slack                                  8.965    

Slack (MET) :             8.981ns  (required time - arrival time)
  Source:                 em1/ALU_result_store_reg[3]/C
                            (rising edge-triggered cell FDRE clocked by clk  {rise@0.000ns fall@5.000ns period=10.000ns})
  Destination:            mem_wb1/ALU_result_store_reg[3]_lopt_replica/D
                            (rising edge-triggered cell FDRE clocked by clk  {rise@0.000ns fall@5.000ns period=10.000ns})
  Path Group:             clk
  Path Type:              Setup (Max at Slow Process Corner)
  Requirement:            10.000ns  (clk rise@10.000ns - clk rise@0.000ns)
  Data Path Delay:        0.927ns  (logic 0.269ns (29.034%)  route 0.658ns (70.966%))
  Logic Levels:           0  
  Clock Path Skew:        -0.023ns (DCD - SCD + CPR)
    Destination Clock Delay (DCD):    4.466ns = ( 14.466 - 10.000 ) 
    Source Clock Delay      (SCD):    4.762ns
    Clock Pessimism Removal (CPR):    0.273ns
  Clock Uncertainty:      0.035ns  ((TSJ^2 + TIJ^2)^1/2 + DJ) / 2 + PE
    Total System Jitter     (TSJ):    0.071ns
    Total Input Jitter      (TIJ):    0.000ns
    Discrete Jitter          (DJ):    0.000ns
    Phase Error              (PE):    0.000ns

    Location             Delay type                Incr(ns)  Path(ns)    Netlist Resource(s)
  -------------------------------------------------------------------    -------------------
                         (clock clk rise edge)        0.000     0.000 r  
    P23                                               0.000     0.000 r  clk (IN)
                         net (fo=0)                   0.000     0.000    clk
    P23                  IBUF (Prop_ibuf_I_O)         0.845     0.845 r  clk_IBUF_inst/O
                         net (fo=1, routed)           2.140     2.985    clk_IBUF
    BUFGCTRL_X0Y0        BUFG (Prop_bufg_I_O)         0.120     3.105 r  clk_IBUF_BUFG_inst/O
                         net (fo=48, routed)          1.657     4.762    em1/clk_IBUF_BUFG
    SLICE_X3Y2           FDRE                                         r  em1/ALU_result_store_reg[3]/C
  -------------------------------------------------------------------    -------------------
    SLICE_X3Y2           FDRE (Prop_fdre_C_Q)         0.269     5.031 r  em1/ALU_result_store_reg[3]/Q
                         net (fo=2, routed)           0.658     5.689    mem_wb1/D[3]
    SLICE_X0Y3           FDRE                                         r  mem_wb1/ALU_result_store_reg[3]_lopt_replica/D
  -------------------------------------------------------------------    -------------------

                         (clock clk rise edge)       10.000    10.000 r  
    P23                                               0.000    10.000 r  clk (IN)
                         net (fo=0)                   0.000    10.000    clk
    P23                  IBUF (Prop_ibuf_I_O)         0.769    10.769 r  clk_IBUF_inst/O
                         net (fo=1, routed)           2.040    12.809    clk_IBUF
    BUFGCTRL_X0Y0        BUFG (Prop_bufg_I_O)         0.113    12.922 r  clk_IBUF_BUFG_inst/O
                         net (fo=48, routed)          1.544    14.466    mem_wb1/clk_IBUF_BUFG
    SLICE_X0Y3           FDRE                                         r  mem_wb1/ALU_result_store_reg[3]_lopt_replica/C
                         clock pessimism              0.273    14.739    
                         clock uncertainty           -0.035    14.704    
    SLICE_X0Y3           FDRE (Setup_fdre_C_D)       -0.034    14.670    mem_wb1/ALU_result_store_reg[3]_lopt_replica
  -------------------------------------------------------------------
                         required time                         14.670    
                         arrival time                          -5.689    
  -------------------------------------------------------------------
                         slack                                  8.981    

Slack (MET) :             9.013ns  (required time - arrival time)
  Source:                 id_ex1/read_data1_store_reg[0]/C
                            (rising edge-triggered cell FDRE clocked by clk  {rise@0.000ns fall@5.000ns period=10.000ns})
  Destination:            em1/ALU_result_store_reg[0]/D
                            (rising edge-triggered cell FDRE clocked by clk  {rise@0.000ns fall@5.000ns period=10.000ns})
  Path Group:             clk
  Path Type:              Setup (Max at Slow Process Corner)
  Requirement:            10.000ns  (clk rise@10.000ns - clk rise@0.000ns)
  Data Path Delay:        0.982ns  (logic 0.582ns (59.290%)  route 0.400ns (40.710%))
  Logic Levels:           1  (CARRY4=1)
  Clock Path Skew:        -0.021ns (DCD - SCD + CPR)
    Destination Clock Delay (DCD):    4.467ns = ( 14.467 - 10.000 ) 
    Source Clock Delay      (SCD):    4.761ns
    Clock Pessimism Removal (CPR):    0.273ns
  Clock Uncertainty:      0.035ns  ((TSJ^2 + TIJ^2)^1/2 + DJ) / 2 + PE
    Total System Jitter     (TSJ):    0.071ns
    Total Input Jitter      (TIJ):    0.000ns
    Discrete Jitter          (DJ):    0.000ns
    Phase Error              (PE):    0.000ns

    Location             Delay type                Incr(ns)  Path(ns)    Netlist Resource(s)
  -------------------------------------------------------------------    -------------------
                         (clock clk rise edge)        0.000     0.000 r  
    P23                                               0.000     0.000 r  clk (IN)
                         net (fo=0)                   0.000     0.000    clk
    P23                  IBUF (Prop_ibuf_I_O)         0.845     0.845 r  clk_IBUF_inst/O
                         net (fo=1, routed)           2.140     2.985    clk_IBUF
    BUFGCTRL_X0Y0        BUFG (Prop_bufg_I_O)         0.120     3.105 r  clk_IBUF_BUFG_inst/O
                         net (fo=48, routed)          1.656     4.761    id_ex1/clk_IBUF_BUFG
    SLICE_X2Y3           FDRE                                         r  id_ex1/read_data1_store_reg[0]/C
  -------------------------------------------------------------------    -------------------
    SLICE_X2Y3           FDRE (Prop_fdre_C_Q)         0.282     5.043 r  id_ex1/read_data1_store_reg[0]/Q
                         net (fo=2, routed)           0.400     5.443    aaloo64/a[0]
    SLICE_X3Y2           CARRY4 (Prop_carry4_S[0]_O[0])
                                                      0.300     5.743 r  aaloo64/ALU_result_store_reg[3]_i_1/O[0]
                         net (fo=1, routed)           0.000     5.743    em1/data2[0]
    SLICE_X3Y2           FDRE                                         r  em1/ALU_result_store_reg[0]/D
  -------------------------------------------------------------------    -------------------

                         (clock clk rise edge)       10.000    10.000 r  
    P23                                               0.000    10.000 r  clk (IN)
                         net (fo=0)                   0.000    10.000    clk
    P23                  IBUF (Prop_ibuf_I_O)         0.769    10.769 r  clk_IBUF_inst/O
                         net (fo=1, routed)           2.040    12.809    clk_IBUF
    BUFGCTRL_X0Y0        BUFG (Prop_bufg_I_O)         0.113    12.922 r  clk_IBUF_BUFG_inst/O
                         net (fo=48, routed)          1.545    14.467    em1/clk_IBUF_BUFG
    SLICE_X3Y2           FDRE                                         r  em1/ALU_result_store_reg[0]/C
                         clock pessimism              0.273    14.740    
                         clock uncertainty           -0.035    14.705    
    SLICE_X3Y2           FDRE (Setup_fdre_C_D)        0.051    14.756    em1/ALU_result_store_reg[0]
  -------------------------------------------------------------------
                         required time                         14.756    
                         arrival time                          -5.743    
  -------------------------------------------------------------------
                         slack                                  9.013    

Slack (MET) :             9.022ns  (required time - arrival time)
  Source:                 em1/ALU_result_store_reg[3]/C
                            (rising edge-triggered cell FDRE clocked by clk  {rise@0.000ns fall@5.000ns period=10.000ns})
  Destination:            mem_wb1/ALU_result_store_reg[3]/D
                            (rising edge-triggered cell FDRE clocked by clk  {rise@0.000ns fall@5.000ns period=10.000ns})
  Path Group:             clk
  Path Type:              Setup (Max at Slow Process Corner)
  Requirement:            10.000ns  (clk rise@10.000ns - clk rise@0.000ns)
  Data Path Delay:        0.899ns  (logic 0.269ns (29.909%)  route 0.630ns (70.091%))
  Logic Levels:           0  
  Clock Path Skew:        -0.023ns (DCD - SCD + CPR)
    Destination Clock Delay (DCD):    4.466ns = ( 14.466 - 10.000 ) 
    Source Clock Delay      (SCD):    4.762ns
    Clock Pessimism Removal (CPR):    0.273ns
  Clock Uncertainty:      0.035ns  ((TSJ^2 + TIJ^2)^1/2 + DJ) / 2 + PE
    Total System Jitter     (TSJ):    0.071ns
    Total Input Jitter      (TIJ):    0.000ns
    Discrete Jitter          (DJ):    0.000ns
    Phase Error              (PE):    0.000ns

    Location             Delay type                Incr(ns)  Path(ns)    Netlist Resource(s)
  -------------------------------------------------------------------    -------------------
                         (clock clk rise edge)        0.000     0.000 r  
    P23                                               0.000     0.000 r  clk (IN)
                         net (fo=0)                   0.000     0.000    clk
    P23                  IBUF (Prop_ibuf_I_O)         0.845     0.845 r  clk_IBUF_inst/O
                         net (fo=1, routed)           2.140     2.985    clk_IBUF
    BUFGCTRL_X0Y0        BUFG (Prop_bufg_I_O)         0.120     3.105 r  clk_IBUF_BUFG_inst/O
                         net (fo=48, routed)          1.657     4.762    em1/clk_IBUF_BUFG
    SLICE_X3Y2           FDRE                                         r  em1/ALU_result_store_reg[3]/C
  -------------------------------------------------------------------    -------------------
    SLICE_X3Y2           FDRE (Prop_fdre_C_Q)         0.269     5.031 r  em1/ALU_result_store_reg[3]/Q
                         net (fo=2, routed)           0.630     5.661    mem_wb1/D[3]
    SLICE_X3Y3           FDRE                                         r  mem_wb1/ALU_result_store_reg[3]/D
  -------------------------------------------------------------------    -------------------

                         (clock clk rise edge)       10.000    10.000 r  
    P23                                               0.000    10.000 r  clk (IN)
                         net (fo=0)                   0.000    10.000    clk
    P23                  IBUF (Prop_ibuf_I_O)         0.769    10.769 r  clk_IBUF_inst/O
                         net (fo=1, routed)           2.040    12.809    clk_IBUF
    BUFGCTRL_X0Y0        BUFG (Prop_bufg_I_O)         0.113    12.922 r  clk_IBUF_BUFG_inst/O
                         net (fo=48, routed)          1.544    14.466    mem_wb1/clk_IBUF_BUFG
    SLICE_X3Y3           FDRE                                         r  mem_wb1/ALU_result_store_reg[3]/C
                         clock pessimism              0.273    14.739    
                         clock uncertainty           -0.035    14.704    
    SLICE_X3Y3           FDRE (Setup_fdre_C_D)       -0.020    14.684    mem_wb1/ALU_result_store_reg[3]
  -------------------------------------------------------------------
                         required time                         14.684    
                         arrival time                          -5.661    
  -------------------------------------------------------------------
                         slack                                  9.022    





Min Delay Paths
--------------------------------------------------------------------------------------
Slack (MET) :             0.049ns  (arrival time - required time)
  Source:                 mem_wb1/ALU_result_store_reg[2]/C
                            (rising edge-triggered cell FDRE clocked by clk  {rise@0.000ns fall@5.000ns period=10.000ns})
  Destination:            rf1/Registers_reg_r2_0_31_0_5/RAMB/I
                            (rising edge-triggered cell RAMD32 clocked by clk  {rise@0.000ns fall@5.000ns period=10.000ns})
  Path Group:             clk
  Path Type:              Hold (Min at Fast Process Corner)
  Requirement:            0.000ns  (clk rise@0.000ns - clk rise@0.000ns)
  Data Path Delay:        0.156ns  (logic 0.091ns (58.489%)  route 0.065ns (41.511%))
  Logic Levels:           0  
  Clock Path Skew:        0.011ns (DCD - SCD - CPR)
    Destination Clock Delay (DCD):    2.171ns
    Source Clock Delay      (SCD):    1.633ns
    Clock Pessimism Removal (CPR):    0.527ns

    Location             Delay type                Incr(ns)  Path(ns)    Netlist Resource(s)
  -------------------------------------------------------------------    -------------------
                         (clock clk rise edge)        0.000     0.000 r  
    P23                                               0.000     0.000 r  clk (IN)
                         net (fo=0)                   0.000     0.000    clk
    P23                  IBUF (Prop_ibuf_I_O)         0.109     0.109 r  clk_IBUF_inst/O
                         net (fo=1, routed)           0.863     0.972    clk_IBUF
    BUFGCTRL_X0Y0        BUFG (Prop_bufg_I_O)         0.026     0.998 r  clk_IBUF_BUFG_inst/O
                         net (fo=48, routed)          0.635     1.633    mem_wb1/clk_IBUF_BUFG
    SLICE_X3Y2           FDRE                                         r  mem_wb1/ALU_result_store_reg[2]/C
  -------------------------------------------------------------------    -------------------
    SLICE_X3Y2           FDRE (Prop_fdre_C_Q)         0.091     1.724 r  mem_wb1/ALU_result_store_reg[2]/Q
                         net (fo=2, routed)           0.065     1.789    rf1/Registers_reg_r2_0_31_0_5/DIB0
    SLICE_X2Y2           RAMD32                                       r  rf1/Registers_reg_r2_0_31_0_5/RAMB/I
  -------------------------------------------------------------------    -------------------

                         (clock clk rise edge)        0.000     0.000 r  
    P23                                               0.000     0.000 r  clk (IN)
                         net (fo=0)                   0.000     0.000    clk
    P23                  IBUF (Prop_ibuf_I_O)         0.357     0.357 r  clk_IBUF_inst/O
                         net (fo=1, routed)           0.928     1.285    clk_IBUF
    BUFGCTRL_X0Y0        BUFG (Prop_bufg_I_O)         0.030     1.315 r  clk_IBUF_BUFG_inst/O
                         net (fo=48, routed)          0.856     2.171    rf1/Registers_reg_r2_0_31_0_5/WCLK
    SLICE_X2Y2           RAMD32                                       r  rf1/Registers_reg_r2_0_31_0_5/RAMB/CLK
                         clock pessimism             -0.527     1.644    
    SLICE_X2Y2           RAMD32 (Hold_ramd32_CLK_I)
                                                      0.096     1.740    rf1/Registers_reg_r2_0_31_0_5/RAMB
  -------------------------------------------------------------------
                         required time                         -1.740    
                         arrival time                           1.789    
  -------------------------------------------------------------------
                         slack                                  0.049    

Slack (MET) :             0.073ns  (arrival time - required time)
  Source:                 mem_wb1/ALU_result_store_reg[1]/C
                            (rising edge-triggered cell FDRE clocked by clk  {rise@0.000ns fall@5.000ns period=10.000ns})
  Destination:            rf1/Registers_reg_r2_0_31_0_5/RAMA_D1/I
                            (rising edge-triggered cell RAMD32 clocked by clk  {rise@0.000ns fall@5.000ns period=10.000ns})
  Path Group:             clk
  Path Type:              Hold (Min at Fast Process Corner)
  Requirement:            0.000ns  (clk rise@0.000ns - clk rise@0.000ns)
  Data Path Delay:        0.156ns  (logic 0.091ns (58.371%)  route 0.065ns (41.629%))
  Logic Levels:           0  
  Clock Path Skew:        0.011ns (DCD - SCD - CPR)
    Destination Clock Delay (DCD):    2.171ns
    Source Clock Delay      (SCD):    1.633ns
    Clock Pessimism Removal (CPR):    0.527ns

    Location             Delay type                Incr(ns)  Path(ns)    Netlist Resource(s)
  -------------------------------------------------------------------    -------------------
                         (clock clk rise edge)        0.000     0.000 r  
    P23                                               0.000     0.000 r  clk (IN)
                         net (fo=0)                   0.000     0.000    clk
    P23                  IBUF (Prop_ibuf_I_O)         0.109     0.109 r  clk_IBUF_inst/O
                         net (fo=1, routed)           0.863     0.972    clk_IBUF
    BUFGCTRL_X0Y0        BUFG (Prop_bufg_I_O)         0.026     0.998 r  clk_IBUF_BUFG_inst/O
                         net (fo=48, routed)          0.635     1.633    mem_wb1/clk_IBUF_BUFG
    SLICE_X3Y2           FDRE                                         r  mem_wb1/ALU_result_store_reg[1]/C
  -------------------------------------------------------------------    -------------------
    SLICE_X3Y2           FDRE (Prop_fdre_C_Q)         0.091     1.724 r  mem_wb1/ALU_result_store_reg[1]/Q
                         net (fo=2, routed)           0.065     1.789    rf1/Registers_reg_r2_0_31_0_5/DIA1
    SLICE_X2Y2           RAMD32                                       r  rf1/Registers_reg_r2_0_31_0_5/RAMA_D1/I
  -------------------------------------------------------------------    -------------------

                         (clock clk rise edge)        0.000     0.000 r  
    P23                                               0.000     0.000 r  clk (IN)
                         net (fo=0)                   0.000     0.000    clk
    P23                  IBUF (Prop_ibuf_I_O)         0.357     0.357 r  clk_IBUF_inst/O
                         net (fo=1, routed)           0.928     1.285    clk_IBUF
    BUFGCTRL_X0Y0        BUFG (Prop_bufg_I_O)         0.030     1.315 r  clk_IBUF_BUFG_inst/O
                         net (fo=48, routed)          0.856     2.171    rf1/Registers_reg_r2_0_31_0_5/WCLK
    SLICE_X2Y2           RAMD32                                       r  rf1/Registers_reg_r2_0_31_0_5/RAMA_D1/CLK
                         clock pessimism             -0.527     1.644    
    SLICE_X2Y2           RAMD32 (Hold_ramd32_CLK_I)
                                                      0.072     1.716    rf1/Registers_reg_r2_0_31_0_5/RAMA_D1
  -------------------------------------------------------------------
                         required time                         -1.716    
                         arrival time                           1.789    
  -------------------------------------------------------------------
                         slack                                  0.073    

Slack (MET) :             0.091ns  (arrival time - required time)
  Source:                 mem_wb1/ALU_result_store_reg[2]/C
                            (rising edge-triggered cell FDRE clocked by clk  {rise@0.000ns fall@5.000ns period=10.000ns})
  Destination:            rf1/Registers_reg_r1_0_31_0_5/RAMB/I
                            (rising edge-triggered cell RAMD32 clocked by clk  {rise@0.000ns fall@5.000ns period=10.000ns})
  Path Group:             clk
  Path Type:              Hold (Min at Fast Process Corner)
  Requirement:            0.000ns  (clk rise@0.000ns - clk rise@0.000ns)
  Data Path Delay:        0.200ns  (logic 0.091ns (45.528%)  route 0.109ns (54.472%))
  Logic Levels:           0  
  Clock Path Skew:        0.013ns (DCD - SCD - CPR)
    Destination Clock Delay (DCD):    2.170ns
    Source Clock Delay      (SCD):    1.633ns
    Clock Pessimism Removal (CPR):    0.524ns

    Location             Delay type                Incr(ns)  Path(ns)    Netlist Resource(s)
  -------------------------------------------------------------------    -------------------
                         (clock clk rise edge)        0.000     0.000 r  
    P23                                               0.000     0.000 r  clk (IN)
                         net (fo=0)                   0.000     0.000    clk
    P23                  IBUF (Prop_ibuf_I_O)         0.109     0.109 r  clk_IBUF_inst/O
                         net (fo=1, routed)           0.863     0.972    clk_IBUF
    BUFGCTRL_X0Y0        BUFG (Prop_bufg_I_O)         0.026     0.998 r  clk_IBUF_BUFG_inst/O
                         net (fo=48, routed)          0.635     1.633    mem_wb1/clk_IBUF_BUFG
    SLICE_X3Y2           FDRE                                         r  mem_wb1/ALU_result_store_reg[2]/C
  -------------------------------------------------------------------    -------------------
    SLICE_X3Y2           FDRE (Prop_fdre_C_Q)         0.091     1.724 r  mem_wb1/ALU_result_store_reg[2]/Q
                         net (fo=2, routed)           0.109     1.833    rf1/Registers_reg_r1_0_31_0_5/DIB0
    SLICE_X2Y3           RAMD32                                       r  rf1/Registers_reg_r1_0_31_0_5/RAMB/I
  -------------------------------------------------------------------    -------------------

                         (clock clk rise edge)        0.000     0.000 r  
    P23                                               0.000     0.000 r  clk (IN)
                         net (fo=0)                   0.000     0.000    clk
    P23                  IBUF (Prop_ibuf_I_O)         0.357     0.357 r  clk_IBUF_inst/O
                         net (fo=1, routed)           0.928     1.285    clk_IBUF
    BUFGCTRL_X0Y0        BUFG (Prop_bufg_I_O)         0.030     1.315 r  clk_IBUF_BUFG_inst/O
                         net (fo=48, routed)          0.855     2.170    rf1/Registers_reg_r1_0_31_0_5/WCLK
    SLICE_X2Y3           RAMD32                                       r  rf1/Registers_reg_r1_0_31_0_5/RAMB/CLK
                         clock pessimism             -0.524     1.646    
    SLICE_X2Y3           RAMD32 (Hold_ramd32_CLK_I)
                                                      0.096     1.742    rf1/Registers_reg_r1_0_31_0_5/RAMB
  -------------------------------------------------------------------
                         required time                         -1.742    
                         arrival time                           1.833    
  -------------------------------------------------------------------
                         slack                                  0.091    

Slack (MET) :             0.106ns  (arrival time - required time)
  Source:                 mem_wb1/ALU_result_store_reg[4]/C
                            (rising edge-triggered cell FDRE clocked by clk  {rise@0.000ns fall@5.000ns period=10.000ns})
  Destination:            rf1/Registers_reg_r1_0_31_0_5/RAMC/I
                            (rising edge-triggered cell RAMD32 clocked by clk  {rise@0.000ns fall@5.000ns period=10.000ns})
  Path Group:             clk
  Path Type:              Hold (Min at Fast Process Corner)
  Requirement:            0.000ns  (clk rise@0.000ns - clk rise@0.000ns)
  Data Path Delay:        0.210ns  (logic 0.091ns (43.308%)  route 0.119ns (56.693%))
  Logic Levels:           0  
  Clock Path Skew:        0.011ns (DCD - SCD - CPR)
    Destination Clock Delay (DCD):    2.170ns
    Source Clock Delay      (SCD):    1.632ns
    Clock Pessimism Removal (CPR):    0.527ns

    Location             Delay type                Incr(ns)  Path(ns)    Netlist Resource(s)
  -------------------------------------------------------------------    -------------------
                         (clock clk rise edge)        0.000     0.000 r  
    P23                                               0.000     0.000 r  clk (IN)
                         net (fo=0)                   0.000     0.000    clk
    P23                  IBUF (Prop_ibuf_I_O)         0.109     0.109 r  clk_IBUF_inst/O
                         net (fo=1, routed)           0.863     0.972    clk_IBUF
    BUFGCTRL_X0Y0        BUFG (Prop_bufg_I_O)         0.026     0.998 r  clk_IBUF_BUFG_inst/O
                         net (fo=48, routed)          0.634     1.632    mem_wb1/clk_IBUF_BUFG
    SLICE_X3Y3           FDRE                                         r  mem_wb1/ALU_result_store_reg[4]/C
  -------------------------------------------------------------------    -------------------
    SLICE_X3Y3           FDRE (Prop_fdre_C_Q)         0.091     1.723 r  mem_wb1/ALU_result_store_reg[4]/Q
                         net (fo=2, routed)           0.119     1.842    rf1/Registers_reg_r1_0_31_0_5/DIC0
    SLICE_X2Y3           RAMD32                                       r  rf1/Registers_reg_r1_0_31_0_5/RAMC/I
  -------------------------------------------------------------------    -------------------

                         (clock clk rise edge)        0.000     0.000 r  
    P23                                               0.000     0.000 r  clk (IN)
                         net (fo=0)                   0.000     0.000    clk
    P23                  IBUF (Prop_ibuf_I_O)         0.357     0.357 r  clk_IBUF_inst/O
                         net (fo=1, routed)           0.928     1.285    clk_IBUF
    BUFGCTRL_X0Y0        BUFG (Prop_bufg_I_O)         0.030     1.315 r  clk_IBUF_BUFG_inst/O
                         net (fo=48, routed)          0.855     2.170    rf1/Registers_reg_r1_0_31_0_5/WCLK
    SLICE_X2Y3           RAMD32                                       r  rf1/Registers_reg_r1_0_31_0_5/RAMC/CLK
                         clock pessimism             -0.527     1.643    
    SLICE_X2Y3           RAMD32 (Hold_ramd32_CLK_I)
                                                      0.093     1.736    rf1/Registers_reg_r1_0_31_0_5/RAMC
  -------------------------------------------------------------------
                         required time                         -1.736    
                         arrival time                           1.842    
  -------------------------------------------------------------------
                         slack                                  0.106    

Slack (MET) :             0.120ns  (arrival time - required time)
  Source:                 mem_wb1/ALU_result_store_reg[5]/C
                            (rising edge-triggered cell FDRE clocked by clk  {rise@0.000ns fall@5.000ns period=10.000ns})
  Destination:            rf1/Registers_reg_r1_0_31_0_5/RAMC_D1/I
                            (rising edge-triggered cell RAMD32 clocked by clk  {rise@0.000ns fall@5.000ns period=10.000ns})
  Path Group:             clk
  Path Type:              Hold (Min at Fast Process Corner)
  Requirement:            0.000ns  (clk rise@0.000ns - clk rise@0.000ns)
  Data Path Delay:        0.201ns  (logic 0.091ns (45.379%)  route 0.110ns (54.621%))
  Logic Levels:           0  
  Clock Path Skew:        0.011ns (DCD - SCD - CPR)
    Destination Clock Delay (DCD):    2.170ns
    Source Clock Delay      (SCD):    1.632ns
    Clock Pessimism Removal (CPR):    0.527ns

    Location             Delay type                Incr(ns)  Path(ns)    Netlist Resource(s)
  -------------------------------------------------------------------    -------------------
                         (clock clk rise edge)        0.000     0.000 r  
    P23                                               0.000     0.000 r  clk (IN)
                         net (fo=0)                   0.000     0.000    clk
    P23                  IBUF (Prop_ibuf_I_O)         0.109     0.109 r  clk_IBUF_inst/O
                         net (fo=1, routed)           0.863     0.972    clk_IBUF
    BUFGCTRL_X0Y0        BUFG (Prop_bufg_I_O)         0.026     0.998 r  clk_IBUF_BUFG_inst/O
                         net (fo=48, routed)          0.634     1.632    mem_wb1/clk_IBUF_BUFG
    SLICE_X3Y3           FDRE                                         r  mem_wb1/ALU_result_store_reg[5]/C
  -------------------------------------------------------------------    -------------------
    SLICE_X3Y3           FDRE (Prop_fdre_C_Q)         0.091     1.723 r  mem_wb1/ALU_result_store_reg[5]/Q
                         net (fo=2, routed)           0.110     1.832    rf1/Registers_reg_r1_0_31_0_5/DIC1
    SLICE_X2Y3           RAMD32                                       r  rf1/Registers_reg_r1_0_31_0_5/RAMC_D1/I
  -------------------------------------------------------------------    -------------------

                         (clock clk rise edge)        0.000     0.000 r  
    P23                                               0.000     0.000 r  clk (IN)
                         net (fo=0)                   0.000     0.000    clk
    P23                  IBUF (Prop_ibuf_I_O)         0.357     0.357 r  clk_IBUF_inst/O
                         net (fo=1, routed)           0.928     1.285    clk_IBUF
    BUFGCTRL_X0Y0        BUFG (Prop_bufg_I_O)         0.030     1.315 r  clk_IBUF_BUFG_inst/O
                         net (fo=48, routed)          0.855     2.170    rf1/Registers_reg_r1_0_31_0_5/WCLK
    SLICE_X2Y3           RAMD32                                       r  rf1/Registers_reg_r1_0_31_0_5/RAMC_D1/CLK
                         clock pessimism             -0.527     1.643    
    SLICE_X2Y3           RAMD32 (Hold_ramd32_CLK_I)
                                                      0.070     1.713    rf1/Registers_reg_r1_0_31_0_5/RAMC_D1
  -------------------------------------------------------------------
                         required time                         -1.713    
                         arrival time                           1.832    
  -------------------------------------------------------------------
                         slack                                  0.120    

Slack (MET) :             0.125ns  (arrival time - required time)
  Source:                 mem_wb1/ALU_result_store_reg[5]/C
                            (rising edge-triggered cell FDRE clocked by clk  {rise@0.000ns fall@5.000ns period=10.000ns})
  Destination:            rf1/Registers_reg_r2_0_31_0_5/RAMC_D1/I
                            (rising edge-triggered cell RAMD32 clocked by clk  {rise@0.000ns fall@5.000ns period=10.000ns})
  Path Group:             clk
  Path Type:              Hold (Min at Fast Process Corner)
  Requirement:            0.000ns  (clk rise@0.000ns - clk rise@0.000ns)
  Data Path Delay:        0.210ns  (logic 0.091ns (43.355%)  route 0.119ns (56.645%))
  Logic Levels:           0  
  Clock Path Skew:        0.015ns (DCD - SCD - CPR)
    Destination Clock Delay (DCD):    2.171ns
    Source Clock Delay      (SCD):    1.632ns
    Clock Pessimism Removal (CPR):    0.524ns

    Location             Delay type                Incr(ns)  Path(ns)    Netlist Resource(s)
  -------------------------------------------------------------------    -------------------
                         (clock clk rise edge)        0.000     0.000 r  
    P23                                               0.000     0.000 r  clk (IN)
                         net (fo=0)                   0.000     0.000    clk
    P23                  IBUF (Prop_ibuf_I_O)         0.109     0.109 r  clk_IBUF_inst/O
                         net (fo=1, routed)           0.863     0.972    clk_IBUF
    BUFGCTRL_X0Y0        BUFG (Prop_bufg_I_O)         0.026     0.998 r  clk_IBUF_BUFG_inst/O
                         net (fo=48, routed)          0.634     1.632    mem_wb1/clk_IBUF_BUFG
    SLICE_X3Y3           FDRE                                         r  mem_wb1/ALU_result_store_reg[5]/C
  -------------------------------------------------------------------    -------------------
    SLICE_X3Y3           FDRE (Prop_fdre_C_Q)         0.091     1.723 r  mem_wb1/ALU_result_store_reg[5]/Q
                         net (fo=2, routed)           0.119     1.842    rf1/Registers_reg_r2_0_31_0_5/DIC1
    SLICE_X2Y2           RAMD32                                       r  rf1/Registers_reg_r2_0_31_0_5/RAMC_D1/I
  -------------------------------------------------------------------    -------------------

                         (clock clk rise edge)        0.000     0.000 r  
    P23                                               0.000     0.000 r  clk (IN)
                         net (fo=0)                   0.000     0.000    clk
    P23                  IBUF (Prop_ibuf_I_O)         0.357     0.357 r  clk_IBUF_inst/O
                         net (fo=1, routed)           0.928     1.285    clk_IBUF
    BUFGCTRL_X0Y0        BUFG (Prop_bufg_I_O)         0.030     1.315 r  clk_IBUF_BUFG_inst/O
                         net (fo=48, routed)          0.856     2.171    rf1/Registers_reg_r2_0_31_0_5/WCLK
    SLICE_X2Y2           RAMD32                                       r  rf1/Registers_reg_r2_0_31_0_5/RAMC_D1/CLK
                         clock pessimism             -0.524     1.647    
    SLICE_X2Y2           RAMD32 (Hold_ramd32_CLK_I)
                                                      0.070     1.717    rf1/Registers_reg_r2_0_31_0_5/RAMC_D1
  -------------------------------------------------------------------
                         required time                         -1.717    
                         arrival time                           1.842    
  -------------------------------------------------------------------
                         slack                                  0.125    

Slack (MET) :             0.147ns  (arrival time - required time)
  Source:                 mem_wb1/ALU_result_store_reg[0]/C
                            (rising edge-triggered cell FDRE clocked by clk  {rise@0.000ns fall@5.000ns period=10.000ns})
  Destination:            rf1/Registers_reg_r1_0_31_0_5/RAMA/I
                            (rising edge-triggered cell RAMD32 clocked by clk  {rise@0.000ns fall@5.000ns period=10.000ns})
  Path Group:             clk
  Path Type:              Hold (Min at Fast Process Corner)
  Requirement:            0.000ns  (clk rise@0.000ns - clk rise@0.000ns)
  Data Path Delay:        0.255ns  (logic 0.091ns (35.719%)  route 0.164ns (64.281%))
  Logic Levels:           0  
  Clock Path Skew:        0.013ns (DCD - SCD - CPR)
    Destination Clock Delay (DCD):    2.170ns
    Source Clock Delay      (SCD):    1.633ns
    Clock Pessimism Removal (CPR):    0.524ns

    Location             Delay type                Incr(ns)  Path(ns)    Netlist Resource(s)
  -------------------------------------------------------------------    -------------------
                         (clock clk rise edge)        0.000     0.000 r  
    P23                                               0.000     0.000 r  clk (IN)
                         net (fo=0)                   0.000     0.000    clk
    P23                  IBUF (Prop_ibuf_I_O)         0.109     0.109 r  clk_IBUF_inst/O
                         net (fo=1, routed)           0.863     0.972    clk_IBUF
    BUFGCTRL_X0Y0        BUFG (Prop_bufg_I_O)         0.026     0.998 r  clk_IBUF_BUFG_inst/O
                         net (fo=48, routed)          0.635     1.633    mem_wb1/clk_IBUF_BUFG
    SLICE_X3Y2           FDRE                                         r  mem_wb1/ALU_result_store_reg[0]/C
  -------------------------------------------------------------------    -------------------
    SLICE_X3Y2           FDRE (Prop_fdre_C_Q)         0.091     1.724 r  mem_wb1/ALU_result_store_reg[0]/Q
                         net (fo=2, routed)           0.164     1.888    rf1/Registers_reg_r1_0_31_0_5/DIA0
    SLICE_X2Y3           RAMD32                                       r  rf1/Registers_reg_r1_0_31_0_5/RAMA/I
  -------------------------------------------------------------------    -------------------

                         (clock clk rise edge)        0.000     0.000 r  
    P23                                               0.000     0.000 r  clk (IN)
                         net (fo=0)                   0.000     0.000    clk
    P23                  IBUF (Prop_ibuf_I_O)         0.357     0.357 r  clk_IBUF_inst/O
                         net (fo=1, routed)           0.928     1.285    clk_IBUF
    BUFGCTRL_X0Y0        BUFG (Prop_bufg_I_O)         0.030     1.315 r  clk_IBUF_BUFG_inst/O
                         net (fo=48, routed)          0.855     2.170    rf1/Registers_reg_r1_0_31_0_5/WCLK
    SLICE_X2Y3           RAMD32                                       r  rf1/Registers_reg_r1_0_31_0_5/RAMA/CLK
                         clock pessimism             -0.524     1.646    
    SLICE_X2Y3           RAMD32 (Hold_ramd32_CLK_I)
                                                      0.095     1.741    rf1/Registers_reg_r1_0_31_0_5/RAMA
  -------------------------------------------------------------------
                         required time                         -1.741    
                         arrival time                           1.888    
  -------------------------------------------------------------------
                         slack                                  0.147    

Slack (MET) :             0.150ns  (arrival time - required time)
  Source:                 mem_wb1/ALU_result_store_reg[4]/C
                            (rising edge-triggered cell FDRE clocked by clk  {rise@0.000ns fall@5.000ns period=10.000ns})
  Destination:            rf1/Registers_reg_r2_0_31_0_5/RAMC/I
                            (rising edge-triggered cell RAMD32 clocked by clk  {rise@0.000ns fall@5.000ns period=10.000ns})
  Path Group:             clk
  Path Type:              Hold (Min at Fast Process Corner)
  Requirement:            0.000ns  (clk rise@0.000ns - clk rise@0.000ns)
  Data Path Delay:        0.258ns  (logic 0.091ns (35.313%)  route 0.167ns (64.687%))
  Logic Levels:           0  
  Clock Path Skew:        0.015ns (DCD - SCD - CPR)
    Destination Clock Delay (DCD):    2.171ns
    Source Clock Delay      (SCD):    1.632ns
    Clock Pessimism Removal (CPR):    0.524ns

    Location             Delay type                Incr(ns)  Path(ns)    Netlist Resource(s)
  -------------------------------------------------------------------    -------------------
                         (clock clk rise edge)        0.000     0.000 r  
    P23                                               0.000     0.000 r  clk (IN)
                         net (fo=0)                   0.000     0.000    clk
    P23                  IBUF (Prop_ibuf_I_O)         0.109     0.109 r  clk_IBUF_inst/O
                         net (fo=1, routed)           0.863     0.972    clk_IBUF
    BUFGCTRL_X0Y0        BUFG (Prop_bufg_I_O)         0.026     0.998 r  clk_IBUF_BUFG_inst/O
                         net (fo=48, routed)          0.634     1.632    mem_wb1/clk_IBUF_BUFG
    SLICE_X3Y3           FDRE                                         r  mem_wb1/ALU_result_store_reg[4]/C
  -------------------------------------------------------------------    -------------------
    SLICE_X3Y3           FDRE (Prop_fdre_C_Q)         0.091     1.723 r  mem_wb1/ALU_result_store_reg[4]/Q
                         net (fo=2, routed)           0.167     1.890    rf1/Registers_reg_r2_0_31_0_5/DIC0
    SLICE_X2Y2           RAMD32                                       r  rf1/Registers_reg_r2_0_31_0_5/RAMC/I
  -------------------------------------------------------------------    -------------------

                         (clock clk rise edge)        0.000     0.000 r  
    P23                                               0.000     0.000 r  clk (IN)
                         net (fo=0)                   0.000     0.000    clk
    P23                  IBUF (Prop_ibuf_I_O)         0.357     0.357 r  clk_IBUF_inst/O
                         net (fo=1, routed)           0.928     1.285    clk_IBUF
    BUFGCTRL_X0Y0        BUFG (Prop_bufg_I_O)         0.030     1.315 r  clk_IBUF_BUFG_inst/O
                         net (fo=48, routed)          0.856     2.171    rf1/Registers_reg_r2_0_31_0_5/WCLK
    SLICE_X2Y2           RAMD32                                       r  rf1/Registers_reg_r2_0_31_0_5/RAMC/CLK
                         clock pessimism             -0.524     1.647    
    SLICE_X2Y2           RAMD32 (Hold_ramd32_CLK_I)
                                                      0.093     1.740    rf1/Registers_reg_r2_0_31_0_5/RAMC
  -------------------------------------------------------------------
                         required time                         -1.740    
                         arrival time                           1.890    
  -------------------------------------------------------------------
                         slack                                  0.150    

Slack (MET) :             0.152ns  (arrival time - required time)
  Source:                 em1/ALU_result_store_reg[2]/C
                            (rising edge-triggered cell FDRE clocked by clk  {rise@0.000ns fall@5.000ns period=10.000ns})
  Destination:            mem_wb1/ALU_result_store_reg[2]_lopt_replica/D
                            (rising edge-triggered cell FDRE clocked by clk  {rise@0.000ns fall@5.000ns period=10.000ns})
  Path Group:             clk
  Path Type:              Hold (Min at Fast Process Corner)
  Requirement:            0.000ns  (clk rise@0.000ns - clk rise@0.000ns)
  Data Path Delay:        0.207ns  (logic 0.100ns (48.340%)  route 0.107ns (51.660%))
  Logic Levels:           0  
  Clock Path Skew:        0.014ns (DCD - SCD - CPR)
    Destination Clock Delay (DCD):    2.171ns
    Source Clock Delay      (SCD):    1.633ns
    Clock Pessimism Removal (CPR):    0.524ns

    Location             Delay type                Incr(ns)  Path(ns)    Netlist Resource(s)
  -------------------------------------------------------------------    -------------------
                         (clock clk rise edge)        0.000     0.000 r  
    P23                                               0.000     0.000 r  clk (IN)
                         net (fo=0)                   0.000     0.000    clk
    P23                  IBUF (Prop_ibuf_I_O)         0.109     0.109 r  clk_IBUF_inst/O
                         net (fo=1, routed)           0.863     0.972    clk_IBUF
    BUFGCTRL_X0Y0        BUFG (Prop_bufg_I_O)         0.026     0.998 r  clk_IBUF_BUFG_inst/O
                         net (fo=48, routed)          0.635     1.633    em1/clk_IBUF_BUFG
    SLICE_X3Y2           FDRE                                         r  em1/ALU_result_store_reg[2]/C
  -------------------------------------------------------------------    -------------------
    SLICE_X3Y2           FDRE (Prop_fdre_C_Q)         0.100     1.733 r  em1/ALU_result_store_reg[2]/Q
                         net (fo=2, routed)           0.107     1.840    mem_wb1/D[2]
    SLICE_X0Y1           FDRE                                         r  mem_wb1/ALU_result_store_reg[2]_lopt_replica/D
  -------------------------------------------------------------------    -------------------

                         (clock clk rise edge)        0.000     0.000 r  
    P23                                               0.000     0.000 r  clk (IN)
                         net (fo=0)                   0.000     0.000    clk
    P23                  IBUF (Prop_ibuf_I_O)         0.357     0.357 r  clk_IBUF_inst/O
                         net (fo=1, routed)           0.928     1.285    clk_IBUF
    BUFGCTRL_X0Y0        BUFG (Prop_bufg_I_O)         0.030     1.315 r  clk_IBUF_BUFG_inst/O
                         net (fo=48, routed)          0.856     2.171    mem_wb1/clk_IBUF_BUFG
    SLICE_X0Y1           FDRE                                         r  mem_wb1/ALU_result_store_reg[2]_lopt_replica/C
                         clock pessimism             -0.524     1.647    
    SLICE_X0Y1           FDRE (Hold_fdre_C_D)         0.041     1.688    mem_wb1/ALU_result_store_reg[2]_lopt_replica
  -------------------------------------------------------------------
                         required time                         -1.688    
                         arrival time                           1.840    
  -------------------------------------------------------------------
                         slack                                  0.152    

Slack (MET) :             0.155ns  (arrival time - required time)
  Source:                 em1/ALU_result_store_reg[1]/C
                            (rising edge-triggered cell FDRE clocked by clk  {rise@0.000ns fall@5.000ns period=10.000ns})
  Destination:            mem_wb1/ALU_result_store_reg[1]_lopt_replica/D
                            (rising edge-triggered cell FDRE clocked by clk  {rise@0.000ns fall@5.000ns period=10.000ns})
  Path Group:             clk
  Path Type:              Hold (Min at Fast Process Corner)
  Requirement:            0.000ns  (clk rise@0.000ns - clk rise@0.000ns)
  Data Path Delay:        0.207ns  (logic 0.100ns (48.340%)  route 0.107ns (51.660%))
  Logic Levels:           0  
  Clock Path Skew:        0.014ns (DCD - SCD - CPR)
    Destination Clock Delay (DCD):    2.171ns
    Source Clock Delay      (SCD):    1.633ns
    Clock Pessimism Removal (CPR):    0.524ns

    Location             Delay type                Incr(ns)  Path(ns)    Netlist Resource(s)
  -------------------------------------------------------------------    -------------------
                         (clock clk rise edge)        0.000     0.000 r  
    P23                                               0.000     0.000 r  clk (IN)
                         net (fo=0)                   0.000     0.000    clk
    P23                  IBUF (Prop_ibuf_I_O)         0.109     0.109 r  clk_IBUF_inst/O
                         net (fo=1, routed)           0.863     0.972    clk_IBUF
    BUFGCTRL_X0Y0        BUFG (Prop_bufg_I_O)         0.026     0.998 r  clk_IBUF_BUFG_inst/O
                         net (fo=48, routed)          0.635     1.633    em1/clk_IBUF_BUFG
    SLICE_X3Y2           FDRE                                         r  em1/ALU_result_store_reg[1]/C
  -------------------------------------------------------------------    -------------------
    SLICE_X3Y2           FDRE (Prop_fdre_C_Q)         0.100     1.733 r  em1/ALU_result_store_reg[1]/Q
                         net (fo=2, routed)           0.107     1.840    mem_wb1/D[1]
    SLICE_X0Y1           FDRE                                         r  mem_wb1/ALU_result_store_reg[1]_lopt_replica/D
  -------------------------------------------------------------------    -------------------

                         (clock clk rise edge)        0.000     0.000 r  
    P23                                               0.000     0.000 r  clk (IN)
                         net (fo=0)                   0.000     0.000    clk
    P23                  IBUF (Prop_ibuf_I_O)         0.357     0.357 r  clk_IBUF_inst/O
                         net (fo=1, routed)           0.928     1.285    clk_IBUF
    BUFGCTRL_X0Y0        BUFG (Prop_bufg_I_O)         0.030     1.315 r  clk_IBUF_BUFG_inst/O
                         net (fo=48, routed)          0.856     2.171    mem_wb1/clk_IBUF_BUFG
    SLICE_X0Y1           FDRE                                         r  mem_wb1/ALU_result_store_reg[1]_lopt_replica/C
                         clock pessimism             -0.524     1.647    
    SLICE_X0Y1           FDRE (Hold_fdre_C_D)         0.038     1.685    mem_wb1/ALU_result_store_reg[1]_lopt_replica
  -------------------------------------------------------------------
                         required time                         -1.685    
                         arrival time                           1.840    
  -------------------------------------------------------------------
                         slack                                  0.155    





Pulse Width Checks
--------------------------------------------------------------------------------------
Clock Name:         clk
Waveform(ns):       { 0.000 5.000 }
Period(ns):         10.000
Sources:            { clk }

Check Type        Corner  Lib Pin     Reference Pin  Required(ns)  Actual(ns)  Slack(ns)  Location       Pin
Min Period        n/a     BUFG/I      n/a            1.600         10.000      8.400      BUFGCTRL_X0Y0  clk_IBUF_BUFG_inst/I
Min Period        n/a     FDRE/C      n/a            0.750         10.000      9.250      SLICE_X2Y3     id_ex1/read_data1_store_reg[0]/C
Min Period        n/a     FDRE/C      n/a            0.750         10.000      9.250      SLICE_X2Y3     id_ex1/read_data1_store_reg[2]/C
Min Period        n/a     FDRE/C      n/a            0.750         10.000      9.250      SLICE_X2Y3     id_ex1/read_data1_store_reg[4]/C
Min Period        n/a     FDRE/C      n/a            0.750         10.000      9.250      SLICE_X2Y2     id_ex1/read_data2_store_reg[0]/C
Min Period        n/a     FDRE/C      n/a            0.750         10.000      9.250      SLICE_X2Y2     id_ex1/read_data2_store_reg[2]/C
Min Period        n/a     FDRE/C      n/a            0.750         10.000      9.250      SLICE_X2Y2     id_ex1/read_data2_store_reg[4]/C
Min Period        n/a     FDRE/C      n/a            0.750         10.000      9.250      SLICE_X3Y2     mem_wb1/ALU_result_store_reg[0]/C
Min Period        n/a     FDRE/C      n/a            0.750         10.000      9.250      SLICE_X3Y2     mem_wb1/ALU_result_store_reg[1]/C
Min Period        n/a     FDRE/C      n/a            0.750         10.000      9.250      SLICE_X3Y2     mem_wb1/ALU_result_store_reg[2]/C
Low Pulse Width   Fast    RAMD32/CLK  n/a            0.910         5.000       4.090      SLICE_X2Y3     rf1/Registers_reg_r1_0_31_0_5/RAMA/CLK
Low Pulse Width   Fast    RAMD32/CLK  n/a            0.910         5.000       4.090      SLICE_X2Y3     rf1/Registers_reg_r1_0_31_0_5/RAMA_D1/CLK
Low Pulse Width   Fast    RAMD32/CLK  n/a            0.910         5.000       4.090      SLICE_X2Y3     rf1/Registers_reg_r1_0_31_0_5/RAMB/CLK
Low Pulse Width   Fast    RAMD32/CLK  n/a            0.910         5.000       4.090      SLICE_X2Y3     rf1/Registers_reg_r1_0_31_0_5/RAMB_D1/CLK
Low Pulse Width   Fast    RAMD32/CLK  n/a            0.910         5.000       4.090      SLICE_X2Y3     rf1/Registers_reg_r1_0_31_0_5/RAMC/CLK
Low Pulse Width   Fast    RAMD32/CLK  n/a            0.910         5.000       4.090      SLICE_X2Y3     rf1/Registers_reg_r1_0_31_0_5/RAMC_D1/CLK
Low Pulse Width   Fast    RAMS32/CLK  n/a            0.910         5.000       4.090      SLICE_X2Y3     rf1/Registers_reg_r1_0_31_0_5/RAMD/CLK
Low Pulse Width   Fast    RAMS32/CLK  n/a            0.910         5.000       4.090      SLICE_X2Y3     rf1/Registers_reg_r1_0_31_0_5/RAMD_D1/CLK
Low Pulse Width   Slow    RAMD32/CLK  n/a            0.910         5.000       4.090      SLICE_X2Y2     rf1/Registers_reg_r2_0_31_0_5/RAMA/CLK
Low Pulse Width   Fast    RAMD32/CLK  n/a            0.910         5.000       4.090      SLICE_X2Y2     rf1/Registers_reg_r2_0_31_0_5/RAMA/CLK
High Pulse Width  Slow    RAMD32/CLK  n/a            0.910         5.000       4.090      SLICE_X2Y3     rf1/Registers_reg_r1_0_31_0_5/RAMA/CLK
High Pulse Width  Slow    RAMD32/CLK  n/a            0.910         5.000       4.090      SLICE_X2Y3     rf1/Registers_reg_r1_0_31_0_5/RAMA_D1/CLK
High Pulse Width  Slow    RAMD32/CLK  n/a            0.910         5.000       4.090      SLICE_X2Y3     rf1/Registers_reg_r1_0_31_0_5/RAMB/CLK
High Pulse Width  Slow    RAMD32/CLK  n/a            0.910         5.000       4.090      SLICE_X2Y3     rf1/Registers_reg_r1_0_31_0_5/RAMB_D1/CLK
High Pulse Width  Slow    RAMD32/CLK  n/a            0.910         5.000       4.090      SLICE_X2Y3     rf1/Registers_reg_r1_0_31_0_5/RAMC/CLK
High Pulse Width  Slow    RAMD32/CLK  n/a            0.910         5.000       4.090      SLICE_X2Y3     rf1/Registers_reg_r1_0_31_0_5/RAMC_D1/CLK
High Pulse Width  Slow    RAMS32/CLK  n/a            0.910         5.000       4.090      SLICE_X2Y3     rf1/Registers_reg_r1_0_31_0_5/RAMD/CLK
High Pulse Width  Slow    RAMS32/CLK  n/a            0.910         5.000       4.090      SLICE_X2Y3     rf1/Registers_reg_r1_0_31_0_5/RAMD_D1/CLK
High Pulse Width  Fast    RAMD32/CLK  n/a            0.910         5.000       4.090      SLICE_X2Y3     rf1/Registers_reg_r1_0_31_0_5/RAMA/CLK
High Pulse Width  Fast    RAMD32/CLK  n/a            0.910         5.000       4.090      SLICE_X2Y3     rf1/Registers_reg_r1_0_31_0_5/RAMA_D1/CLK



