INFO: [VRFC 10-2263] Analyzing Verilog file "C:/Users/ddddd/OneDrive/Desktop/RISCV_Processor/RISCV-Processor/task1/project_1/project_1/project_1.srcs/sources_1/new/ALU_64_bit.v" into library xil_defaultlib
INFO: [VRFC 10-311] analyzing module ALU_64_bit
INFO: [VRFC 10-2263] Analyzing Verilog file "C:/Users/ddddd/OneDrive/Desktop/RISCV_Processor/RISCV-Processor/task1/project_1/project_1/project_1.srcs/sources_1/new/ALU_Control.v" into library xil_defaultlib
INFO: [VRFC 10-311] analyzing module ALU_Control
INFO: [VRFC 10-2263] Analyzing Verilog file "C:/Users/ddddd/OneDrive/Desktop/RISCV_Processor/RISCV-Processor/task1/project_1/project_1/project_1.srcs/sources_1/new/Control_Unit.v" into library xil_defaultlib
INFO: [VRFC 10-311] analyzing module Control_Unit
INFO: [VRFC 10-2263] Analyzing Verilog file "C:/Users/ddddd/OneDrive/Desktop/RISCV_Processor/RISCV-Processor/task1/project_1/project_1/project_1.srcs/sources_1/new/Data_Memory.v" into library xil_defaultlib
INFO: [VRFC 10-311] analyzing module Data_Memory
INFO: [VRFC 10-2263] Analyzing Verilog file "C:/Users/ddddd/OneDrive/Desktop/RISCV_Processor/RISCV-Processor/task1/project_1/project_1/project_1.srcs/sources_1/new/Instruction_Memory.v" into library xil_defaultlib
INFO: [VRFC 10-311] analyzing module Instruction_Memory
INFO: [VRFC 10-2263] Analyzing Verilog file "C:/Users/ddddd/OneDrive/Desktop/RISCV_Processor/RISCV-Processor/task1/project_1/project_1/project_1.srcs/sources_1/new/Program_Counter.v" into library xil_defaultlib
INFO: [VRFC 10-311] analyzing module Program_Counter
INFO: [VRFC 10-2263] Analyzing Verilog file "C:/Users/ddddd/OneDrive/Desktop/RISCV_Processor/RISCV-Processor/task1/project_1/project_1/project_1.srcs/sources_1/new/RegisterFile.v" into library xil_defaultlib
INFO: [VRFC 10-311] analyzing module registerFile
INFO: [VRFC 10-2263] Analyzing Verilog file "C:/Users/ddddd/OneDrive/Desktop/RISCV_Processor/RISCV-Processor/task1/project_1/project_1/project_1.srcs/sources_1/new/adder.v" into library xil_defaultlib
INFO: [VRFC 10-311] analyzing module adder
INFO: [VRFC 10-2263] Analyzing Verilog file "C:/Users/ddddd/OneDrive/Desktop/RISCV_Processor/RISCV-Processor/task1/project_1/project_1/project_1.srcs/sources_1/new/imm_data_gen.v" into library xil_defaultlib
INFO: [VRFC 10-311] analyzing module imm_dat_gen
INFO: [VRFC 10-2263] Analyzing Verilog file "C:/Users/ddddd/OneDrive/Desktop/RISCV_Processor/RISCV-Processor/task1/project_1/project_1/project_1.srcs/sources_1/new/inst_parser.v" into library xil_defaultlib
INFO: [VRFC 10-311] analyzing module inst_parser
INFO: [VRFC 10-2263] Analyzing Verilog file "C:/Users/ddddd/OneDrive/Desktop/RISCV_Processor/RISCV-Processor/task1/project_1/project_1/project_1.srcs/sources_1/new/mux_2x1.v" into library xil_defaultlib
INFO: [VRFC 10-311] analyzing module mux_2x1
INFO: [VRFC 10-2263] Analyzing Verilog file "C:/Users/ddddd/OneDrive/Desktop/RISCV_Processor/RISCV-Processor/task1/project_1/project_1/project_1.srcs/sources_1/new/task1.v" into library xil_defaultlib
INFO: [VRFC 10-311] analyzing module task1
INFO: [VRFC 10-2263] Analyzing Verilog file "C:/Users/ddddd/OneDrive/Desktop/RISCV_Processor/RISCV-Processor/task1/project_1/project_1/project_1.srcs/sources_1/new/top_control.v" into library xil_defaultlib
INFO: [VRFC 10-311] analyzing module top_control
INFO: [VRFC 10-2263] Analyzing Verilog file "C:/Users/ddddd/OneDrive/Desktop/RISCV_Processor/RISCV-Processor/task1/project_1/project_1/project_1.srcs/sim_1/new/task1_tb.v" into library xil_defaultlib
INFO: [VRFC 10-311] analyzing module task1_tb
