INFO: [VRFC 10-2263] Analyzing Verilog file "C:/Users/ddddd/OneDrive/Desktop/RISCV_Processor/RISCV-Processor/task2/RISCV Processor/project_1.srcs/sources_1/new/ALU_64_bit.v" into library xil_defaultlib
INFO: [VRFC 10-311] analyzing module ALU_64_bit
INFO: [VRFC 10-2263] Analyzing Verilog file "C:/Users/ddddd/OneDrive/Desktop/RISCV_Processor/RISCV-Processor/task2/RISCV Processor/project_1.srcs/sources_1/new/ALU_Control.v" into library xil_defaultlib
INFO: [VRFC 10-311] analyzing module ALU_Control
INFO: [VRFC 10-2263] Analyzing Verilog file "C:/Users/ddddd/OneDrive/Desktop/RISCV_Processor/RISCV-Processor/task2/RISCV Processor/project_1.srcs/sources_1/new/Control_Unit.v" into library xil_defaultlib
INFO: [VRFC 10-311] analyzing module Control_Unit
INFO: [VRFC 10-2263] Analyzing Verilog file "C:/Users/ddddd/OneDrive/Desktop/RISCV_Processor/RISCV-Processor/task2/RISCV Processor/project_1.srcs/sources_1/new/Data_Memory.v" into library xil_defaultlib
INFO: [VRFC 10-311] analyzing module Data_Memory
INFO: [VRFC 10-2263] Analyzing Verilog file "C:/Users/ddddd/OneDrive/Desktop/RISCV_Processor/RISCV-Processor/task2/RISCV Processor/project_1.srcs/sources_1/new/EX_MEM.v" into library xil_defaultlib
INFO: [VRFC 10-311] analyzing module EX_MEM
INFO: [VRFC 10-2263] Analyzing Verilog file "C:/Users/ddddd/OneDrive/Desktop/RISCV_Processor/RISCV-Processor/task2/RISCV Processor/project_1.srcs/sources_1/new/ID_EX.v" into library xil_defaultlib
INFO: [VRFC 10-311] analyzing module ID_EX
INFO: [VRFC 10-2263] Analyzing Verilog file "C:/Users/ddddd/OneDrive/Desktop/RISCV_Processor/RISCV-Processor/task2/RISCV Processor/project_1.srcs/sources_1/new/IF_ID.v" into library xil_defaultlib
INFO: [VRFC 10-311] analyzing module IF_ID
INFO: [VRFC 10-2263] Analyzing Verilog file "C:/Users/ddddd/OneDrive/Desktop/RISCV_Processor/RISCV-Processor/task2/RISCV Processor/project_1.srcs/sources_1/new/Instruction_Memory.v" into library xil_defaultlib
INFO: [VRFC 10-311] analyzing module Instruction_Memory
INFO: [VRFC 10-2263] Analyzing Verilog file "C:/Users/ddddd/OneDrive/Desktop/RISCV_Processor/RISCV-Processor/task2/RISCV Processor/project_1.srcs/sources_1/new/MEM_WB.v" into library xil_defaultlib
INFO: [VRFC 10-311] analyzing module MEM_WB
INFO: [VRFC 10-2263] Analyzing Verilog file "C:/Users/ddddd/OneDrive/Desktop/RISCV_Processor/RISCV-Processor/task2/RISCV Processor/project_1.srcs/sources_1/new/Program_Counter.v" into library xil_defaultlib
INFO: [VRFC 10-311] analyzing module Program_Counter
INFO: [VRFC 10-2263] Analyzing Verilog file "C:/Users/ddddd/OneDrive/Desktop/RISCV_Processor/RISCV-Processor/task2/RISCV Processor/project_1.srcs/sources_1/new/RegisterFile.v" into library xil_defaultlib
INFO: [VRFC 10-311] analyzing module registerFile
INFO: [VRFC 10-2263] Analyzing Verilog file "C:/Users/ddddd/OneDrive/Desktop/RISCV_Processor/RISCV-Processor/task2/RISCV Processor/project_1.srcs/sources_1/new/Task2.v" into library xil_defaultlib
INFO: [VRFC 10-311] analyzing module task2
INFO: [VRFC 10-2458] undeclared symbol IDEX_MemWrite_store, assumed default net type wire [C:/Users/ddddd/OneDrive/Desktop/RISCV_Processor/RISCV-Processor/task2/RISCV Processor/project_1.srcs/sources_1/new/Task2.v:177]
INFO: [VRFC 10-2458] undeclared symbol IDEX_MemRead_store, assumed default net type wire [C:/Users/ddddd/OneDrive/Desktop/RISCV_Processor/RISCV-Processor/task2/RISCV Processor/project_1.srcs/sources_1/new/Task2.v:178]
INFO: [VRFC 10-2458] undeclared symbol EXMEM_MemWrite_store, assumed default net type wire [C:/Users/ddddd/OneDrive/Desktop/RISCV_Processor/RISCV-Processor/task2/RISCV Processor/project_1.srcs/sources_1/new/Task2.v:242]
INFO: [VRFC 10-2458] undeclared symbol EXMEM_MemRead_store, assumed default net type wire [C:/Users/ddddd/OneDrive/Desktop/RISCV_Processor/RISCV-Processor/task2/RISCV Processor/project_1.srcs/sources_1/new/Task2.v:243]
INFO: [VRFC 10-2263] Analyzing Verilog file "C:/Users/ddddd/OneDrive/Desktop/RISCV_Processor/RISCV-Processor/task2/RISCV Processor/project_1.srcs/sources_1/new/adder.v" into library xil_defaultlib
INFO: [VRFC 10-311] analyzing module adder
INFO: [VRFC 10-2263] Analyzing Verilog file "C:/Users/ddddd/OneDrive/Desktop/RISCV_Processor/RISCV-Processor/task2/RISCV Processor/project_1.srcs/sources_1/new/imm_data_gen.v" into library xil_defaultlib
INFO: [VRFC 10-311] analyzing module imm_dat_gen
INFO: [VRFC 10-2263] Analyzing Verilog file "C:/Users/ddddd/OneDrive/Desktop/RISCV_Processor/RISCV-Processor/task2/RISCV Processor/project_1.srcs/sources_1/new/inst_parser.v" into library xil_defaultlib
INFO: [VRFC 10-311] analyzing module inst_parser
INFO: [VRFC 10-2263] Analyzing Verilog file "C:/Users/ddddd/OneDrive/Desktop/RISCV_Processor/RISCV-Processor/task2/RISCV Processor/project_1.srcs/sources_1/new/mux_2x1.v" into library xil_defaultlib
INFO: [VRFC 10-311] analyzing module mux_2x1
INFO: [VRFC 10-2263] Analyzing Verilog file "C:/Users/ddddd/OneDrive/Desktop/RISCV_Processor/RISCV-Processor/task2/RISCV Processor/project_1.srcs/sim_1/new/task2_tb.v" into library xil_defaultlib
INFO: [VRFC 10-311] analyzing module task2_tb
INFO: [VRFC 10-2263] Analyzing Verilog file "C:/Users/ddddd/OneDrive/Desktop/RISCV_Processor/RISCV-Processor/task2/RISCV Processor/project_1.sim/sim_1/behav/xsim/glbl.v" into library xil_defaultlib
INFO: [VRFC 10-311] analyzing module glbl
